
 Start         Length     Name                   Class
 0001:00401000 00098580H .text                   CODE
 0002:0049A000 00000B08H .itext                  ICODE
 0003:0049B000 00002990H .data                   DATA
 0004:0049E000 00004F04H .bss                    BSS
 0005:00000000 00000040H .tls                    TLS


Detailed map of segments

 0001:00000000 00005C81 C=CODE     S=.text    G=(none)   M=System   ACBP=A9
 0001:00005C84 00000105 C=CODE     S=.text    G=(none)   M=SysInit  ACBP=A9
 0001:00005D8C 0000007C C=CODE     S=.text    G=(none)   M=Types    ACBP=A9
 0001:00005E08 00000C94 C=CODE     S=.text    G=(none)   M=Windows  ACBP=A9
 0001:00006A9C 0000007D C=CODE     S=.text    G=(none)   M=ActiveX  ACBP=A9
 0001:00006B1C 00000310 C=CODE     S=.text    G=(none)   M=SysConst ACBP=A9
 0001:00006E2C 00007019 C=CODE     S=.text    G=(none)   M=SysUtils ACBP=A9
 0001:0000DE48 00000806 C=CODE     S=.text    G=(none)   M=VarUtils ACBP=A9
 0001:0000E650 000078E4 C=CODE     S=.text    G=(none)   M=Variants ACBP=A9
 0001:00015F34 00000110 C=CODE     S=.text    G=(none)   M=RTLConsts ACBP=A9
 0001:00016044 0000105F C=CODE     S=.text    G=(none)   M=TypInfo  ACBP=A9
 0001:000170A4 0000D521 C=CODE     S=.text    G=(none)   M=Classes  ACBP=A9
 0001:000245C8 00000285 C=CODE     S=.text    G=(none)   M=Contnrs  ACBP=A9
 0001:00024850 00001262 C=CODE     S=.text    G=(none)   M=HelpIntfs ACBP=A9
 0001:00025AB4 00000772 C=CODE     S=.text    G=(none)   M=MultiMon ACBP=A9
 0001:00026228 000001A4 C=CODE     S=.text    G=(none)   M=CommCtrl ACBP=A9
 0001:000263CC 00000360 C=CODE     S=.text    G=(none)   M=Consts   ACBP=A9
 0001:0002672C 0000005D C=CODE     S=.text    G=(none)   M=IniFiles ACBP=A9
 0001:0002678C 000005C5 C=CODE     S=.text    G=(none)   M=Registry ACBP=A9
 0001:00026D54 00009746 C=CODE     S=.text    G=(none)   M=Graphics ACBP=A9
 0001:0003049C 0000016A C=CODE     S=.text    G=(none)   M=SyncObjs ACBP=A9
 0001:00030608 00000BB9 C=CODE     S=.text    G=(none)   M=UxTheme  ACBP=A9
 0001:000311C4 00000194 C=CODE     S=.text    G=(none)   M=DwmApi   ACBP=A9
 0001:00031358 000001E4 C=CODE     S=.text    G=(none)   M=ShlObj   ACBP=A9
 0001:0003153C 00003DEC C=CODE     S=.text    G=(none)   M=StdCtrls ACBP=A9
 0001:00035328 0000003A C=CODE     S=.text    G=(none)   M=Printers ACBP=A9
 0001:00035364 00000006 C=CODE     S=.text    G=(none)   M=CommDlg  ACBP=A9
 0001:0003536C 00000047 C=CODE     S=.text    G=(none)   M=WideStrUtils ACBP=A9
 0001:000353B4 000000B0 C=CODE     S=.text    G=(none)   M=StrUtils ACBP=A9
 0001:00035464 00001856 C=CODE     S=.text    G=(none)   M=GraphUtil ACBP=A9
 0001:00036CBC 0000197E C=CODE     S=.text    G=(none)   M=ExtCtrls ACBP=A9
 0001:0003863C 00005C70 C=CODE     S=.text    G=(none)   M=Dialogs  ACBP=A9
 0001:0003E2AC 0000075A C=CODE     S=.text    G=(none)   M=Clipbrd  ACBP=A9
 0001:0003EA08 0000031B C=CODE     S=.text    G=(none)   M=StdActns ACBP=A9
 0001:0003ED24 0000030E C=CODE     S=.text    G=(none)   M=FlatSB   ACBP=A9
 0001:0003F034 00006A85 C=CODE     S=.text    G=(none)   M=Menus    ACBP=A9
 0001:00045ABC 00013F98 C=CODE     S=.text    G=(none)   M=Controls ACBP=A9
 0001:00059A54 00000D2A C=CODE     S=.text    G=(none)   M=Themes   ACBP=A9
 0001:0005A780 00001B95 C=CODE     S=.text    G=(none)   M=ImgList  ACBP=A9
 0001:0005C318 000018B2 C=CODE     S=.text    G=(none)   M=ActnList ACBP=A9
 0001:0005DBCC 0000F404 C=CODE     S=.text    G=(none)   M=Forms    ACBP=A9
 0001:0006CFD0 000021B0 C=CODE     S=.text    G=(none)   M=RzCommon ACBP=A9
 0001:0006F180 000040A9 C=CODE     S=.text    G=(none)   M=Buttons  ACBP=A9
 0001:0007322C 000000BA C=CODE     S=.text    G=(none)   M=RzButton ACBP=A9
 0001:000732E8 00001B63 C=CODE     S=.text    G=(none)   M=RzPanel  ACBP=A9
 0001:00074E4C 00000020 C=CODE     S=.text    G=(none)   M=ComConst ACBP=A9
 0001:00074E6C 00000E07 C=CODE     S=.text    G=(none)   M=ComObj   ACBP=A9
 0001:00075C74 0000003A C=CODE     S=.text    G=(none)   M=oleacc   ACBP=A9
 0001:00075CB0 00000C2E C=CODE     S=.text    G=(none)   M=ToolWin  ACBP=A9
 0001:000768E0 0000007C C=CODE     S=.text    G=(none)   M=ExtDlgs  ACBP=A9
 0001:0007695C 00000062 C=CODE     S=.text    G=(none)   M=Mapi     ACBP=A9
 0001:000769C0 0000004D C=CODE     S=.text    G=(none)   M=ExtActns ACBP=A9
 0001:00076A10 00000140 C=CODE     S=.text    G=(none)   M=ComCtrls ACBP=A9
 0001:00076B50 00000892 C=CODE     S=.text    G=(none)   M=ShadowWnd ACBP=A9
 0001:000773E4 000019F5 C=CODE     S=.text    G=(none)   M=ABAccessibility ACBP=A9
 0001:00078DDC 00000006 C=CODE     S=.text    G=(none)   M=MMSystem ACBP=A9
 0001:00078DE4 00004C82 C=CODE     S=.text    G=(none)   M=ActnMenus ACBP=A9
 0001:0007DA68 000011CE C=CODE     S=.text    G=(none)   M=ActnCtrls ACBP=A9
 0001:0007EC38 0000B106 C=CODE     S=.text    G=(none)   M=ActnMan  ACBP=A9
 0001:00089D40 00000061 C=CODE     S=.text    G=(none)   M=RzRadChk ACBP=A9
 0001:00089DA4 000003BA C=CODE     S=.text    G=(none)   M=RzCmboBx ACBP=A9
 0001:0008A160 00000A43 C=CODE     S=.text    G=(none)   M=MaskUtils ACBP=A9
 0001:0008ABA4 0000202B C=CODE     S=.text    G=(none)   M=Mask     ACBP=A9
 0001:0008CBD0 0000137F C=CODE     S=.text    G=(none)   M=RzEdit   ACBP=A9
 0001:0008DF50 0000269E C=CODE     S=.text    G=(none)   M=RzLabel  ACBP=A9
 0001:000905F0 00000A19 C=CODE     S=.text    G=(none)   M=RsControls ACBP=A9
 0001:0009100C 0000006D C=CODE     S=.text    G=(none)   M=RzFilSys ACBP=A9
 0001:0009107C 000000CD C=CODE     S=.text    G=(none)   M=RsDialogs ACBP=A9
 0001:0009114C 000003D0 C=CODE     S=.text    G=(none)   M=DateUtils ACBP=A9
 0001:0009151C 00000845 C=CODE     S=.text    G=(none)   M=JclUnitVersioning ACBP=A9
 0001:00091D64 0000013E C=CODE     S=.text    G=(none)   M=JclResources ACBP=A9
 0001:00091EA4 0000013A C=CODE     S=.text    G=(none)   M=JclBase  ACBP=A9
 0001:00091FE0 0000048A C=CODE     S=.text    G=(none)   M=JclMime  ACBP=A9
 0001:0009246C 000002DA C=CODE     S=.text    G=(none)   M=FastStrings ACBP=A9
 0001:00092748 0000189C C=CODE     S=.text    G=(none)   M=XMLVariants ACBP=A9
 0001:00093FE4 000032D2 C=CODE     S=.text    G=(none)   M=XMLWorks2 ACBP=A9
 0001:000972B8 00000744 C=CODE     S=.text    G=(none)   M=classXTaxTable ACBP=A9
 0001:000979FC 000007DC C=CODE     S=.text    G=(none)   M=formTaxLkpMain ACBP=A9
 0001:000981D8 000003A8 C=CODE     S=.text    G=(none)   M=TaxLkp   ACBP=A9
 0002:00000000 00000095 C=ICODE    S=.itext   G=(none)   M=System   ACBP=A9
 0002:00000098 00000011 C=ICODE    S=.itext   G=(none)   M=Windows  ACBP=A9
 0002:000000AC 00000088 C=ICODE    S=.itext   G=(none)   M=SysUtils ACBP=A9
 0002:00000134 0000000F C=ICODE    S=.itext   G=(none)   M=VarUtils ACBP=A9
 0002:00000144 000000AA C=ICODE    S=.itext   G=(none)   M=Variants ACBP=A9
 0002:000001F0 00000008 C=ICODE    S=.itext   G=(none)   M=TypInfo  ACBP=A9
 0002:000001F8 00000092 C=ICODE    S=.itext   G=(none)   M=Classes  ACBP=A9
 0002:0000028C 00000008 C=ICODE    S=.itext   G=(none)   M=HelpIntfs ACBP=A9
 0002:00000294 0000000F C=ICODE    S=.itext   G=(none)   M=MultiMon ACBP=A9
 0002:000002A4 00000008 C=ICODE    S=.itext   G=(none)   M=IniFiles ACBP=A9
 0002:000002AC 00000008 C=ICODE    S=.itext   G=(none)   M=Registry ACBP=A9
 0002:000002B4 000000FB C=ICODE    S=.itext   G=(none)   M=Graphics ACBP=A9
 0002:000003B0 0000001B C=ICODE    S=.itext   G=(none)   M=UxTheme  ACBP=A9
 0002:000003CC 00000008 C=ICODE    S=.itext   G=(none)   M=DwmApi   ACBP=A9
 0002:000003D4 00000008 C=ICODE    S=.itext   G=(none)   M=Printers ACBP=A9
 0002:000003DC 00000086 C=ICODE    S=.itext   G=(none)   M=GraphUtil ACBP=A9
 0002:00000464 00000044 C=ICODE    S=.itext   G=(none)   M=ExtCtrls ACBP=A9
 0002:000004A8 0000003D C=ICODE    S=.itext   G=(none)   M=Dialogs  ACBP=A9
 0002:000004E8 00000058 C=ICODE    S=.itext   G=(none)   M=Clipbrd  ACBP=A9
 0002:00000540 0000000F C=ICODE    S=.itext   G=(none)   M=FlatSB   ACBP=A9
 0002:00000550 00000085 C=ICODE    S=.itext   G=(none)   M=Menus    ACBP=A9
 0002:000005D8 0000008F C=ICODE    S=.itext   G=(none)   M=Controls ACBP=A9
 0002:00000668 00000008 C=ICODE    S=.itext   G=(none)   M=Themes   ACBP=A9
 0002:00000670 0000002A C=ICODE    S=.itext   G=(none)   M=ActnList ACBP=A9
 0002:0000069C 00000070 C=ICODE    S=.itext   G=(none)   M=Forms    ACBP=A9
 0002:0000070C 00000025 C=ICODE    S=.itext   G=(none)   M=Buttons  ACBP=A9
 0002:00000734 00000025 C=ICODE    S=.itext   G=(none)   M=RzButton ACBP=A9
 0002:0000075C 00000055 C=ICODE    S=.itext   G=(none)   M=ComObj   ACBP=A9
 0002:000007B4 00000014 C=ICODE    S=.itext   G=(none)   M=ExtDlgs  ACBP=A9
 0002:000007C8 00000008 C=ICODE    S=.itext   G=(none)   M=Mapi     ACBP=A9
 0002:000007D0 00000008 C=ICODE    S=.itext   G=(none)   M=ExtActns ACBP=A9
 0002:000007D8 00000008 C=ICODE    S=.itext   G=(none)   M=ComCtrls ACBP=A9
 0002:000007E0 0000001F C=ICODE    S=.itext   G=(none)   M=ActnMenus ACBP=A9
 0002:00000800 00000058 C=ICODE    S=.itext   G=(none)   M=ActnMan  ACBP=A9
 0002:00000858 00000128 C=ICODE    S=.itext   G=(none)   M=RzRadChk ACBP=A9
 0002:00000980 00000008 C=ICODE    S=.itext   G=(none)   M=RzCmboBx ACBP=A9
 0002:00000988 00000030 C=ICODE    S=.itext   G=(none)   M=RzFilSys ACBP=A9
 0002:000009B8 00000019 C=ICODE    S=.itext   G=(none)   M=JclUnitVersioning ACBP=A9
 0002:000009D4 00000019 C=ICODE    S=.itext   G=(none)   M=JclResources ACBP=A9
 0002:000009F0 00000019 C=ICODE    S=.itext   G=(none)   M=JclBase  ACBP=A9
 0002:00000A0C 00000019 C=ICODE    S=.itext   G=(none)   M=JclMime  ACBP=A9
 0002:00000A28 00000036 C=ICODE    S=.itext   G=(none)   M=FastStrings ACBP=A9
 0002:00000A60 00000025 C=ICODE    S=.itext   G=(none)   M=classXTaxTable ACBP=A9
 0002:00000A88 00000080 C=ICODE    S=.itext   G=(none)   M=TaxLkp   ACBP=A9
 0003:00000000 00000788 C=DATA     S=.data    G=DGROUP   M=System   ACBP=A9
 0003:00000788 00000020 C=DATA     S=.data    G=DGROUP   M=SysInit  ACBP=A9
 0003:000007A8 00000010 C=DATA     S=.data    G=DGROUP   M=ActiveX  ACBP=A9
 0003:000007B8 00000250 C=DATA     S=.data    G=DGROUP   M=SysUtils ACBP=A9
 0003:00000A08 00000110 C=DATA     S=.data    G=DGROUP   M=VarUtils ACBP=A9
 0003:00000B18 000001B2 C=DATA     S=.data    G=DGROUP   M=Variants ACBP=A9
 0003:00000CCC 0000000C C=DATA     S=.data    G=DGROUP   M=TypInfo  ACBP=A9
 0003:00000CD8 00000064 C=DATA     S=.data    G=DGROUP   M=Classes  ACBP=A9
 0003:00000D3C 00000008 C=DATA     S=.data    G=DGROUP   M=IniFiles ACBP=A9
 0003:00000D44 00000008 C=DATA     S=.data    G=DGROUP   M=Registry ACBP=A9
 0003:00000D4C 00000314 C=DATA     S=.data    G=DGROUP   M=Graphics ACBP=A9
 0003:00001060 00000020 C=DATA     S=.data    G=DGROUP   M=ShlObj   ACBP=A9
 0003:00001080 0000006C C=DATA     S=.data    G=DGROUP   M=StdCtrls ACBP=A9
 0003:000010EC 00000004 C=DATA     S=.data    G=DGROUP   M=Printers ACBP=A9
 0003:000010F0 000004B0 C=DATA     S=.data    G=DGROUP   M=GraphUtil ACBP=A9
 0003:000015A0 00000020 C=DATA     S=.data    G=DGROUP   M=ExtCtrls ACBP=A9
 0003:000015C0 000001E8 C=DATA     S=.data    G=DGROUP   M=Dialogs  ACBP=A9
 0003:000017A8 000000F4 C=DATA     S=.data    G=DGROUP   M=Menus    ACBP=A9
 0003:0000189C 00000140 C=DATA     S=.data    G=DGROUP   M=Controls ACBP=A9
 0003:000019DC 00000068 C=DATA     S=.data    G=DGROUP   M=Themes   ACBP=A9
 0003:00001A44 00000020 C=DATA     S=.data    G=DGROUP   M=ImgList  ACBP=A9
 0003:00001A64 0000013C C=DATA     S=.data    G=DGROUP   M=Forms    ACBP=A9
 0003:00001BA0 0000009C C=DATA     S=.data    G=DGROUP   M=RzCommon ACBP=A9
 0003:00001C3C 000000A8 C=DATA     S=.data    G=DGROUP   M=Buttons  ACBP=A9
 0003:00001CE4 0000002C C=DATA     S=.data    G=DGROUP   M=RzButton ACBP=A9
 0003:00001D10 00000030 C=DATA     S=.data    G=DGROUP   M=ComObj   ACBP=A9
 0003:00001D40 00000010 C=DATA     S=.data    G=DGROUP   M=oleacc   ACBP=A9
 0003:00001D50 00000020 C=DATA     S=.data    G=DGROUP   M=ToolWin  ACBP=A9
 0003:00001D70 00000018 C=DATA     S=.data    G=DGROUP   M=ExtDlgs  ACBP=A9
 0003:00001D88 00000008 C=DATA     S=.data    G=DGROUP   M=Mapi     ACBP=A9
 0003:00001D90 00000018 C=DATA     S=.data    G=DGROUP   M=ComCtrls ACBP=A9
 0003:00001DA8 00000040 C=DATA     S=.data    G=DGROUP   M=ABAccessibility ACBP=A9
 0003:00001DE8 00000030 C=DATA     S=.data    G=DGROUP   M=ActnMenus ACBP=A9
 0003:00001E18 00000008 C=DATA     S=.data    G=DGROUP   M=ActnCtrls ACBP=A9
 0003:00001E20 0000001A C=DATA     S=.data    G=DGROUP   M=ActnMan  ACBP=A9
 0003:00001E3C 00000158 C=DATA     S=.data    G=DGROUP   M=RzCmboBx ACBP=A9
 0003:00001F94 00000005 C=DATA     S=.data    G=DGROUP   M=MaskUtils ACBP=A9
 0003:00001F9C 00000004 C=DATA     S=.data    G=DGROUP   M=Mask     ACBP=A9
 0003:00001FA0 00000004 C=DATA     S=.data    G=DGROUP   M=RzLabel  ACBP=A9
 0003:00001FA4 00000004 C=DATA     S=.data    G=DGROUP   M=RsControls ACBP=A9
 0003:00001FA8 00000024 C=DATA     S=.data    G=DGROUP   M=JclUnitVersioning ACBP=A9
 0003:00001FCC 00000018 C=DATA     S=.data    G=DGROUP   M=JclResources ACBP=A9
 0003:00001FE4 00000018 C=DATA     S=.data    G=DGROUP   M=JclBase  ACBP=A9
 0003:00001FFC 00000458 C=DATA     S=.data    G=DGROUP   M=JclMime  ACBP=A9
 0003:00002454 00000005 C=DATA     S=.data    G=DGROUP   M=XMLWorks2 ACBP=A9
 0004:00000000 000027F4 C=BSS      S=.bss     G=DGROUP   M=System   ACBP=A9
 0004:000027F4 0000000C C=BSS      S=.bss     G=DGROUP   M=SysInit  ACBP=A9
 0004:00002800 00000008 C=BSS      S=.bss     G=DGROUP   M=Windows  ACBP=A9
 0004:00002808 00002108 C=BSS      S=.bss     G=DGROUP   M=SysUtils ACBP=A9
 0004:00004910 0000005C C=BSS      S=.bss     G=DGROUP   M=VarUtils ACBP=A9
 0004:0000496C 00000040 C=BSS      S=.bss     G=DGROUP   M=Variants ACBP=A9
 0004:000049AC 00000004 C=BSS      S=.bss     G=DGROUP   M=TypInfo  ACBP=A9
 0004:000049B0 00000040 C=BSS      S=.bss     G=DGROUP   M=Classes  ACBP=A9
 0004:000049F0 00000008 C=BSS      S=.bss     G=DGROUP   M=HelpIntfs ACBP=A9
 0004:000049F8 00000031 C=BSS      S=.bss     G=DGROUP   M=MultiMon ACBP=A9
 0004:00004A2C 0000000C C=BSS      S=.bss     G=DGROUP   M=CommCtrl ACBP=A9
 0004:00004A38 00000004 C=BSS      S=.bss     G=DGROUP   M=IniFiles ACBP=A9
 0004:00004A3C 00000004 C=BSS      S=.bss     G=DGROUP   M=Registry ACBP=A9
 0004:00004A40 00000060 C=BSS      S=.bss     G=DGROUP   M=Graphics ACBP=A9
 0004:00004AA0 000000DC C=BSS      S=.bss     G=DGROUP   M=UxTheme  ACBP=A9
 0004:00004B7C 00000010 C=BSS      S=.bss     G=DGROUP   M=DwmApi   ACBP=A9
 0004:00004B8C 00000008 C=BSS      S=.bss     G=DGROUP   M=ShlObj   ACBP=A9
 0004:00004B94 00000004 C=BSS      S=.bss     G=DGROUP   M=Printers ACBP=A9
 0004:00004B98 00000010 C=BSS      S=.bss     G=DGROUP   M=GraphUtil ACBP=A9
 0004:00004BA8 00000008 C=BSS      S=.bss     G=DGROUP   M=ExtCtrls ACBP=A9
 0004:00004BB0 00000038 C=BSS      S=.bss     G=DGROUP   M=Dialogs  ACBP=A9
 0004:00004BE8 0000000C C=BSS      S=.bss     G=DGROUP   M=Clipbrd  ACBP=A9
 0004:00004BF4 00000034 C=BSS      S=.bss     G=DGROUP   M=FlatSB   ACBP=A9
 0004:00004C28 00000010 C=BSS      S=.bss     G=DGROUP   M=Menus    ACBP=A9
 0004:00004C38 00000088 C=BSS      S=.bss     G=DGROUP   M=Controls ACBP=A9
 0004:00004CC0 0000000C C=BSS      S=.bss     G=DGROUP   M=Themes   ACBP=A9
 0004:00004CCC 00000008 C=BSS      S=.bss     G=DGROUP   M=ImgList  ACBP=A9
 0004:00004CD4 00000004 C=BSS      S=.bss     G=DGROUP   M=ActnList ACBP=A9
 0004:00004CD8 00000031 C=BSS      S=.bss     G=DGROUP   M=Forms    ACBP=A9
 0004:00004D0C 00000030 C=BSS      S=.bss     G=DGROUP   M=Buttons  ACBP=A9
 0004:00004D3C 00000030 C=BSS      S=.bss     G=DGROUP   M=RzButton ACBP=A9
 0004:00004D6C 00000011 C=BSS      S=.bss     G=DGROUP   M=ComObj   ACBP=A9
 0004:00004D80 00000004 C=BSS      S=.bss     G=DGROUP   M=ExtDlgs  ACBP=A9
 0004:00004D84 00000004 C=BSS      S=.bss     G=DGROUP   M=Mapi     ACBP=A9
 0004:00004D88 00000009 C=BSS      S=.bss     G=DGROUP   M=ExtActns ACBP=A9
 0004:00004D94 0000000C C=BSS      S=.bss     G=DGROUP   M=ComCtrls ACBP=A9
 0004:00004DA0 00000014 C=BSS      S=.bss     G=DGROUP   M=ActnMenus ACBP=A9
 0004:00004DB4 0000000C C=BSS      S=.bss     G=DGROUP   M=ActnMan  ACBP=A9
 0004:00004DC0 00000014 C=BSS      S=.bss     G=DGROUP   M=RzRadChk ACBP=A9
 0004:00004DD4 00000004 C=BSS      S=.bss     G=DGROUP   M=RzCmboBx ACBP=A9
 0004:00004DD8 00000008 C=BSS      S=.bss     G=DGROUP   M=RzFilSys ACBP=A9
 0004:00004DE0 00000004 C=BSS      S=.bss     G=DGROUP   M=JclUnitVersioning ACBP=A9
 0004:00004DE4 00000004 C=BSS      S=.bss     G=DGROUP   M=JclResources ACBP=A9
 0004:00004DE8 00000004 C=BSS      S=.bss     G=DGROUP   M=JclBase  ACBP=A9
 0004:00004DEC 00000004 C=BSS      S=.bss     G=DGROUP   M=JclMime  ACBP=A9
 0004:00004DF0 00000108 C=BSS      S=.bss     G=DGROUP   M=FastStrings ACBP=A9
 0004:00004EF8 00000008 C=BSS      S=.bss     G=DGROUP   M=classXTaxTable ACBP=A9
 0004:00004F00 00000004 C=BSS      S=.bss     G=DGROUP   M=formTaxLkpMain ACBP=A9
 0005:00000000 00000008 C=TLS      S=.tls     G=(none)   M=System   ACBP=A9
 0005:00000008 00000008 C=TLS      S=.tls     G=(none)   M=Classes  ACBP=A9
 0005:00000010 00000030 C=TLS      S=.tls     G=(none)   M=GraphUtil ACBP=A9


  Address             Publics by Name

 0001:000775AC       ABAccessibility..TActionBarAccessibility
 0001:000777BC       ABAccessibility..TActionMenuBarAccessibility
 0003:00001DB0       ABAccessibility.HasPopup
 0003:00001DD0       ABAccessibility.HasPopup
 0003:00001DC0       ABAccessibility.IsChecked
 0003:00001DE0       ABAccessibility.IsChecked
 0003:00001DA8       ABAccessibility.IsEnabled
 0003:00001DC8       ABAccessibility.IsEnabled
 0003:00001DD8       ABAccessibility.IsVisible
 0003:00001DB8       ABAccessibility.IsVisible
 0001:00077824       ABAccessibility.TActionBarAccessibility.accDoDefaultAction
 0001:00077868       ABAccessibility.TActionBarAccessibility.accHitTest
 0001:000779AC       ABAccessibility.TActionBarAccessibility.accLocation
 0001:00077ACC       ABAccessibility.TActionBarAccessibility.accNavigate
 0001:00078454       ABAccessibility.TActionBarAccessibility.accSelect
 0001:00077B4C       ABAccessibility.TActionBarAccessibility.Create
 0001:00077B9C       ABAccessibility.TActionBarAccessibility.GetIDsOfNames
 0001:00077BA8       ABAccessibility.TActionBarAccessibility.GetTypeInfo
 0001:00077BB4       ABAccessibility.TActionBarAccessibility.GetTypeInfoCount
 0001:00077BC0       ABAccessibility.TActionBarAccessibility.Get_accChild
 0001:00077CEC       ABAccessibility.TActionBarAccessibility.Get_accChildCount
 0001:00077D0C       ABAccessibility.TActionBarAccessibility.Get_accDefaultAction
 0001:00077D5C       ABAccessibility.TActionBarAccessibility.Get_accDescription
 0001:00077EBC       ABAccessibility.TActionBarAccessibility.Get_accFocus
 0001:00077EE0       ABAccessibility.TActionBarAccessibility.Get_accHelp
 0001:00077F30       ABAccessibility.TActionBarAccessibility.Get_accHelpTopic
 0001:00077FEC       ABAccessibility.TActionBarAccessibility.Get_accKeyboardShortcut
 0001:00078184       ABAccessibility.TActionBarAccessibility.Get_accName
 0001:0007832C       ABAccessibility.TActionBarAccessibility.Get_accParent
 0001:00078360       ABAccessibility.TActionBarAccessibility.Get_accRole
 0001:00077B28       ABAccessibility.TActionBarAccessibility.Get_accSelection
 0001:00078498       ABAccessibility.TActionBarAccessibility.Get_accState
 0001:00078724       ABAccessibility.TActionBarAccessibility.Get_accValue
 0001:0007877C       ABAccessibility.TActionBarAccessibility.Invoke
 0001:00078788       ABAccessibility.TActionBarAccessibility.Set_accName
 0001:000787CC       ABAccessibility.TActionBarAccessibility.Set_accValue
 0001:00078810       ABAccessibility.TActionMenuBarAccessibility.Get_accChild
 0001:0007893C       ABAccessibility.TActionMenuBarAccessibility.Get_accDescription
 0001:00078A0C       ABAccessibility.TActionMenuBarAccessibility.Get_accRole
 0001:00078AD8       ABAccessibility.TActionMenuBarAccessibility.Get_accState
 0001:00006AE0       ActiveX.CoCreateInstance
 0001:00006AD0       ActiveX.CoInitialize
 0001:00006AE8       ActiveX.CoTaskMemAlloc
 0001:00006AF0       ActiveX.CoTaskMemFree
 0001:00006AD8       ActiveX.CoUninitialize
 0001:00006B08       ActiveX.GetErrorInfo
 0003:000007A8       ActiveX.GUID_NULL
 0001:00006B10       ActiveX.Succeeded
 0001:00006AF8       ActiveX.SysFreeString
 0001:00006B00       ActiveX.VariantInit
 0001:0007DDC0       ActnCtrls..TCustomActionDockBar
 0001:0007DA68       ActnCtrls..TCustomButtonControl
 0001:0007DC24       ActnCtrls..TCustomUtilityButton
 0003:00001E18       ActnCtrls.Offset
 0001:0007EA7C       ActnCtrls.TCustomActionDockBar.CalcDockedWidth
 0001:0007EA34       ActnCtrls.TCustomActionDockBar.Create
 0001:0007EAB8       ActnCtrls.TCustomActionDockBar.Dock
 0001:0007EB40       ActnCtrls.TCustomActionDockBar.DoEndDock
 0001:0007EB6C       ActnCtrls.TCustomActionDockBar.DoStartDock
 0001:0007EC30       ActnCtrls.TCustomActionDockBar.GetFloatingDockSiteClass
 0001:0007EB98       ActnCtrls.TCustomActionDockBar.GetSiteInfo
 0001:0007EBF8       ActnCtrls.TCustomActionDockBar.Loaded
 0001:0007E01C       ActnCtrls.TCustomButtonControl.CalcBounds
 0001:0007E034       ActnCtrls.TCustomButtonControl.Click
 0001:0007E6E8       ActnCtrls.TCustomButtonControl.CMDialogChar
 0001:0007E04C       ActnCtrls.TCustomButtonControl.CMEnabledChanged
 0001:0007E0C0       ActnCtrls.TCustomButtonControl.CMMouseEnter
 0001:0007E110       ActnCtrls.TCustomButtonControl.CMMouseLeave
 0001:0007E064       ActnCtrls.TCustomButtonControl.CMTextChanged
 0001:0007DFCC       ActnCtrls.TCustomButtonControl.Create
 0001:0007E174       ActnCtrls.TCustomButtonControl.DrawBackground
 0001:0007E1D8       ActnCtrls.TCustomButtonControl.DrawFrame
 0001:0007E690       ActnCtrls.TCustomButtonControl.DrawLargeGlyph
 0001:0007E1DC       ActnCtrls.TCustomButtonControl.GetShowShortCut
 0001:0007E1E0       ActnCtrls.TCustomButtonControl.Loaded
 0001:0007E210       ActnCtrls.TCustomButtonControl.MouseDown
 0001:0007E26C       ActnCtrls.TCustomButtonControl.MouseMove
 0001:0007E314       ActnCtrls.TCustomButtonControl.MouseUp
 0001:0007E460       ActnCtrls.TCustomButtonControl.Paint
 0001:0007E4C8       ActnCtrls.TCustomButtonControl.SetActionClient
 0001:0007E5C4       ActnCtrls.TCustomButtonControl.SetBounds
 0001:0007E504       ActnCtrls.TCustomButtonControl.SetDown
 0001:0007E570       ActnCtrls.TCustomButtonControl.SetFlat
 0001:0007E678       ActnCtrls.TCustomButtonControl.SetGlyphLayout
 0001:0007E590       ActnCtrls.TCustomButtonControl.SetSelected
 0001:0007E5A4       ActnCtrls.TCustomButtonControl.SetState
 0001:0007E5E8       ActnCtrls.TCustomButtonControl.UpdateTracking
 0001:0007E654       ActnCtrls.TCustomButtonControl.WMLButtonDblClk
 0001:0007E7B4       ActnCtrls.TCustomUtilityButton.Click
 0001:0007E7D4       ActnCtrls.TCustomUtilityButton.CMMouseEnter
 0001:0007E7F8       ActnCtrls.TCustomUtilityButton.CMMouseLeave
 0001:0007E6F4       ActnCtrls.TCustomUtilityButton.Create
 0001:0007E784       ActnCtrls.TCustomUtilityButton.Destroy
 0001:0007E814       ActnCtrls.TCustomUtilityButton.DrawArrows
 0001:0007E924       ActnCtrls.TCustomUtilityButton.MouseDown
 0001:0007E960       ActnCtrls.TCustomUtilityButton.OnDelay
 0001:0007EA00       ActnCtrls.TCustomUtilityButton.Paint
 0001:0007E9A0       ActnCtrls.TCustomUtilityButton.SetArrowSize
 0001:0007E9C0       ActnCtrls.TCustomUtilityButton.SetArrowType
 0001:0007E9E0       ActnCtrls.TCustomUtilityButton.SetDirection
 0004:00004CD4       ActnList..9
 0001:0005C814       ActnList..TAction
 0001:0005CB1C       ActnList..TActionLink
 0001:0005C318       ActnList..TContainedAction
 0001:0005C70C       ActnList..TCustomAction
 0001:0005C4D4       ActnList..TCustomActionList
 0001:0005C5B4       ActnList..TShortCutList
 0002:00000670       ActnList.ActnList
 0001:0005DB9C       ActnList.Finalization
 0001:0005DB1C       ActnList.TAction.Create
 0001:0005D20C       ActnList.TActionLink.IsCaptionLinked
 0001:0005D220       ActnList.TActionLink.IsCheckedLinked
 0001:0005D234       ActnList.TActionLink.IsEnabledLinked
 0001:0005D248       ActnList.TActionLink.IsGroupIndexLinked
 0001:0005D25C       ActnList.TActionLink.IsHelpContextLinked
 0001:0005D270       ActnList.TActionLink.IsHelpLinked
 0001:0005D284       ActnList.TActionLink.IsHintLinked
 0001:0005D298       ActnList.TActionLink.IsImageIndexLinked
 0001:0005D2AC       ActnList.TActionLink.IsShortCutLinked
 0001:0005D2C0       ActnList.TActionLink.IsVisibleLinked
 0001:0005D2D4       ActnList.TActionLink.SetAutoCheck
 0001:0005D2D8       ActnList.TActionLink.SetCaption
 0001:0005D2DC       ActnList.TActionLink.SetChecked
 0001:0005D2E0       ActnList.TActionLink.SetEnabled
 0001:0005D2E4       ActnList.TActionLink.SetGroupIndex
 0001:0005D2E8       ActnList.TActionLink.SetHelpContext
 0001:0005D2EC       ActnList.TActionLink.SetHelpKeyword
 0001:0005D2F0       ActnList.TActionLink.SetHelpType
 0001:0005D2F4       ActnList.TActionLink.SetHint
 0001:0005D2F8       ActnList.TActionLink.SetImageIndex
 0001:0005D2FC       ActnList.TActionLink.SetShortCut
 0001:0005D300       ActnList.TActionLink.SetVisible
 0001:0005CBEC       ActnList.TContainedAction.Destroy
 0001:0005CD58       ActnList.TContainedAction.Execute
 0001:0005CC20       ActnList.TContainedAction.GetIndex
 0001:0005CC3C       ActnList.TContainedAction.GetParentComponent
 0001:0005CC4C       ActnList.TContainedAction.HasParent
 0001:0005CC38       ActnList.TContainedAction.IsCategoryStored
 0001:0005CC5C       ActnList.TContainedAction.ReadState
 0001:0005CD04       ActnList.TContainedAction.SetActionList
 0001:0005CCD8       ActnList.TContainedAction.SetCategory
 0001:0005CC90       ActnList.TContainedAction.SetIndex
 0001:0005CD2C       ActnList.TContainedAction.SetParentComponent
 0001:0005CDB0       ActnList.TContainedAction.Update
 0001:0005D3A8       ActnList.TCustomAction.AssignTo
 0001:0005D304       ActnList.TCustomAction.Create
 0001:0005D358       ActnList.TCustomAction.Destroy
 0001:0005D9D8       ActnList.TCustomAction.DoHint
 0001:0005DA00       ActnList.TCustomAction.Execute
 0001:0005DA64       ActnList.TCustomAction.GetSecondaryShortCuts
 0001:0005DAE4       ActnList.TCustomAction.HandleShortCut
 0001:0005DAC0       ActnList.TCustomAction.IsSecondaryShortCutsStored
 0001:0005D458       ActnList.TCustomAction.SetAutoCheck
 0001:0005D4B8       ActnList.TCustomAction.SetCaption
 0001:0005D518       ActnList.TCustomAction.SetChecked
 0001:0005D620       ActnList.TCustomAction.SetEnabled
 0001:0005D69C       ActnList.TCustomAction.SetGroupIndex
 0001:0005D7B4       ActnList.TCustomAction.SetHelpContext
 0001:0005D74C       ActnList.TCustomAction.SetHelpKeyword
 0001:0005D6F4       ActnList.TCustomAction.SetHelpType
 0001:0005D80C       ActnList.TCustomAction.SetHint
 0001:0005D86C       ActnList.TCustomAction.SetImageIndex
 0001:0005D98C       ActnList.TCustomAction.SetName
 0001:0005DA8C       ActnList.TCustomAction.SetSecondaryShortCuts
 0001:0005D8C8       ActnList.TCustomAction.SetShortCut
 0001:0005D92C       ActnList.TCustomAction.SetVisible
 0001:0005CFE0       ActnList.TCustomActionList.AddAction
 0001:0005D01C       ActnList.TCustomActionList.Change
 0001:0005CE08       ActnList.TCustomActionList.Create
 0001:0005CE74       ActnList.TCustomActionList.Destroy
 0001:0005D128       ActnList.TCustomActionList.ExecuteAction
 0001:0005CF3C       ActnList.TCustomActionList.GetAction
 0001:0005CF50       ActnList.TCustomActionList.GetActionCount
 0001:0005CEC4       ActnList.TCustomActionList.GetChildren
 0001:0005CF8C       ActnList.TCustomActionList.ImageListChange
 0001:0005D084       ActnList.TCustomActionList.IsShortCut
 0001:0005CF98       ActnList.TCustomActionList.Notification
 0001:0005D000       ActnList.TCustomActionList.RemoveAction
 0001:0005CF0C       ActnList.TCustomActionList.SetChildOrder
 0001:0005CF58       ActnList.TCustomActionList.SetImages
 0001:0005D168       ActnList.TCustomActionList.SetState
 0001:0005D148       ActnList.TCustomActionList.UpdateAction
 0001:0005DAF0       ActnList.TShortCutList.Add
 0001:0005DB58       ActnList.TShortCutList.IndexOfShortCut
 0004:00004DBC       ActnMan..32
 0001:0007F810       ActnMan..TActionBarItem
 0001:0007F938       ActnMan..TActionBars
 0001:0007EE0C       ActnMan..TActionBarStyle
 0001:0007F620       ActnMan..TActionClient
 0001:0007FD20       ActnMan..TActionClientItem
 0001:0007FC28       ActnMan..TActionClientLink
 0001:0007FABC       ActnMan..TActionClients
 0001:0007F494       ActnMan..TActionClientsCollection
 0001:0007FF98       ActnMan..TActionDragBaseClass
 0001:00080020       ActnMan..TActionDragObject
 0001:0008013C       ActnMan..TActionItemDragObject
 0001:0007F3D8       ActnMan..TActionListCollection
 0001:0007F2D8       ActnMan..TActionListItem
 0001:0007EFA8       ActnMan..TActionManager
 0001:000800A4       ActnMan..TCategoryDragObject
 0001:0008029C       ActnMan..TCustomActionBar
 0001:000801C4       ActnMan..TCustomActionBarColorMap
 0001:000804C8       ActnMan..TCustomActionControl
 0001:0007EEA0       ActnMan..TCustomActionManager
 0001:00080698       ActnMan..TXToolDockForm
 0003:00001E28       ActnMan.ActionBarDesigner
 0004:00004DB4       ActnMan.ActionBarStyles
 0002:00000800       ActnMan.ActnMan
 0003:00001E38       ActnMan.BrushStyle
 0003:00001E34       ActnMan.BrushStyle
 0003:00001E24       ActnMan.cDefaultSchedule
 0001:000841A8       ActnMan.CheckImageList
 0001:00084B6C       ActnMan.ColorProc
 0003:00001E20       ActnMan.ControlDragMode
 0001:00081F8C       ActnMan.CopyToBest
 0004:00004DB8       ActnMan.DefaultActnBarStyle
 0001:00089CF0       ActnMan.Finalization
 0001:00084BB8       ActnMan.FontColorProc
 0001:00081F5C       ActnMan.IfHotkeyAvailable
 0001:00082010       ActnMan.InsertHotkeyFarEastFormat
 0001:00080910       ActnMan.NotifyDesigner
 0001:00085F00       ActnMan.PointToRow
 0001:000814F4       ActnMan.PrioritySort
 0003:00001E2C       ActnMan.SepSize
 0001:00080B3C       ActnMan.StyleNameStored
 0001:00082F84       ActnMan.TActionBarItem.ColorChanged
 0001:00082FAC       ActnMan.TActionBarItem.Create
 0001:00082FE8       ActnMan.TActionBarItem.GetDisplayName
 0001:0008302C       ActnMan.TActionBarItem.Refresh
 0001:00083044       ActnMan.TActionBarItem.SetAutoSize
 0001:00083060       ActnMan.TActionBarItem.SetGlyphLayout
 0001:0008316C       ActnMan.TActionBarItem.SetVisible
 0001:000831E0       ActnMan.TActionBars.Add
 0001:00083188       ActnMan.TActionBars.Create
 0001:000831EC       ActnMan.TActionBars.DoShowHint
 0001:00083228       ActnMan.TActionBars.GetActionBar
 0001:0008323C       ActnMan.TActionBars.GetHintShortCuts
 0001:00083258       ActnMan.TActionBars.Loaded
 0001:000832C4       ActnMan.TActionBars.Notify
 0001:00083320       ActnMan.TActionBars.SetHintShortCuts
 0001:00083308       ActnMan.TActionBars.SetShowHints
 0001:00089C74       ActnMan.TActionBarStyleList.GetStyle
 0001:000828D4       ActnMan.TActionClient.AreContextItemsStored
 0001:00082920       ActnMan.TActionClient.Assign
 0001:00082A10       ActnMan.TActionClient.ClearActionBar
 0001:00082A18       ActnMan.TActionClient.ColorChanged
 0001:00082810       ActnMan.TActionClient.Create
 0001:00082870       ActnMan.TActionClient.Destroy
 0001:00082A1C       ActnMan.TActionClient.FreeChildren
 0001:00082A7C       ActnMan.TActionClient.GetBackground
 0001:00082A9C       ActnMan.TActionClient.GetContextItems
 0001:00082AD0       ActnMan.TActionClient.GetHasItems
 0001:00082B10       ActnMan.TActionClient.GetItems
 0001:00082BAC       ActnMan.TActionClient.GetOwningCollection
 0001:00082BB0       ActnMan.TActionClient.HasBackground
 0001:00082BD8       ActnMan.TActionClient.HasVisibleItems
 0001:00082C4C       ActnMan.TActionClient.IsBackgroundStored
 0001:00082C74       ActnMan.TActionClient.IsChildItem
 0001:00082CC8       ActnMan.TActionClient.IsItemsStored
 0001:00082D14       ActnMan.TActionClient.Refresh
 0001:00082D18       ActnMan.TActionClient.SetActionBar
 0001:00082E28       ActnMan.TActionClient.SetBackground
 0001:00082EA8       ActnMan.TActionClient.SetBackgroundLayout
 0001:00082F40       ActnMan.TActionClient.SetChangesAllowed
 0001:00082F5C       ActnMan.TActionClient.SetColor
 0001:00082F70       ActnMan.TActionClient.SetContextItems
 0001:00082E10       ActnMan.TActionClient.SetItems
 0001:00082F74       ActnMan.TActionClient.SetVisible
 0001:00083D64       ActnMan.TActionClientItem.ActionChange
 0001:00083E98       ActnMan.TActionClientItem.Assign
 0001:00083FE4       ActnMan.TActionClientItem.ColorChanged
 0001:00083CC8       ActnMan.TActionClientItem.Create
 0001:00083D2C       ActnMan.TActionClientItem.Destroy
 0001:0008401C       ActnMan.TActionClientItem.DoActionChange
 0001:0008404C       ActnMan.TActionClientItem.GetAction
 0001:00084040       ActnMan.TActionClientItem.GetActionClients
 0001:00084044       ActnMan.TActionClientItem.GetActionLinkClass
 0001:0008405C       ActnMan.TActionClientItem.GetCaption
 0001:000840EC       ActnMan.TActionClientItem.GetDisplayName
 0001:00082AF0       ActnMan.TActionClientItem.GetParentItem
 0001:000841E4       ActnMan.TActionClientItem.HasGlyph
 0001:00084244       ActnMan.TActionClientItem.InitiateAction
 0001:00084254       ActnMan.TActionClientItem.IsCaptionStored
 0001:00084A4C       ActnMan.TActionClientItem.IsHelpContextStored
 0001:00084320       ActnMan.TActionClientItem.Refresh
 0001:00084338       ActnMan.TActionClientItem.ResetUsageData
 0001:000843EC       ActnMan.TActionClientItem.SetAction
 0001:000844F8       ActnMan.TActionClientItem.SetCaption
 0001:0008484C       ActnMan.TActionClientItem.SetChangesAllowed
 0001:000848B8       ActnMan.TActionClientItem.SetCollection
 0001:00084588       ActnMan.TActionClientItem.SetControl
 0001:000845CC       ActnMan.TActionClientItem.SetImageIndex
 0001:000845F8       ActnMan.TActionClientItem.SetIndex
 0001:0008461C       ActnMan.TActionClientItem.SetLastSession
 0001:0008462C       ActnMan.TActionClientItem.SetMergeIndex
 0001:000846B8       ActnMan.TActionClientItem.SetShortCut
 0001:0008471C       ActnMan.TActionClientItem.SetShowCaption
 0001:00084898       ActnMan.TActionClientItem.SetShowGlyph
 0001:00084774       ActnMan.TActionClientItem.SetShowShortCut
 0001:000847A0       ActnMan.TActionClientItem.SetUsageCount
 0001:000847D0       ActnMan.TActionClientItem.SetVisible
 0001:000848EC       ActnMan.TActionClientItem.Unused
 0001:0008381C       ActnMan.TActionClientLink.AssignClient
 0001:00083838       ActnMan.TActionClientLink.DoShowHint
 0001:00083928       ActnMan.TActionClientLink.IsCaptionLinked
 0001:000839EC       ActnMan.TActionClientLink.IsEnabledLinked
 0001:00083A2C       ActnMan.TActionClientLink.IsHelpContextLinked
 0001:00083A5C       ActnMan.TActionClientLink.IsHintLinked
 0001:00083AA0       ActnMan.TActionClientLink.IsImageIndexLinked
 0001:00083AE4       ActnMan.TActionClientLink.IsOnExecuteLinked
 0001:00083B18       ActnMan.TActionClientLink.IsShortCutLinked
 0001:00083B4C       ActnMan.TActionClientLink.IsVisibleLinked
 0001:00083B80       ActnMan.TActionClientLink.SetCaption
 0001:00083BA0       ActnMan.TActionClientLink.SetChecked
 0001:00083BD0       ActnMan.TActionClientLink.SetEnabled
 0001:00083BF4       ActnMan.TActionClientLink.SetHelpContext
 0001:00083C10       ActnMan.TActionClientLink.SetHint
 0001:00083C38       ActnMan.TActionClientLink.SetImageIndex
 0001:00083C58       ActnMan.TActionClientLink.SetOnExecute
 0001:00083C88       ActnMan.TActionClientLink.SetShortCut
 0001:00083CA8       ActnMan.TActionClientLink.SetVisible
 0001:00083388       ActnMan.TActionClients.Add
 0001:00083394       ActnMan.TActionClients.Assign
 0001:00083338       ActnMan.TActionClients.Create
 0001:000833F0       ActnMan.TActionClients.DoHideUnused
 0001:00083434       ActnMan.TActionClients.DoShowCaptions
 0001:00083470       ActnMan.TActionClients.GetActionClient
 0001:00083484       ActnMan.TActionClients.Notify
 0001:00083610       ActnMan.TActionClients.SetCaptionOptions
 0001:0008369C       ActnMan.TActionClients.SetHideUnused
 0001:000836C8       ActnMan.TActionClients.SetSmallIcons
 0001:00083758       ActnMan.TActionClients.ToggleSmallIcons
 0001:000837E8       ActnMan.TActionClients.VisibleCount
 0001:00082694       ActnMan.TActionClientsCollection.AfterConstruction
 0001:00081F30       ActnMan.TActionClientsCollection.GetActionClient
 0001:00081F44       ActnMan.TActionClientsCollection.GetActionManager
 0001:00082190       ActnMan.TActionClientsCollection.InternalRethinkHotkeys
 0001:000826DC       ActnMan.TActionClientsCollection.IterateClients
 0001:00082800       ActnMan.TActionClientsCollection.SetAutoHotKeys
 0001:00084A6C       ActnMan.TActionDragObject.Destroy
 0001:00084A9C       ActnMan.TActionDragObject.GetAction
 0001:00084AD0       ActnMan.TActionDragObject.GetActionCount
 0001:00084AD8       ActnMan.TActionItemDragObject.Finished
 0001:00081F10       ActnMan.TActionListCollection.GetActionManager
 0001:00081F1C       ActnMan.TActionListCollection.GetListItem
 0001:00081D44       ActnMan.TActionListItem.Assign
 0001:00081E0C       ActnMan.TActionListItem.GetCaption
 0001:00081E58       ActnMan.TActionListItem.GetDisplayName
 0001:00081E7C       ActnMan.TActionListItem.Owner
 0001:00081E80       ActnMan.TActionListItem.SetActionList
 0001:0008501C       ActnMan.TCustomActionBar.AlignControls
 0001:00085048       ActnMan.TCustomActionBar.AutoSizingChanged
 0001:0008504C       ActnMan.TCustomActionBar.CalcInsertPosition
 0001:00085130       ActnMan.TCustomActionBar.Clear
 0001:000851C0       ActnMan.TCustomActionBar.CMEnabledchanged
 0001:00087A84       ActnMan.TCustomActionBar.CMMouseLeave
 0001:00086DE8       ActnMan.TCustomActionBar.CMResetBar
 0001:00087A38       ActnMan.TCustomActionBar.CMWinINIChange
 0001:00084F08       ActnMan.TCustomActionBar.Create
 0001:000851DC       ActnMan.TCustomActionBar.CreateControl
 0001:000852D8       ActnMan.TCustomActionBar.CreateControls
 0001:000853D8       ActnMan.TCustomActionBar.CustomAlignInsertBefore
 0001:00085518       ActnMan.TCustomActionBar.CustomAlignPosition
 0001:00087AC8       ActnMan.TCustomActionBar.DesignWndProc
 0001:00084FD8       ActnMan.TCustomActionBar.Destroy
 0001:00085D38       ActnMan.TCustomActionBar.DoControlCreated
 0001:0008697C       ActnMan.TCustomActionBar.DoDropActions
 0001:00086A2C       ActnMan.TCustomActionBar.DoDropCategory
 0001:00086FEC       ActnMan.TCustomActionBar.DoDropItem
 0001:00085D00       ActnMan.TCustomActionBar.DoGetControlClass
 0001:00085B98       ActnMan.TCustomActionBar.DragDrop
 0001:00085B34       ActnMan.TCustomActionBar.DragOver
 0001:000859C8       ActnMan.TCustomActionBar.DrawBackground
 0001:00085D58       ActnMan.TCustomActionBar.FindAccelItem
 0001:00085E14       ActnMan.TCustomActionBar.FindFirst
 0001:00085EC4       ActnMan.TCustomActionBar.FindFirstVisibleItem
 0001:00085E4C       ActnMan.TCustomActionBar.FindLast
 0001:00085E84       ActnMan.TCustomActionBar.FindLastVisibleItem
 0001:00085F9C       ActnMan.TCustomActionBar.FindNearestControl
 0001:000861DC       ActnMan.TCustomActionBar.FindNext
 0001:000861A0       ActnMan.TCustomActionBar.FindNextVisibleItem
 0001:00086268       ActnMan.TCustomActionBar.FindPrevious
 0001:00086B6C       ActnMan.TCustomActionBar.FindPreviousVisibleItem
 0001:000862E4       ActnMan.TCustomActionBar.GetActionControl
 0001:00086F88       ActnMan.TCustomActionBar.GetAutoSizing
 0001:00086318       ActnMan.TCustomActionBar.GetBannerWidth
 0001:00086BF4       ActnMan.TCustomActionBar.GetBarHeight
 0001:00086CA8       ActnMan.TCustomActionBar.GetBarWidth
 0001:00087A58       ActnMan.TCustomActionBar.GetColorMap
 0001:00086390       ActnMan.TCustomActionBar.GetControlClass
 0001:000872BC       ActnMan.TCustomActionBar.GetDefaultColorMapClass
 0001:00086D74       ActnMan.TCustomActionBar.GetDesignMode
 0001:000863AC       ActnMan.TCustomActionBar.GetItems
 0001:00087A50       ActnMan.TCustomActionBar.GetPopupMenuClass
 0001:000863D8       ActnMan.TCustomActionBar.HasItems
 0001:0008641C       ActnMan.TCustomActionBar.ItemCount
 0001:00086448       ActnMan.TCustomActionBar.Loaded
 0001:00087344       ActnMan.TCustomActionBar.NCPaint
 0001:00086484       ActnMan.TCustomActionBar.Notification
 0001:000864D8       ActnMan.TCustomActionBar.Paint
 0001:00086500       ActnMan.TCustomActionBar.PaintWindow
 0001:000870FC       ActnMan.TCustomActionBar.RecreateControls
 0001:00086DF4       ActnMan.TCustomActionBar.Reset
 0001:000865AC       ActnMan.TCustomActionBar.SetActionClient
 0001:0008692C       ActnMan.TCustomActionBar.SetActionManager
 0001:00086FB4       ActnMan.TCustomActionBar.SetAutoSizing
 0001:00086BA0       ActnMan.TCustomActionBar.SetBiDiMode
 0001:00087150       ActnMan.TCustomActionBar.SetBounds
 0001:0008723C       ActnMan.TCustomActionBar.SetColorMap
 0001:00086628       ActnMan.TCustomActionBar.SetDesignMode
 0001:00086D98       ActnMan.TCustomActionBar.SetHorzMargin
 0001:00086884       ActnMan.TCustomActionBar.SetOrientation
 0001:00086968       ActnMan.TCustomActionBar.SetPersistentHotKeys
 0001:00086918       ActnMan.TCustomActionBar.SetSpacing
 0001:000872D4       ActnMan.TCustomActionBar.SetupDefaultColorMap
 0001:00086DC0       ActnMan.TCustomActionBar.SetVertMargin
 0001:00087AFC       ActnMan.TCustomActionBar.Style
 0001:00086E74       ActnMan.TCustomActionBar.VisibleChanging
 0001:00086EF4       ActnMan.TCustomActionBar.WMContextMenu
 0001:00087204       ActnMan.TCustomActionBar.WMPaint
 0001:00084BD4       ActnMan.TCustomActionBarColorMap.Add
 0001:00084E34       ActnMan.TCustomActionBarColorMap.Assign
 0001:00084C14       ActnMan.TCustomActionBarColorMap.Create
 0001:00084C60       ActnMan.TCustomActionBarColorMap.Destroy
 0001:00084C90       ActnMan.TCustomActionBarColorMap.GetDisabledColor
 0001:00084CA8       ActnMan.TCustomActionBarColorMap.GetUnusedColor
 0001:00084CC4       ActnMan.TCustomActionBarColorMap.Notification
 0001:00084D0C       ActnMan.TCustomActionBarColorMap.Remove
 0001:00084D40       ActnMan.TCustomActionBarColorMap.SetColor
 0001:00084DA8       ActnMan.TCustomActionBarColorMap.SetFontColor
 0001:00084E04       ActnMan.TCustomActionBarColorMap.UpdateActionBars
 0001:00084DFC       ActnMan.TCustomActionBarColorMap.UpdateColors
 0001:00087CBC       ActnMan.TCustomActionControl.ActualSpacing
 0001:00087C08       ActnMan.TCustomActionControl.BeginAutoDrag
 0001:000897E4       ActnMan.TCustomActionControl.CalcBounds
 0001:00087CEC       ActnMan.TCustomActionControl.CalcLayout
 0001:00087C74       ActnMan.TCustomActionControl.CaptionHeight
 0001:00087C2C       ActnMan.TCustomActionControl.CaptionLength
 0001:00087FA4       ActnMan.TCustomActionControl.Click
 0001:00089188       ActnMan.TCustomActionControl.CMDesignHitTest
 0001:00087F84       ActnMan.TCustomActionControl.CMFontChanged
 0001:00089190       ActnMan.TCustomActionControl.CMHintShow
 0001:00089C5C       ActnMan.TCustomActionControl.CMItemDropPoint
 0001:00089080       ActnMan.TCustomActionControl.CMItemSelected
 0001:000896E0       ActnMan.TCustomActionControl.CMTextChanged
 0001:00087B24       ActnMan.TCustomActionControl.Create
 0001:00088000       ActnMan.TCustomActionControl.DesignWndProc
 0001:00087BCC       ActnMan.TCustomActionControl.Destroy
 0001:000898F4       ActnMan.TCustomActionControl.DoDragDrop
 0001:00089550       ActnMan.TCustomActionControl.DoStartDrag
 0001:00089230       ActnMan.TCustomActionControl.DragDrop
 0001:00089264       ActnMan.TCustomActionControl.DragOver
 0001:00088094       ActnMan.TCustomActionControl.DrawBackground
 0001:000891C4       ActnMan.TCustomActionControl.DrawDesignFocus
 0001:00089420       ActnMan.TCustomActionControl.DrawDragDropPoint
 0001:00088218       ActnMan.TCustomActionControl.DrawGlyph
 0001:000882A8       ActnMan.TCustomActionControl.DrawLargeGlyph
 0001:000885E4       ActnMan.TCustomActionControl.DrawSeparator
 0001:0008888C       ActnMan.TCustomActionControl.DrawShadowedText
 0001:00088810       ActnMan.TCustomActionControl.DrawText
 0001:000896A0       ActnMan.TCustomActionControl.GetAction
 0001:000896CC       ActnMan.TCustomActionControl.GetActionBar
 0001:00088DA8       ActnMan.TCustomActionControl.GetImageSize
 0001:000895E4       ActnMan.TCustomActionControl.GetSeparator
 0001:000895F8       ActnMan.TCustomActionControl.GetShowCaption
 0001:00089638       ActnMan.TCustomActionControl.GetShowShortCut
 0001:00089590       ActnMan.TCustomActionControl.HasGlyph
 0001:000896B8       ActnMan.TCustomActionControl.InitiateAction
 0001:00089664       ActnMan.TCustomActionControl.IsChecked
 0001:00088980       ActnMan.TCustomActionControl.IsGrouped
 0001:0008915C       ActnMan.TCustomActionControl.Keyed
 0001:000889B0       ActnMan.TCustomActionControl.Paint
 0001:00088D60       ActnMan.TCustomActionControl.PositionChanged
 0001:000891D0       ActnMan.TCustomActionControl.ResetUsageData
 0001:00088E90       ActnMan.TCustomActionControl.SetActionClient
 0001:00089C0C       ActnMan.TCustomActionControl.SetDropPoint
 0001:00089104       ActnMan.TCustomActionControl.SetGlyphLayout
 0001:00088F80       ActnMan.TCustomActionControl.SetSelected
 0001:00089B60       ActnMan.TCustomActionControl.SetSmallIcon
 0001:000890CC       ActnMan.TCustomActionControl.SetSpacing
 0001:00088D68       ActnMan.TCustomActionControl.SetTransparent
 0001:00089050       ActnMan.TCustomActionControl.UpdateSelection
 0001:00089704       ActnMan.TCustomActionControl.UpdateTextBounds
 0001:00089B84       ActnMan.TCustomActionControl.WMContextMenu
 0001:000895C4       ActnMan.TCustomActionControl.WMSetText
 0001:00081BA8       ActnMan.TCustomActionManager.AfterConstruction
 0001:00080A90       ActnMan.TCustomActionManager.Assign
 0001:000818E8       ActnMan.TCustomActionManager.Change
 0001:00080938       ActnMan.TCustomActionManager.Create
 0001:00080B14       ActnMan.TCustomActionManager.CreateActionBars
 0001:00080B78       ActnMan.TCustomActionManager.DefineProperties
 0001:00080A3C       ActnMan.TCustomActionManager.Destroy
 0001:00080C7C       ActnMan.TCustomActionManager.FindActionBar
 0001:00080BD4       ActnMan.TCustomActionManager.FindActionClient
 0001:000819B4       ActnMan.TCustomActionManager.GetActionBarItemClass
 0001:00081980       ActnMan.TCustomActionManager.GetActionBarsClass
 0001:00081944       ActnMan.TCustomActionManager.GetActionClientItemClass
 0001:00081908       ActnMan.TCustomActionManager.GetActionClientsClass
 0001:00081A28       ActnMan.TCustomActionManager.GetLinkedActionLists
 0001:00081734       ActnMan.TCustomActionManager.GetUsage
 0001:00081A14       ActnMan.TCustomActionManager.IsActionBarsStored
 0001:000819F0       ActnMan.TCustomActionManager.IsLinkedActionListsStored
 0001:000817A4       ActnMan.TCustomActionManager.IsPriorityScheduleStored
 0001:00080F34       ActnMan.TCustomActionManager.Loaded
 0001:00080D0C       ActnMan.TCustomActionManager.LoadFromFile
 0001:00080E20       ActnMan.TCustomActionManager.LoadFromStream
 0001:0008100C       ActnMan.TCustomActionManager.Notification
 0001:00081A58       ActnMan.TCustomActionManager.ReadStyleProp
 0001:00081848       ActnMan.TCustomActionManager.ResetActionBar
 0001:00081218       ActnMan.TCustomActionManager.SaveToFile
 0001:00081318       ActnMan.TCustomActionManager.SaveToStream
 0001:00081440       ActnMan.TCustomActionManager.SetActionBars
 0001:00081450       ActnMan.TCustomActionManager.SetImages
 0001:000818AC       ActnMan.TCustomActionManager.SetLinkedActionLists
 0001:000815AC       ActnMan.TCustomActionManager.SetPrioritySchedule
 0001:00081CBC       ActnMan.TCustomActionManager.SetState
 0001:00081BE4       ActnMan.TCustomActionManager.SetStyle
 0001:0008138C       ActnMan.TCustomActionManager.SetupActionBars
 0001:00081B38       ActnMan.TCustomActionManager.WriteStyleProp
 0001:000808DC       ActnMan.TXToolDockForm.CMDialogChar
 0001:000826A4       ActnMan.UpdateActionBar
 0004:00004DA4       ActnMenus..51
 0001:00078E48       ActnMenus..TCustomActionMenuBar
 0001:00079238       ActnMenus..TCustomActionPopupMenu
 0001:000794A8       ActnMenus..TCustomMDIMenuButton
 0001:000790AC       ActnMenus..TCustomMenuExpandBtn
 0001:0007977C       ActnMenus..TInternalMDIAction
 0001:00079714       ActnMenus..TMenuList
 0001:00078DE4       ActnMenus..TMenuStack
 0004:00004DB0       ActnMenus.ActiveMenu
 0002:000007E0       ActnMenus.ActnMenus
 0001:00079AA0       ActnMenus.AddMenuToList
 0003:00001E08       ActnMenus.ButtonStyles
 0001:00079A1C       ActnMenus.CallWndHook
 0001:0007B494       ActnMenus.CheckChangesAllowed
 0001:00079C90       ActnMenus.DefaultSystemAnimation
 0001:00079DD0       ActnMenus.DoAnimation
 0003:00001E00       ActnMenus.FadeAnimationStyle
 0001:0007DA38       ActnMenus.Finalization
 0001:000795D0       ActnMenus.GetShadow
 0003:00001DE8       ActnMenus.HideShow
 0001:0007BDE8       ActnMenus.IsScreenFont
 0004:00004DA8       ActnMenus.MenuCallWndHook
 0004:00004DAC       ActnMenus.MenuList
 0001:0007CA8C       ActnMenus.MonitorSize
 0003:00001E10       ActnMenus.MouseStyles
 0003:00001E14       ActnMenus.PushStyles
 0001:00079AE0       ActnMenus.RemoveMenuFromList
 0001:0007D6EC       ActnMenus.SetupMDIButton
 0001:0007B3DC       ActnMenus.SkipItems
 0003:00001DF8       ActnMenus.SlideAnimationStyle
 0001:0007D62C       ActnMenus.TCustomActionMainMenuBar.GetActiveMDIChild
 0001:0007D8D8       ActnMenus.TCustomActionMainMenuBar.MDIChildMaximized
 0001:0007D97C       ActnMenus.TCustomActionMainMenuBar.MDIChildRestored
 0001:0007C004       ActnMenus.TCustomActionMenuBar.ActionIdleTimerProc
 0001:00079F14       ActnMenus.TCustomActionMenuBar.Animate
 0001:00079FC4       ActnMenus.TCustomActionMenuBar.CleanupStack
 0001:00079FF8       ActnMenus.TCustomActionMenuBar.ClearSubMenus
 0001:0007A03C       ActnMenus.TCustomActionMenuBar.CloseMenu
 0001:0007A108       ActnMenus.TCustomActionMenuBar.CMEnterMenuLoop
 0001:0007BF14       ActnMenus.TCustomActionMenuBar.CMFontchanged
 0001:0007A0D4       ActnMenus.TCustomActionMenuBar.CMItemClicked
 0001:0007A114       ActnMenus.TCustomActionMenuBar.CMItemKeyed
 0001:00079B70       ActnMenus.TCustomActionMenuBar.Create
 0001:0007A148       ActnMenus.TCustomActionMenuBar.CreateControl
 0001:0007A1B8       ActnMenus.TCustomActionMenuBar.CreatePopup
 0001:00079C3C       ActnMenus.TCustomActionMenuBar.Destroy
 0001:0007BF9C       ActnMenus.TCustomActionMenuBar.DoActionIdle
 0001:0007A544       ActnMenus.TCustomActionMenuBar.DoGetPopupClass
 0001:0007A578       ActnMenus.TCustomActionMenuBar.DoItemClicked
 0001:0007A730       ActnMenus.TCustomActionMenuBar.DoItemKeyed
 0001:0007A43C       ActnMenus.TCustomActionMenuBar.DoItemSelected
 0001:0007A878       ActnMenus.TCustomActionMenuBar.DoMenuDelay
 0001:0007A960       ActnMenus.TCustomActionMenuBar.DoneMenuLoop
 0001:0007A9E4       ActnMenus.TCustomActionMenuBar.DoPopup
 0001:0007A4F4       ActnMenus.TCustomActionMenuBar.ExecAction
 0001:0007AA04       ActnMenus.TCustomActionMenuBar.Expand
 0001:0007AACC       ActnMenus.TCustomActionMenuBar.ExpandTimer
 0001:0007AB3C       ActnMenus.TCustomActionMenuBar.GetDesignMode
 0001:0007AB6C       ActnMenus.TCustomActionMenuBar.GetMouseHoverItem
 0001:0007AC24       ActnMenus.TCustomActionMenuBar.GetPopupClass
 0001:0007AC60       ActnMenus.TCustomActionMenuBar.GetSelected
 0001:0007C05C       ActnMenus.TCustomActionMenuBar.Idle
 0001:0007ACC0       ActnMenus.TCustomActionMenuBar.InitMenuLoop
 0001:0007A7B8       ActnMenus.TCustomActionMenuBar.IsDesignMsg
 0001:0007C298       ActnMenus.TCustomActionMenuBar.Loaded
 0001:0007AE3C       ActnMenus.TCustomActionMenuBar.MouseActivate
 0001:0007AE74       ActnMenus.TCustomActionMenuBar.NewPopup
 0001:0007BF44       ActnMenus.TCustomActionMenuBar.Notification
 0001:0007B028       ActnMenus.TCustomActionMenuBar.ProcessMenuLoop
 0001:0007C1F0       ActnMenus.TCustomActionMenuBar.ProcessMessage
 0001:0007C25C       ActnMenus.TCustomActionMenuBar.ProcessMessages
 0001:0007AF08       ActnMenus.TCustomActionMenuBar.ProcessMouseMsg
 0001:0007C2C4       ActnMenus.TCustomActionMenuBar.RecreateControls
 0001:0007B51C       ActnMenus.TCustomActionMenuBar.Select
 0001:0007B63C       ActnMenus.TCustomActionMenuBar.SelectItem
 0001:0007B650       ActnMenus.TCustomActionMenuBar.SetDesignMode
 0001:0007C2DC       ActnMenus.TCustomActionMenuBar.SetMouseControl
 0001:0007B750       ActnMenus.TCustomActionMenuBar.SetParent
 0001:0007B67C       ActnMenus.TCustomActionMenuBar.SetParentMenu
 0001:0007B6EC       ActnMenus.TCustomActionMenuBar.SetPersistentHotKeys
 0001:0007C274       ActnMenus.TCustomActionMenuBar.Style
 0001:0007B76C       ActnMenus.TCustomActionMenuBar.TrackMenu
 0001:0007B95C       ActnMenus.TCustomActionMenuBar.WMKeyDown
 0001:0007BC90       ActnMenus.TCustomActionMenuBar.WMMouseActivate
 0001:0007BCB4       ActnMenus.TCustomActionMenuBar.WMSysKeyDown
 0001:0007B8A8       ActnMenus.TCustomActionMenuBar.WndProc
 0001:0007C588       ActnMenus.TCustomActionPopupMenu.AddEdges
 0001:0007D400       ActnMenus.TCustomActionPopupMenu.CanAutoSize
 0001:0007D38C       ActnMenus.TCustomActionPopupMenu.CloseMenu
 0001:0007C6DC       ActnMenus.TCustomActionPopupMenu.CMMouseLeave
 0001:0007C724       ActnMenus.TCustomActionPopupMenu.CMVisibleChanged
 0001:0007C470       ActnMenus.TCustomActionPopupMenu.Create
 0001:0007C754       ActnMenus.TCustomActionPopupMenu.CreateControl
 0001:0007C7AC       ActnMenus.TCustomActionPopupMenu.CreateControls
 0001:0007C7DC       ActnMenus.TCustomActionPopupMenu.CreateParams
 0001:0007C85C       ActnMenus.TCustomActionPopupMenu.DesignWndProc
 0001:0007C540       ActnMenus.TCustomActionPopupMenu.Destroy
 0001:0007D428       ActnMenus.TCustomActionPopupMenu.DisplayShadow
 0001:0007D560       ActnMenus.TCustomActionPopupMenu.DrawBackground
 0001:0007C860       ActnMenus.TCustomActionPopupMenu.ExecAction
 0001:0007C87C       ActnMenus.TCustomActionPopupMenu.Expand
 0001:0007C9BC       ActnMenus.TCustomActionPopupMenu.ExpandClick
 0001:0007D3D8       ActnMenus.TCustomActionPopupMenu.GetClientRect
 0001:0007D3F8       ActnMenus.TCustomActionPopupMenu.GetExpandBtnClass
 0001:0007D4AC       ActnMenus.TCustomActionPopupMenu.HideShadow
 0001:0007D5A0       ActnMenus.TCustomActionPopupMenu.NewPopup
 0001:0007D50C       ActnMenus.TCustomActionPopupMenu.Notification
 0001:0007C9F8       ActnMenus.TCustomActionPopupMenu.Popup
 0001:0007CA98       ActnMenus.TCustomActionPopupMenu.PositionPopup
 0001:0007D4E4       ActnMenus.TCustomActionPopupMenu.SetColorMap
 0001:0007CE8C       ActnMenus.TCustomActionPopupMenu.SetOrientation
 0001:0007D54C       ActnMenus.TCustomActionPopupMenu.SetShadow
 0001:0007CDDC       ActnMenus.TCustomActionPopupMenu.SetupExpandBtn
 0001:0007D220       ActnMenus.TCustomActionPopupMenu.VisibleChanging
 0001:0007CE9C       ActnMenus.TCustomActionPopupMenu.WMKeyDown
 0001:0007D148       ActnMenus.TCustomActionPopupMenu.WMPrint
 0001:0007D168       ActnMenus.TCustomActionPopupMenu.WMPrintClient
 0001:0007D5C4       ActnMenus.TCustomMDIMenuButton.Paint
 0001:0007C310       ActnMenus.TCustomMenuExpandBtn.Create
 0001:0007C394       ActnMenus.TCustomMenuExpandBtn.DragOver
 0001:0007C3A4       ActnMenus.TCustomMenuExpandBtn.DrawBackground
 0001:0007C414       ActnMenus.TCustomMenuExpandBtn.DrawFrame
 0001:0007C458       ActnMenus.TCustomMenuExpandBtn.GetMenu
 0001:0007D9A4       ActnMenus.TCustomMenuItem.SetEdges
 0001:00079878       ActnMenus.TInternalMDIAction.Destroy
 0001:000798AC       ActnMenus.TInternalMDIAction.ExecuteTarget
 0001:00079940       ActnMenus.TInternalMDIAction.HandlesTarget
 0001:00079944       ActnMenus.TInternalMDIAction.UpdateTarget
 0001:00079864       ActnMenus.TMenuList.GetMenu
 0001:00079B0C       ActnMenus.TMenuList.Notify
 0001:0007961C       ActnMenus.TMenuStack.Create
 0001:00079658       ActnMenus.TMenuStack.GetBars
 0001:0007966C       ActnMenus.TMenuStack.Peek
 0001:00079678       ActnMenus.TMenuStack.Pop
 0001:0007970C       ActnMenus.TMenuStack.Push
 0003:00001DF0       ActnMenus.UnfoldAnimationStyle
 0004:00004DA0       ActnMenus.UpdateActnMenusProc
 0001:0007994C       ActnMenus.UpdateMDIMenuButtons
 0004:00004D0C       Buttons..5
 0001:0006FA8C       Buttons..TBitBtn
 0001:0006F920       Buttons..TBitBtnActionLink
 0001:00070184       Buttons..TButtonGlyph
 0001:0007012C       Buttons..TGlyphCache
 0001:0007006C       Buttons..TGlyphList
 0001:0006F334       Buttons..TSpeedButton
 0001:0006F23C       Buttons..TSpeedButtonActionLink
 0003:00001C68       Buttons.BitBtnCaptions
 0004:00004D10       Buttons.BitBtnGlyphs
 0003:00001C94       Buttons.BitBtnModalResults
 0003:00001C3C       Buttons.BitBtnResNames
 0003:00001CC4       Buttons.ButtonCount
 0002:0000070C       Buttons.Buttons
 0001:00072FE0       Buttons.DestroyLocals
 0001:00070DD8       Buttons.DoDrawText
 0003:00001CC8       Buttons.DownStyles
 0003:00001CD0       Buttons.FillStyles
 0001:000731F4       Buttons.Finalization
 0001:0006FFE0       Buttons.GetBitBtnGlyph
 0003:00001CC0       Buttons.GlyphCache
 0003:00001CD8       Buttons.NewState
 0001:00072F24       Buttons.TBitBtn.ActionChange
 0001:000725A8       Buttons.TBitBtn.Click
 0001:00072B34       Buttons.TBitBtn.CMEnabledChanged
 0001:00072B1C       Buttons.TBitBtn.CMFontChanged
 0001:00072FFC       Buttons.TBitBtn.CMMouseEnter
 0001:00073038       Buttons.TBitBtn.CMMouseLeave
 0001:00072628       Buttons.TBitBtn.CNDrawItem
 0001:00072618       Buttons.TBitBtn.CNMeasureItem
 0001:00072EA0       Buttons.TBitBtn.CopyImage
 0001:00072468       Buttons.TBitBtn.Create
 0001:00072558       Buttons.TBitBtn.CreateHandle
 0001:00072584       Buttons.TBitBtn.CreateParams
 0001:0007251C       Buttons.TBitBtn.Destroy
 0001:00072634       Buttons.TBitBtn.DrawItem
 0001:0007306C       Buttons.TBitBtn.GetActionLinkClass
 0001:00072B98       Buttons.TBitBtn.GetGlyph
 0001:00072DA8       Buttons.TBitBtn.GetKind
 0001:00072E30       Buttons.TBitBtn.GetNumGlyphs
 0001:00072B60       Buttons.TBitBtn.GetPalette
 0001:00072BA4       Buttons.TBitBtn.GlyphChanged
 0001:00072BB0       Buttons.TBitBtn.IsCustom
 0001:00072CE8       Buttons.TBitBtn.IsCustomCaption
 0001:00072594       Buttons.TBitBtn.SetButtonStyle
 0001:00072B74       Buttons.TBitBtn.SetGlyph
 0001:00072BDC       Buttons.TBitBtn.SetKind
 0001:00072E18       Buttons.TBitBtn.SetLayout
 0001:00072E84       Buttons.TBitBtn.SetMargin
 0001:00072E3C       Buttons.TBitBtn.SetNumGlyphs
 0001:00072E6C       Buttons.TBitBtn.SetSpacing
 0001:00072BC4       Buttons.TBitBtn.SetStyle
 0001:00072B4C       Buttons.TBitBtn.WMLButtonDblClk
 0001:00073074       Buttons.TBitBtnActionLink.AssignClient
 0001:00073098       Buttons.TBitBtnActionLink.Create
 0001:000730D4       Buttons.TBitBtnActionLink.IsImageIndexLinked
 0001:00073104       Buttons.TBitBtnActionLink.SetImageIndex
 0001:00071040       Buttons.TButtonGlyph.CalcButtonLayout
 0001:00070410       Buttons.TButtonGlyph.Create
 0001:00070610       Buttons.TButtonGlyph.CreateButtonGlyph
 0001:000704A0       Buttons.TButtonGlyph.Destroy
 0001:0007138C       Buttons.TButtonGlyph.Draw
 0001:00070BE4       Buttons.TButtonGlyph.DrawButtonGlyph
 0001:00070EBC       Buttons.TButtonGlyph.DrawButtonText
 0001:00070540       Buttons.TButtonGlyph.GlyphChanged
 0001:000704FC       Buttons.TButtonGlyph.Invalidate
 0001:00070570       Buttons.TButtonGlyph.SetGlyph
 0001:000705E8       Buttons.TButtonGlyph.SetNumGlyphs
 0001:0007030C       Buttons.TGlyphCache.Create
 0001:00070350       Buttons.TGlyphCache.Destroy
 0001:00070404       Buttons.TGlyphCache.Empty
 0001:00070380       Buttons.TGlyphCache.GetList
 0001:000703E0       Buttons.TGlyphCache.ReturnList
 0001:000702B0       Buttons.TGlyphList.AddMasked
 0001:00070264       Buttons.TGlyphList.AllocateIndex
 0001:000701E0       Buttons.TGlyphList.CreateSize
 0001:000702DC       Buttons.TGlyphList.Delete
 0001:00070234       Buttons.TGlyphList.Destroy
 0001:00072394       Buttons.TSpeedButton.ActionChange
 0001:00071E60       Buttons.TSpeedButton.Click
 0001:000720E4       Buttons.TSpeedButton.CMButtonPressed
 0001:00072158       Buttons.TSpeedButton.CMDialogChar
 0001:000720B0       Buttons.TSpeedButton.CMEnabledChanged
 0001:000721F0       Buttons.TSpeedButton.CMFontChanged
 0001:00072234       Buttons.TSpeedButton.CMMouseEnter
 0001:000722A8       Buttons.TSpeedButton.CMMouseLeave
 0001:00072210       Buttons.TSpeedButton.CMSysColorChange
 0001:00072200       Buttons.TSpeedButton.CMTextChanged
 0001:00072310       Buttons.TSpeedButton.CopyImage
 0001:000715B8       Buttons.TSpeedButton.Create
 0001:00071678       Buttons.TSpeedButton.Destroy
 0001:00071E7C       Buttons.TSpeedButton.GetActionLinkClass
 0001:00071E84       Buttons.TSpeedButton.GetGlyph
 0001:00071EAC       Buttons.TSpeedButton.GetNumGlyphs
 0001:00071E68       Buttons.TSpeedButton.GetPalette
 0001:00071EE8       Buttons.TSpeedButton.GlyphChanged
 0001:00071C30       Buttons.TSpeedButton.Loaded
 0001:00071C5C       Buttons.TSpeedButton.MouseDown
 0001:00071CB8       Buttons.TSpeedButton.MouseMove
 0001:00071D60       Buttons.TSpeedButton.MouseUp
 0001:000716B0       Buttons.TSpeedButton.Paint
 0001:00072078       Buttons.TSpeedButton.SetAllowAllUp
 0001:00071F30       Buttons.TSpeedButton.SetDown
 0001:00071FA0       Buttons.TSpeedButton.SetFlat
 0001:00071E90       Buttons.TSpeedButton.SetGlyph
 0001:00071FC0       Buttons.TSpeedButton.SetGroupIndex
 0001:00071FD4       Buttons.TSpeedButton.SetLayout
 0001:00071FF4       Buttons.TSpeedButton.SetMargin
 0001:00071EB8       Buttons.TSpeedButton.SetNumGlyphs
 0001:00072018       Buttons.TSpeedButton.SetSpacing
 0001:00072038       Buttons.TSpeedButton.SetTransparent
 0001:00071EF8       Buttons.TSpeedButton.UpdateExclusive
 0001:00071BCC       Buttons.TSpeedButton.UpdateTracking
 0001:0007208C       Buttons.TSpeedButton.WMLButtonDblClk
 0001:00071400       Buttons.TSpeedButtonActionLink.AssignClient
 0001:00071424       Buttons.TSpeedButtonActionLink.Create
 0001:00071460       Buttons.TSpeedButtonActionLink.IsCheckedLinked
 0001:000714AC       Buttons.TSpeedButtonActionLink.IsGroupIndexLinked
 0001:000714DC       Buttons.TSpeedButtonActionLink.IsImageIndexLinked
 0001:0007150C       Buttons.TSpeedButtonActionLink.SetChecked
 0001:0007152C       Buttons.TSpeedButtonActionLink.SetGroupIndex
 0001:0007154C       Buttons.TSpeedButtonActionLink.SetImageIndex
 0003:00001CDC       Buttons.WordBreakFlag
 0004:000049BC       Classes..95
 0001:00017614       Classes..EBitsError
 0001:00017504       Classes..EClassNotFound
 0001:000176CC       Classes..EComponentError
 0001:00017348       Classes..EFCreateError
 0001:000173FC       Classes..EFilerError
 0001:000172E8       Classes..EFileStreamError
 0001:000173A4       Classes..EFOpenError
 0001:00017784       Classes..EInvalidOperation
 0001:000175BC       Classes..EListError
 0001:00017728       Classes..EOutOfResources
 0001:00017454       Classes..EReadError
 0001:00017560       Classes..EResNotFound
 0001:0001728C       Classes..EStreamError
 0001:0001766C       Classes..EStringListError
 0001:0001861C       Classes..EThread
 0001:000174AC       Classes..EWriteError
 0001:00018944       Classes..TBasicAction
 0001:000188C4       Classes..TBasicActionLink
 0001:000178A0       Classes..TBits
 0001:00018448       Classes..TClassFinder
 0001:00017BB4       Classes..TCollection
 0001:00017B50       Classes..TCollectionEnumerator
 0001:00017A98       Classes..TCollectionItem
 0001:00018764       Classes..TComponent
 0001:0001813C       Classes..TCustomMemoryStream
 0001:000184A4       Classes..TFiler
 0001:000180B4       Classes..TFileStream
 0001:0001803C       Classes..THandleStream
 0001:00019800       Classes..TIntConst
 0001:000179E4       Classes..TInterfacedPersistent
 0001:000177E4       Classes..TList
 0001:000181B8       Classes..TMemoryStream
 0001:00017C88       Classes..TOwnedCollection
 0001:000178F4       Classes..TPersistent
 0001:0001DA2C       Classes..TPropFixup
 0001:0001DAA4       Classes..TPropIntfFixup
 0001:00018508       Classes..TReader
 0001:00018ADC       Classes..TRegGroup
 0001:00018B34       Classes..TRegGroups
 0001:00018234       Classes..TResourceStream
 0001:00017FCC       Classes..TStream
 0001:000183C0       Classes..TStreamAdapter
 0001:00017EB4       Classes..TStringList
 0001:00017D7C       Classes..TStrings
 0001:00017848       Classes..TThreadList
 0001:0001859C       Classes..TWriter
 0001:000197A4       Classes.ActivateClassGroup
 0003:00000CD8       Classes.AddDataModule
 0001:0001DD04       Classes.AddFinished
 0001:0001DD3C       Classes.AddNotFinished
 0001:0001E8B0       Classes.AddSubComponentsToLoaded
 0001:0002443C       Classes.AllocateHWnd
 0001:000217E4       Classes.AncestorIsValid
 0003:00000CE8       Classes.ApplicationHandleException
 0003:00000CF0       Classes.ApplicationShowException
 0001:00019B78       Classes.BeginGlobalLoading
 0003:00000D10       Classes.BlockCode
 0001:00018AA0       Classes.Bounds
 0001:00024378       Classes.CalcJmpOffset
 0001:0001E8EC       Classes.CheckSubComponents
 0001:000230D4       Classes.CheckSynchronize
 0002:000001F8       Classes.Classes
 0001:00019568       Classes.ClassNotFound
 0001:00019E38       Classes.CollectionsEqual
 0001:0001E9CC       Classes.ComponentCreated
 0001:0001EA4C       Classes.CreateComponent
 0001:000244F0       Classes.DeallocateHWnd
 0001:00023094       Classes.DoneThreadSynchronization
 0001:0001B444       Classes.DoWrite
 0001:00019C00       Classes.EndGlobalLoading
 0001:0001D864       Classes.Error
 0001:00019108       Classes.Error
 0003:00000D00       Classes.FilerSignature
 0001:00024518       Classes.Finalization
 0001:00020ED0       Classes.FindAncestor
 0001:00019628       Classes.FindClass
 0001:0001EBFC       Classes.FindExistingComponent
 0001:00019A90       Classes.FindGlobalComponent
 0004:000049C8       Classes.FindGlobalComponentProcs
 0001:00019938       Classes.FindIdentToInt
 0001:000198BC       Classes.FindIntToIdent
 0001:00021C70       Classes.FindMethodName
 0001:0001DC38       Classes.FindNestedComponent
 0001:0001FBA0       Classes.FindUniqueName
 0001:000242E4       Classes.FreeIntConstList
 0001:00024418       Classes.FreeObjectInstance
 0001:000195D4       Classes.GetClass
 0001:00022360       Classes.GetComponentValue
 0001:0001A948       Classes.GetDesigner
 0001:0001955C       Classes.GetFieldClassTable
 0004:000049CC       Classes.GlobalFixupList
 0001:0001DD84       Classes.GlobalFixupReferences
 0005:0000000C       Classes.GlobalLists
 0005:00000008       Classes.GlobalLoaded
 0004:000049B0       Classes.GlobalNameSpace
 0001:00019750       Classes.GroupDescendentsWith
 0001:0001F370       Classes.HandleException
 0001:000199B4       Classes.IdentToInt
 0001:00019C5C       Classes.InitComponent
 0001:00019D04       Classes.InitInheritedComponent
 0001:00023060       Classes.InitThreadSynchronization
 0004:000049E8       Classes.InstBlockList
 0004:000049EC       Classes.InstFreeList
 0004:000049C0       Classes.IntConstList
 0001:00019AF4       Classes.InternalReadComponentRes
 0001:000199F4       Classes.IntToIdent
 0001:00018AC8       Classes.InvalidPoint
 0001:000219F0       Classes.IsDefault
 0001:0002186C       Classes.IsDefaultFloatProp
 0001:000218C8       Classes.IsDefaultInt64Prop
 0001:00021B94       Classes.IsDefaultInterfaceProp
 0001:00021CDC       Classes.IsDefaultMethodProp
 0001:00021A48       Classes.IsDefaultObjectProp
 0001:00021814       Classes.IsDefaultOrdProp
 0001:00021E14       Classes.IsDefaultPropertyValue
 0001:00021920       Classes.IsDefaultStrProp
 0001:00021AC8       Classes.IsDefaultValue
 0001:00021D7C       Classes.IsDefaultVariantProp
 0001:00019AD0       Classes.IsUniqueGlobalComponentName
 0004:000049B4       Classes.IsUniqueGlobalComponentNameProc
 0001:00024380       Classes.MakeObjectInstance
 0001:0001A554       Classes.Min
 0001:00024350       Classes.ModuleUnload
 0003:00000D04       Classes.NilMethod
 0001:0001A9E8       Classes.NotifyDesigner
 0001:00019BD0       Classes.NotifyGlobalLoading
 0001:000219B0       Classes.ObjectAncestorMatch
 0001:00022348       Classes.OwnedBy
 0001:00018A3C       Classes.Point
 0001:00018E94       Classes.PointerInModule
 0001:00018A64       Classes.PointsEqual
 0001:0001E0A4       Classes.PropertyNotFound
 0001:0001F470       Classes.PropPathError
 0001:0001E098       Classes.PropValueError
 0001:0001CFF0       Classes.RaiseException
 0001:00020754       Classes.ReadCustomVariant
 0001:0001E080       Classes.ReadError
 0001:0001E9EC       Classes.Recover
 0001:00018A78       Classes.Rect
 0004:000049C4       Classes.RegGroups
 0001:00019648       Classes.RegisterClass
 0001:00019A38       Classes.RegisterFindGlobalComponentProc
 0001:00019890       Classes.RegisterIntegerConsts
 0003:00000CE0       Classes.RemoveDataModule
 0001:0001DF50       Classes.RemoveFixupReferences
 0001:0001DFFC       Classes.RemoveFixups
 0001:0001E394       Classes.RemoveGlobalFixup
 0001:000230AC       Classes.ResetSyncEvent
 0001:0001B5A4       Classes.ReturnAddr
 0001:0001A024       Classes.ReturnAddr
 0001:0001EB5C       Classes.SetCompName
 0001:0001E0D0       Classes.SetElementValue
 0001:0001F7C8       Classes.SetInterfaceReference
 0001:0001F6E4       Classes.SetIntIdent
 0001:0001F72C       Classes.SetObjectIdent
 0001:0001E964       Classes.SetSubComponentState
 0001:0001F76C       Classes.SetVariantReference
 0001:00020274       Classes.SkipBinary
 0001:000202A4       Classes.SkipCollection
 0001:0002024C       Classes.SkipList
 0001:00018A54       Classes.SmallPoint
 0001:00019704       Classes.StartClassGroup
 0001:00024358       Classes.StdWndProc
 0001:0001CE18       Classes.StringListCompareStrings
 0004:000049B8       Classes.SyncEvent
 0003:00000D0C       Classes.SyncList
 0001:00023D50       Classes.TBasicAction.Change
 0001:00023BE4       Classes.TBasicAction.Create
 0001:00023C28       Classes.TBasicAction.Destroy
 0001:00023CBC       Classes.TBasicAction.Execute
 0001:00023C8C       Classes.TBasicAction.ExecuteTarget
 0001:00023C88       Classes.TBasicAction.HandlesTarget
 0001:00023C90       Classes.TBasicAction.Notification
 0001:00023D64       Classes.TBasicAction.RegisterChanges
 0001:00023DB0       Classes.TBasicAction.SetActionComponent
 0001:00023CF4       Classes.TBasicAction.SetOnExecute
 0001:00023D70       Classes.TBasicAction.UnRegisterChanges
 0001:00023CD8       Classes.TBasicAction.Update
 0001:00023CB8       Classes.TBasicAction.UpdateTarget
 0001:00023B34       Classes.TBasicActionLink.AssignClient
 0001:00023B6C       Classes.TBasicActionLink.Change
 0001:00023AF0       Classes.TBasicActionLink.Create
 0001:00023B38       Classes.TBasicActionLink.Destroy
 0001:00023B84       Classes.TBasicActionLink.Execute
 0001:00023BCC       Classes.TBasicActionLink.IsOnExecuteLinked
 0001:00023BA0       Classes.TBasicActionLink.SetAction
 0001:00023BD0       Classes.TBasicActionLink.SetOnExecute
 0001:00023BD8       Classes.TBasicActionLink.Update
 0001:0001A50C       Classes.TBits.Destroy
 0001:0001A53C       Classes.TBits.Error
 0001:0001A630       Classes.TBits.GetBit
 0001:0001A648       Classes.TBits.OpenBit
 0001:0001A604       Classes.TBits.SetBit
 0001:0001A560       Classes.TBits.SetSize
 0001:00019378       Classes.TClassFinder.Create
 0001:000194A4       Classes.TClassFinder.Destroy
 0001:000194D4       Classes.TClassFinder.GetClass
 0001:0001AD34       Classes.TCollection.Add
 0001:0001B1D0       Classes.TCollection.Added
 0001:0001AD54       Classes.TCollection.Assign
 0001:0001ADEC       Classes.TCollection.BeginUpdate
 0001:0001ADF0       Classes.TCollection.Changed
 0001:0001AE00       Classes.TCollection.Clear
 0001:0001AC9C       Classes.TCollection.Create
 0001:0001B194       Classes.TCollection.Delete
 0001:0001B1D4       Classes.TCollection.Deleting
 0001:0001ACE8       Classes.TCollection.Destroy
 0001:0001AE68       Classes.TCollection.EndUpdate
 0001:0001AE78       Classes.TCollection.GetAttr
 0001:0001AE74       Classes.TCollection.GetAttrCount
 0001:0001AEB4       Classes.TCollection.GetCount
 0001:0001AE84       Classes.TCollection.GetEnumerator
 0001:0001AEBC       Classes.TCollection.GetItem
 0001:0001AE94       Classes.TCollection.GetItemAttr
 0001:0001AED0       Classes.TCollection.GetNamePath
 0001:0001AF98       Classes.TCollection.GetPropName
 0001:0001B0B4       Classes.TCollection.Insert
 0001:0001B0D0       Classes.TCollection.InsertItem
 0001:0001B1D8       Classes.TCollection.Notify
 0001:0001B1C4       Classes.TCollection.Owner
 0001:0001B138       Classes.TCollection.RemoveItem
 0001:0001B18C       Classes.TCollection.SetItemName
 0001:0001B190       Classes.TCollection.Update
 0001:0001AC30       Classes.TCollectionEnumerator.Create
 0001:0001AC74       Classes.TCollectionEnumerator.GetCurrent
 0001:0001AC80       Classes.TCollectionEnumerator.MoveNext
 0001:0001AAB4       Classes.TCollectionItem.Changed
 0001:0001AA4C       Classes.TCollectionItem.Create
 0001:0001AA84       Classes.TCollectionItem.Destroy
 0001:0001AAF0       Classes.TCollectionItem.GetDisplayName
 0001:0001AAD8       Classes.TCollectionItem.GetIndex
 0001:0001AB18       Classes.TCollectionItem.GetNamePath
 0001:0001ABCC       Classes.TCollectionItem.GetOwner
 0001:0001ABD0       Classes.TCollectionItem.SetCollection
 0001:0001ABF8       Classes.TCollectionItem.SetDisplayName
 0001:0001AC00       Classes.TCollectionItem.SetIndex
 0001:00023374       Classes.TComponent.BeforeDestruction
 0001:000238AC       Classes.TComponent.ChangeName
 0001:000232AC       Classes.TComponent.Create
 0001:0002363C       Classes.TComponent.DefineProperties
 0001:000232F8       Classes.TComponent.Destroy
 0001:00023504       Classes.TComponent.DestroyComponents
 0001:00023560       Classes.TComponent.Destroying
 0001:000239E8       Classes.TComponent.ExecuteAction
 0001:000237CC       Classes.TComponent.FindComponent
 0001:00023380       Classes.TComponent.FreeNotification
 0001:000236D0       Classes.TComponent.GetChildOwner
 0001:000236D4       Classes.TComponent.GetChildParent
 0001:000236C8       Classes.TComponent.GetChildren
 0001:000238C0       Classes.TComponent.GetComponent
 0001:000238EC       Classes.TComponent.GetComponentCount
 0001:000236D8       Classes.TComponent.GetNamePath
 0001:000236EC       Classes.TComponent.GetOwner
 0001:000236F4       Classes.TComponent.GetParentComponent
 0001:000236C4       Classes.TComponent.HasParent
 0001:00023414       Classes.TComponent.Insert
 0001:00023468       Classes.TComponent.InsertComponent
 0001:00023AEC       Classes.TComponent.IntfGetComponent
 0001:00023714       Classes.TComponent.Loaded
 0001:000235DC       Classes.TComponent.Notification
 0001:00023720       Classes.TComponent.PaletteCreated
 0001:00023A6C       Classes.TComponent.QueryInterface
 0001:000233D4       Classes.TComponent.ReadLeft
 0001:00023724       Classes.TComponent.ReadState
 0001:000233E8       Classes.TComponent.ReadTop
 0001:00023440       Classes.TComponent.Remove
 0001:000234CC       Classes.TComponent.RemoveComponent
 0001:000235C0       Classes.TComponent.RemoveFreeNotification
 0001:0002359C       Classes.TComponent.RemoveNotification
 0001:00023A4C       Classes.TComponent.SafeCallException
 0001:000236F0       Classes.TComponent.SetChildOrder
 0001:000238FC       Classes.TComponent.SetComponentIndex
 0001:00023950       Classes.TComponent.SetDesigning
 0001:0002381C       Classes.TComponent.SetName
 0001:000236F8       Classes.TComponent.SetParentComponent
 0001:000239A0       Classes.TComponent.SetReference
 0001:00023A38       Classes.TComponent.SetSubComponent
 0001:00023A10       Classes.TComponent.UpdateAction
 0001:00023708       Classes.TComponent.Updated
 0001:00023A64       Classes.TComponent.UpdateRegistry
 0001:000236FC       Classes.TComponent.Updating
 0001:000237B4       Classes.TComponent.ValidateContainer
 0001:000237C8       Classes.TComponent.ValidateInsert
 0001:00023734       Classes.TComponent.ValidateRename
 0001:000233FC       Classes.TComponent.WriteLeft
 0001:0002372C       Classes.TComponent.WriteState
 0001:00023408       Classes.TComponent.WriteTop
 0001:00023AAC       Classes.TComponent._AddRef
 0001:00023ACC       Classes.TComponent._Release
 0001:0001D610       Classes.TCustomMemoryStream.Read
 0001:0001D648       Classes.TCustomMemoryStream.Seek
 0001:0001D608       Classes.TCustomMemoryStream.SetPointer
 0001:0001D9B8       Classes.TFiler.Create
 0001:0001DA00       Classes.TFiler.Destroy
 0001:0001DA28       Classes.TFiler.SetRoot
 0001:0001D41C       Classes.TFileStream.Create
 0001:0001D460       Classes.TFileStream.Create
 0001:0001D5D4       Classes.TFileStream.Destroy
 0001:0001D358       Classes.THandleStream.Create
 0001:0001D394       Classes.THandleStream.Read
 0001:0001D3B4       Classes.THandleStream.Seek
 0001:0001D3F4       Classes.THandleStream.SetSize
 0001:0001D3E0       Classes.THandleStream.SetSize
 0001:0001D3A4       Classes.THandleStream.Write
 0004:000049D0       Classes.ThreadLock
 0001:00019858       Classes.TIntConst.Create
 0001:0001A890       Classes.TInterfacedPersistent.AfterConstruction
 0001:0001A920       Classes.TInterfacedPersistent.QueryInterface
 0001:0001A8E0       Classes.TInterfacedPersistent._AddRef
 0001:0001A900       Classes.TInterfacedPersistent._Release
 0001:00019F7C       Classes.TList.Add
 0001:00019FB0       Classes.TList.Clear
 0001:00019FC8       Classes.TList.Delete
 0001:00019F5C       Classes.TList.Destroy
 0001:0001A028       Classes.TList.Error
 0001:0001A060       Classes.TList.Error
 0001:0001A0B4       Classes.TList.Expand
 0001:0001A0CC       Classes.TList.First
 0001:0001A0D4       Classes.TList.Get
 0001:0001A0FC       Classes.TList.Grow
 0001:0001A130       Classes.TList.IndexOf
 0001:0001A150       Classes.TList.Insert
 0001:0001A1BC       Classes.TList.Last
 0001:0001A1C8       Classes.TList.Move
 0001:0001A340       Classes.TList.Notify
 0001:0001A220       Classes.TList.Put
 0001:0001A270       Classes.TList.Remove
 0001:0001A290       Classes.TList.SetCapacity
 0001:0001A2CC       Classes.TList.SetCount
 0001:0001D698       Classes.TMemoryStream.Clear
 0001:0001D66C       Classes.TMemoryStream.Destroy
 0001:0001D6B0       Classes.TMemoryStream.LoadFromStream
 0001:0001D73C       Classes.TMemoryStream.Realloc
 0001:0001D6E8       Classes.TMemoryStream.SetCapacity
 0001:0001D710       Classes.TMemoryStream.SetSize
 0001:0001D7BC       Classes.TMemoryStream.Write
 0001:0001B1FC       Classes.TOwnedCollection.Create
 0001:0001B240       Classes.TOwnedCollection.GetOwner
[...]
   302 0001:00092503   303 0001:00092504   305 0001:00092505   306 0001:00092508
   307 0001:0009250B   308 0001:0009250F   309 0001:00092510   312 0001:00092513
   313 0001:00092516   314 0001:00092518   315 0001:0009251B   316 0001:0009251E
   317 0001:00092520   318 0001:00092521   319 0001:00092525   321 0001:00092527
   322 0001:00092529   323 0001:0009252B   324 0001:0009252D   325 0001:00092530
   326 0001:00092533   327 0001:00092534   328 0001:00092536   332 0001:00092538
   333 0001:00092539   334 0001:0009253B   335 0001:0009253E   336 0001:00092541
   339 0001:00092543   340 0001:0009254A   342 0001:0009254C   343 0001:0009254D
   344 0001:0009254E   346 0001:00092551   347 0001:00092552   348 0001:00092553
   349 0001:00092554   351 0001:00092555   506 0001:00092560   508 0001:0009257A
   510 0001:00092592   511 0001:000925A6   512 0001:000925EA   513 0001:000925EE
   514 0001:0009261D   532 0001:00092674   533 0001:00092683   534 0001:00092689
   535 0001:0009268E   537 0001:00092690   538 0001:00092695   539 0001:0009269A
   542 0001:0009269C   543 0001:000926B0   545 0001:000926CB   548 0001:000926CE
   549 0001:000926CF   550 0001:000926D0   552 0001:000926D1   553 0001:000926D4
   554 0001:000926D7   556 0001:000926D8   557 0001:000926DB   558 0001:000926DE
   561 0001:000926E0   562 0001:000926E2   565 0001:000926E4   566 0001:000926E7
   567 0001:000926E8   570 0001:000926EA   571 0001:000926ED   572 0001:000926F0
   575 0001:000926F2   576 0001:000926F3   579 0001:000926F5   580 0001:000926F7
   581 0001:000926FA   582 0001:000926FB   583 0001:000926FE   585 0001:00092700
   586 0001:00092701   587 0001:00092702   589 0001:00092704   592 0001:0009270B
   593 0001:0009270C   594 0001:0009270D   596 0001:0009270E

Line numbers for FastStrings(FastStrings.pas) segment .itext

   884 0002:00000A28   886 0002:00000A31   887 0002:00000A44   891 0002:00000A53
   892 0002:00000A5D

Line numbers for XMLVariants(XMLVariants.pas) segment .text

   128 0001:00092840   129 0001:00092875   130 0001:00092880   132 0001:00092890
   134 0001:0009289C   135 0001:000928A0   136 0001:000928E1   137 0001:000928EE
   144 0001:00092900   147 0001:00092910   148 0001:00092926   155 0001:0009292C
   157 0001:00092938   158 0001:0009294A   159 0001:00092958   160 0001:00092963
   162 0001:00092974   167 0001:00092984   171 0001:00092991   172 0001:00092997
   173 0001:000929AD   174 0001:000929C7   179 0001:00092A68   180 0001:00092A85
   181 0001:00092ABC   182 0001:00092AD3   228 0001:00092B2C   229 0001:00092B50
   230 0001:00092B5A   231 0001:00092B61   232 0001:00092B84   233 0001:00092B8B
   234 0001:00092BA4   235 0001:00092BED   245 0001:00092C04   248 0001:00092C38
   250 0001:00092C52   254 0001:00092C6C   262 0001:00092C91   264 0001:00092C9F
   265 0001:00092CB1   266 0001:00092CBF   268 0001:00092CE1   276 0001:00092CF1
   282 0001:00092DB0   283 0001:00092DC5   284 0001:00092DCE   285 0001:00092DD8
   288 0001:00092DF4   289 0001:00092E0D   290 0001:00092E30   293 0001:00092E94
   294 0001:00092EB6   298 0001:00092F1D   302 0001:00092F88   303 0001:00092F90
   306 0001:00092F94   307 0001:00092FAD   308 0001:00092FD5   316 0001:00093020
   317 0001:00093047   318 0001:0009304F   319 0001:0009305D   320 0001:0009306B
   321 0001:00093077   323 0001:00093096   324 0001:000930AD   326 0001:000930D9
   330 0001:0009315C   332 0001:00093177   334 0001:00093191   336 0001:000931B2
   338 0001:000931D3   340 0001:000931F0   342 0001:0009320F   344 0001:0009322A
   346 0001:00093245   349 0001:0009325F   351 0001:0009327A   353 0001:00093295
   355 0001:000932AD   359 0001:000932C7   361 0001:000932DE   372 0001:000932FE
   374 0001:0009332A   321 0001:0009332B   376 0001:0009333F   378 0001:00093352
   379 0001:0009335D   383 0001:000933E0   384 0001:000933E8   388 0001:000933EC
   389 0001:000933F4   394 0001:000933F8   395 0001:000933FF   396 0001:00093406
   398 0001:00093418   399 0001:00093423   400 0001:0009342C   402 0001:00093445
   403 0001:0009344A   405 0001:0009344C   406 0001:0009345A   396 0001:0009345B
   407 0001:0009345E   410 0001:00093468   411 0001:00093481   412 0001:000934AD
   417 0001:00093500   418 0001:00093521   419 0001:00093546   421 0001:0009355B
   422 0001:00093573   419 0001:00093576   423 0001:00093579   424 0001:0009358D
   430 0001:000935B8   431 0001:000935FC   432 0001:00093605   433 0001:00093610
   434 0001:0009361B   440 0001:00093684   441 0001:000936A5   442 0001:000936CD
   444 0001:000936DF   445 0001:00093710   446 0001:00093741   442 0001:00093742
   447 0001:00093745   448 0001:0009377C   456 0001:000937A8   457 0001:000937CD
   458 0001:000937D8   459 0001:000937E6   460 0001:000937F2   462 0001:00093811
   464 0001:00093828   467 0001:00093835   471 0001:000938B5   473 0001:000938DB
   475 0001:000938EA   477 0001:000938FA   479 0001:0009390A   481 0001:0009391A
   483 0001:0009392A   485 0001:00093946   489 0001:0009395E   491 0001:00093973
   493 0001:0009398C   495 0001:000939AC   499 0001:000939BC   501 0001:000939C8
   512 0001:000939DD   460 0001:000939DE   514 0001:000939F2   516 0001:00093A02
   519 0001:00093A30   520 0001:00093A36   521 0001:00093A44   523 0001:00093A50
   524 0001:00093A59   525 0001:00093A62   530 0001:00093A68   531 0001:00093A8A
   532 0001:00093A91   533 0001:00093AAC   536 0001:00093AD0   537 0001:00093AF4
   538 0001:00093B57   543 0001:00093BA0   544 0001:00093BBC   545 0001:00093BC3
   546 0001:00093BE7   549 0001:00093C34   550 0001:00093C4D   551 0001:00093C66
   556 0001:00093CA0   557 0001:00093CBB   558 0001:00093CC7   559 0001:00093CED
   562 0001:00093D18   563 0001:00093D33   564 0001:00093D5C   569 0001:00093D88
   570 0001:00093D8F   571 0001:00093D96   573 0001:00093DA8   574 0001:00093DB3
   575 0001:00093DBC   577 0001:00093DD5   578 0001:00093DDA   580 0001:00093DDC
   581 0001:00093DEA   571 0001:00093DEB   582 0001:00093DEE   587 0001:00093DF8
   588 0001:00093E1A   589 0001:00093E21   590 0001:00093E3C   595 0001:00093E60
   596 0001:00093E7C   597 0001:00093E83   598 0001:00093EA7   603 0001:00093EFC
   605 0001:00093F26   607 0001:00093F30   609 0001:00093F34   612 0001:00093F4A
   614 0001:00093F4E   617 0001:00093F65   619 0001:00093F69   621 0001:00093F7C
   622 0001:00093F96   624 0001:00093F9A   625 0001:00093FB4   627 0001:00093FB8
   619 0001:00093FB9   629 0001:00093FBE   645 0001:00094012

Line numbers for FastStringFuncs(FastStringFuncs.pas) segment .text

   854 0001:00000000

Line numbers for XMLWorks2(XMLWorks2.pas) segment .text

   334 0001:00094284   336 0001:00094290   337 0001:0009429D   338 0001:000942AA
   339 0001:000942B7   340 0001:000942C6   341 0001:000942D5   342 0001:000942E4
   343 0001:00094339   348 0001:00094370   350 0001:0009437C   351 0001:00094389
   352 0001:00094396   353 0001:000943A3   354 0001:000943D7   360 0001:000943FC
   362 0001:00094408   363 0001:00094415   364 0001:00094422   365 0001:0009442F
   366 0001:00094463   371 0001:00094488   372 0001:000944B4   375 0001:000944BE
   376 0001:000944EB   377 0001:00094518   378 0001:00094545   379 0001:00094573
   380 0001:000945A1   381 0001:000945CB   383 0001:000945E7   388 0001:0009461C
   389 0001:00094648   392 0001:00094652   393 0001:0009467F   394 0001:000946AC
   395 0001:000946D6   397 0001:000946E5   402 0001:00094718   403 0001:00094744
   406 0001:0009474E   407 0001:0009477B   408 0001:000947A8   409 0001:000947D2
   411 0001:000947E3   417 0001:00094818   418 0001:0009481A   419 0001:0009481D
   428 0001:00094820   429 0001:0009482B   430 0001:0009483A   431 0001:00094848
   432 0001:00094853   434 0001:0009485B   435 0001:0009486D   436 0001:0009487B
   438 0001:0009488F   440 0001:00094898   441 0001:000948AF   440 0001:000948CB
   445 0001:000948D3   447 0001:000948DD   448 0001:000948F0   449 0001:0009491B
   447 0001:0009493D   451 0001:00094940   452 0001:00094953   451 0001:00094982
   454 0001:00094985   455 0001:0009499A   456 0001:000949A8   454 0001:000949B3
   462 0001:000949C5   466 0001:000949E4   467 0001:000949EC   469 0001:000949F6
   477 0001:00094A04   478 0001:00094A22   479 0001:00094A2B   481 0001:00094A47
   482 0001:00094A5E   484 0001:00094A72   485 0001:00094A8E   487 0001:00094ACE
   479 0001:00094ACF   488 0001:00094AD7   494 0001:00094B24   495 0001:00094B4D
   496 0001:00094B56   499 0001:00094BB6   500 0001:00094BC7   501 0001:00094BF0
   504 0001:00094BF5   505 0001:00094C1B   507 0001:00094C5D   509 0001:00094CAF
   511 0001:00094D2A   512 0001:00094D44   513 0001:00094D52   516 0001:00094D6F
   504 0001:00094D70   517 0001:00094D78   518 0001:00094D8C   529 0001:00094DE8
   530 0001:00094DEE   531 0001:00094DF7   539 0001:00094DFC   540 0001:00094DFD
   541 0001:00094DFE   543 0001:00094E00   544 0001:00094E03   545 0001:00094E09
   546 0001:00094E0B   548 0001:00094E0D   549 0001:00094E10   550 0001:00094E14
   551 0001:00094E16   554 0001:00094E18   555 0001:00094E1B   556 0001:00094E1D
   557 0001:00094E1F   560 0001:00094E22   561 0001:00094E24   564 0001:00094E27
   565 0001:00094E2D   566 0001:00094E2F   567 0001:00094E31   569 0001:00094E33
   572 0001:00094E38   573 0001:00094E39   574 0001:00094E3A   579 0001:00094E3C
   580 0001:00094E63   582 0001:00094E69   583 0001:00094E7F   584 0001:00094E85
   588 0001:00094E8F   593 0001:00094ECC   594 0001:00094EFB   596 0001:00094F01
   597 0001:00094F17   598 0001:00094F1D   600 0001:00094F28   608 0001:00094F6C
   609 0001:00094F97   610 0001:00094F9E   614 0001:00094FF9   615 0001:00095077
   616 0001:00095087   617 0001:00095105   621 0001:00095120   623 0001:0009513B
   626 0001:00095152   627 0001:000951D0   629 0001:000951FF   631 0001:00095214
   632 0001:00095292   633 0001:000952AE   634 0001:0009532C   635 0001:00095348
   636 0001:000953C6   638 0001:000953E2   639 0001:000953FE   641 0001:00095419
   642 0001:00095441   645 0001:0009546D   646 0001:00095478   648 0001:00095480
   649 0001:0009549A   650 0001:000954A9   651 0001:000954BA   652 0001:000954C8
   653 0001:000954D9   654 0001:000954E7   655 0001:000954F8   656 0001:00095505
   657 0001:00095516   658 0001:00095527   659 0001:00095538   661 0001:0009555F
   662 0001:00095568   666 0001:000955AF   668 0001:000955CB   677 0001:000956E4
   679 0001:00095710   685 0001:00095741   689 0001:0009579F   690 0001:00095810
   691 0001:00095821   692 0001:00095897   696 0001:000958B3   699 0001:000958CF
   700 0001:00095940   702 0001:00095968   704 0001:0009598B   705 0001:000959FC
   706 0001:00095A24   707 0001:00095A9A   708 0001:00095AC2   709 0001:00095B38
   711 0001:00095B60   715 0001:00095B8E   716 0001:00095B9B   717 0001:00095BA5
   720 0001:00095BB7   723 0001:00095BE0   725 0001:00095C1C   728 0001:00095C47
   729 0001:00095C55   730 0001:00095C61   732 0001:00095C69   733 0001:00095C83
   734 0001:00095C92   735 0001:00095CA3   736 0001:00095CB1   737 0001:00095CC2
   738 0001:00095CCD   739 0001:00095CDE   740 0001:00095CE9   741 0001:00095CFA
   742 0001:00095D08   743 0001:00095D19   746 0001:00095D51   747 0001:00095D53
   751 0001:00095DA5   762 0001:00095DC2   771 0001:00095EC0   772 0001:00095EE2
   773 0001:00095EEA   774 0001:00095EF9   775 0001:00095F07   776 0001:00095F16
   777 0001:00095F24   779 0001:00095F3B   781 0001:00095F51   782 0001:00095FB0
   777 0001:00095FB1   783 0001:00095FB4   785 0001:00095FCC   788 0001:00095FE9
   790 0001:00095FF9   931 0001:00096050   932 0001:00096064   933 0001:00096067
   934 0001:00096080   936 0001:0009609B   937 0001:000960AB   939 0001:000960B4
   941 0001:000960E8   943 0001:000960ED   946 0001:000960EF   947 0001:000960FD
   953 0001:00096108   954 0001:0009611D   955 0001:0009611F   956 0001:00096127
   957 0001:00096136   958 0001:00096144   960 0001:00096153   962 0001:00096169
   963 0001:0009617D   965 0001:00096181   966 0001:0009618A   967 0001:0009619F
   969 0001:000961A3   970 0001:000961BC   973 0001:000961CA   976 0001:000961CC
   977 0001:000961CE  1014 0001:000961D8  1015 0001:00096200  1016 0001:00096208
  1018 0001:00096216  1020 0001:00096247  1022 0001:0009624B  1024 0001:00096273
  1026 0001:0009627A  1028 0001:0009627F  1029 0001:00096284  1033 0001:000962AE
  1034 0001:000962D6  1037 0001:000962FE  1038 0001:00096302  1039 0001:00096307
  1040 0001:0009630B  1042 0001:0009630D  1044 0001:00096330  1053 0001:0009635C
  1054 0001:00096383  1055 0001:00096392  1056 0001:00096397  1057 0001:0009639E
  1058 0001:000963A6  1060 0001:000963B7  1061 0001:000963CF  1063 0001:000963DD
  1065 0001:000963E6  1066 0001:000963FE  1068 0001:0009640D  1069 0001:0009641F
  1071 0001:00096427  1072 0001:0009642E  1073 0001:00096437  1075 0001:0009643C
  1076 0001:00096451  1078 0001:00096458  1080 0001:00096463  1081 0001:00096474
  1083 0001:00096478  1084 0001:00096483  1086 0001:0009648C  1087 0001:00096490
  1089 0001:0009649C  1091 0001:000964A6  1093 0001:000964AC  1094 0001:000964CB
  1097 0001:000964DC  1101 0001:000964E3  1107 0001:00096534  1108 0001:00096566
  1109 0001:00096574  1110 0001:0009657B  1112 0001:00096581  1113 0001:00096598
  1114 0001:000965AA  1115 0001:000965BA  1117 0001:000965D5  1118 0001:000965DA
  1121 0001:0009660E  1122 0001:00096615  1123 0001:00096617  1125 0001:0009664D
  1128 0001:000966C8  1129 0001:000966E6  1130 0001:0009674A  1136 0001:00096780
  1137 0001:000967A8  1138 0001:000967B0  1139 0001:000967B7  1140 0001:000967BE
  1141 0001:000967D7  1143 0001:000967EE  1144 0001:00096807  1146 0001:00096813
  1147 0001:00096824  1149 0001:0009682A  1151 0001:0009684A  1152 0001:00096858
  1153 0001:00096863  1164 0001:000968C4  1165 0001:000968CB  1166 0001:000968E1
  1167 0001:000968EF  1169 0001:00096906  1171 0001:00096916  1177 0001:0009691C
  1178 0001:00096928  1179 0001:0009692C  1182 0001:00096942  1183 0001:00096950
  1184 0001:0009696E  1185 0001:0009697C  1186 0001:00096986  1187 0001:00096991
  1189 0001:000969AB  1191 0001:000969BE  1196 0001:00096A00  1197 0001:00096A0A
  1198 0001:00096A11  1200 0001:00096A1C  1201 0001:00096A2F  1202 0001:00096A3D
  1204 0001:00096A54  1207 0001:00096A64  1215 0001:00096A6C  1216 0001:00096A78
  1217 0001:00096A7C  1219 0001:00096A92  1220 0001:00096A99  1222 0001:00096AB0
  1223 0001:00096ABB  1224 0001:00096ACF  1225 0001:00096ADD  1226 0001:00096AEA
  1228 0001:00096B01  1230 0001:00096B14  1236 0001:00096B58  1237 0001:00096B6A
  1238 0001:00096B73  1241 0001:00096B90  1242 0001:00096B93  1243 0001:00096BA5
  1316 0001:00096BA8  1317 0001:00096BC9  1318 0001:00096BD1  1319 0001:00096BE0
  1320 0001:00096BEE  1321 0001:00096C03  1322 0001:00096C0D  1324 0001:00096C2C
  1325 0001:00096C73  1322 0001:00096C76  1326 0001:00096C79  1328 0001:00096C91
  1330 0001:00096CA1  1333 0001:00096CF8  1334 0001:00096CFE  1335 0001:00096D06
  1338 0001:00096D0C  1339 0001:00096D12  1340 0001:00096D1B  1368 0001:00096D20
  1369 0001:00096D42  1370 0001:00096DA3  1373 0001:00096DD8  1374 0001:00096DF5
  1375 0001:00096E38  1379 0001:00096E84  1380 0001:00096E8A  1381 0001:00096E9E
  1384 0001:00096EA4  1385 0001:00096ECB  1386 0001:00096EE0  1389 0001:00096F08
  1390 0001:00096F2D  1391 0001:00096F52  1397 0001:00096F9C  1398 0001:00096FBA
  1400 0001:00096FC1  1402 0001:00096FCB  1403 0001:00096FD2  1405 0001:00096FD9
  1406 0001:00096FF2  1408 0001:00097003  1410 0001:00097013  1411 0001:00097020
  1413 0001:00097031  1416 0001:0009704C  1417 0001:00097052  1418 0001:00097068
  1423 0001:000970A8  1424 0001:000970E6  1425 0001:00097138  1426 0001:00097146
  1429 0001:00097173  1430 0001:00097183  1432 0001:000971AC  1433 0001:000971B6
  1435 0001:000971E2  1501 0001:0009723C  1502 0001:00097242  1503 0001:0009724B
  1506 0001:00097250  1507 0001:0009725C  1508 0001:000972A7  1522 0001:000972B0
  1523 0001:000972B5  1734 0001:000972B6

Line numbers for classXTaxTable(classXTaxTable.pas) segment .text

    73 0001:0009754C    74 0001:0009757A    75 0001:00097586    76 0001:0009758B
    77 0001:00097593    78 0001:000975A1    79 0001:000975B0    80 0001:000975BB
    81 0001:000975C0    83 0001:000975DF    84 0001:000975FD    85 0001:00097621
    86 0001:0009764A    88 0001:00097673    90 0001:0009767D    91 0001:00097692
    92 0001:000976B6    93 0001:000976C1    94 0001:000976EF    95 0001:000976FA
    96 0001:00097728    97 0001:00097733   100 0001:0009775E   103 0001:00097769
    81 0001:0009776A   105 0001:0009777E   107 0001:0009778E   113 0001:000977C0
   114 0001:000977CA   116 0001:000977E5   117 0001:000977F1   119 0001:0009780D
   114 0001:0009780E   120 0001:00097811   127 0001:0009781C   129 0001:00097825
   130 0001:0009782B   132 0001:00097839   134 0001:00097846   137 0001:00097876
   138 0001:00097883   139 0001:00097890   140 0001:000978BE   141 0001:000978D6
   142 0001:000978DC   143 0001:000978F4   144 0001:000978FA   147 0001:00097909
   148 0001:00097911   149 0001:00097920   150 0001:00097928   154 0001:00097944
   155 0001:00097947   159 0001:00097948   160 0001:0009794B   163 0001:0009794C
   164 0001:0009794F   165 0001:0009795B   168 0001:00097960   169 0001:00097963
   170 0001:0009796F   174 0001:00097974   175 0001:00097977   180 0001:00097978
   181 0001:0009797B   182 0001:00097987   185 0001:0009798C   186 0001:0009798F
   187 0001:0009799B   190 0001:000979A0   191 0001:000979A3   192 0001:000979AF
   196 0001:000979B4   197 0001:000979B7   203 0001:000979B8   204 0001:000979DB
   206 0001:000979E5

Line numbers for classXTaxTable(classXTaxTable.pas) segment .itext

   199 0002:00000A60   200 0002:00000A6C   202 0002:00000A83

Line numbers for formTaxLkpMain(formTaxLkpMain.pas) segment .text

    51 0001:00097CE8    52 0001:00097D01    53 0001:00097D2E    54 0001:00097D3D
    56 0001:00097D46    57 0001:00097D5C    60 0001:00097D98    61 0001:00097DB5
    62 0001:00097DDD    63 0001:00097DF0    64 0001:00097DFF    65 0001:00097E1C
    66 0001:00097E32    67 0001:00097E60    68 0001:00097E67    71 0001:00097ED8
    72 0001:00097EDB    73 0001:00097EEC    74 0001:00097EF1    77 0001:00097EF4
    78 0001:00097EF7    79 0001:00097EFC    82 0001:00097F00    83 0001:00097F1C
    84 0001:00097F4A    85 0001:00097F61    86 0001:00097F6C    89 0001:00097FB4
    90 0001:00097FBA    91 0001:00097FC8    92 0001:00097FD3    95 0001:00097FD8
    96 0001:00097FDB    97 0001:00097FE0   102 0001:00097FE4   103 0001:00098005
   104 0001:0009800D   106 0001:00098021   107 0001:00098054   110 0001:00098081
   111 0001:000980AC   112 0001:000980D3   115 0001:00098120   116 0001:00098126
   117 0001:00098142   118 0001:00098149   122 0001:0009814C   123 0001:00098152
   124 0001:0009816E   125 0001:0009817B   127 0001:0009818D   128 0001:0009819D
   129 0001:000981A4   131 0001:00098206

Line numbers for TaxLkp(TaxLkp.dpr) segment .itext

    10 0002:00000A88    11 0002:00000A98    12 0002:00000AA4    13 0002:00000AB5
    14 0002:00000ACD    15 0002:00000AD9

Bound resource files

c:\rad studio\5.0\lib\Controls.res
C:\RAD Studio\RC25\SourceD7\RzBtnBmp.res
c:\rad studio\5.0\lib\Buttons.res
c:\rad studio\5.0\lib\ExtDlgs.res
C:\RAD Studio\RC25\SourceD7\RzSplMsg.res
C:\RAD Studio\RC25\SourceD7\RzSplit.res
C:\RAD Studio\RC25\SourceD7\RzRadChk.res
C:\RAD Studio\RC25\SourceD7\RzCmboBx.res
C:\RAD Studio\RC25\SourceD7\RzLstBox.res
C:\RAD Studio\RC25\SourceD7\RzLabel.res
C:\RAD Studio\RC25\SourceD7\RzTreeVw.res
c:\rad studio\5.0\lib\FileCtrl.res
C:\RAD Studio\RC25\SourceD7\RzFilBmp.res
C:\RAD Studio\RC25\SourceD7\RzFilSys.res
C:\RAD Studio\RC25\SourceD7\RzDirFrm.DFM
C:\RAD Studio\RC25\SourceD7\RzSelDir.res
formTaxLkpMain.dfm
TaxLkp.res
TaxLkp.drf


Program entry point at 0002:00000A88
