
 Start         Length     Name                   Class
 0001:00000000 000937A8H .text                   CODE
 0002:00000000 00002568H .data                   DATA
 0002:00002568 00000EE5H .bss                    BSS


Detailed map of segments

 0001:00000000 0000539F C=CODE     S=.text    G=(none)   M=System   ACBP=A9
 0001:000053A0 00000140 C=CODE     S=.text    G=(none)   M=SysInit  ACBP=A9
 0001:000054E0 00000138 C=CODE     S=.text    G=(none)   M=Types    ACBP=A9
 0001:00005618 00000D4C C=CODE     S=.text    G=(none)   M=Windows  ACBP=A9
 0001:00006364 00000038 C=CODE     S=.text    G=(none)   M=Messages ACBP=A9
 0001:0000639C 00000338 C=CODE     S=.text    G=(none)   M=SysConst ACBP=A9
 0001:000066D4 0000734C C=CODE     S=.text    G=(none)   M=SysUtils ACBP=A9
 0001:0000DA20 0000080B C=CODE     S=.text    G=(none)   M=VarUtils ACBP=A9
 0001:0000E22C 00005D2E C=CODE     S=.text    G=(none)   M=Variants ACBP=A9
 0001:00013F5C 00000128 C=CODE     S=.text    G=(none)   M=RTLConsts ACBP=A9
 0001:00014084 00000E80 C=CODE     S=.text    G=(none)   M=TypInfo  ACBP=A9
 0001:00014F04 00000038 C=CODE     S=.text    G=(none)   M=ActiveX  ACBP=A9
 0001:00014F3C 0000A59E C=CODE     S=.text    G=(none)   M=Classes  ACBP=A9
 0001:0001F4DC 000002E0 C=CODE     S=.text    G=(none)   M=Consts   ACBP=A9
 0001:0001F7BC 00008C37 C=CODE     S=.text    G=(none)   M=Graphics ACBP=A9
 0001:000283F4 00000048 C=CODE     S=.text    G=(none)   M=Math     ACBP=A9
 0001:0002843C 00000564 C=CODE     S=.text    G=(none)   M=Contnrs  ACBP=A9
 0001:000289A0 000000FC C=CODE     S=.text    G=(none)   M=CommCtrl ACBP=A9
 0001:00028A9C 00000787 C=CODE     S=.text    G=(none)   M=MultiMon ACBP=A9
 0001:00029224 00000038 C=CODE     S=.text    G=(none)   M=Imm      ACBP=A9
 0001:0002925C 00000FF8 C=CODE     S=.text    G=(none)   M=HelpIntfs ACBP=A9
 0001:0002A254 00000038 C=CODE     S=.text    G=(none)   M=WinSpool ACBP=A9
 0001:0002A28C 00000044 C=CODE     S=.text    G=(none)   M=Printers ACBP=A9
 0001:0002A2D0 0000031F C=CODE     S=.text    G=(none)   M=FlatSB   ACBP=A9
 0001:0002A5F0 000001A4 C=CODE     S=.text    G=(none)   M=SyncObjs ACBP=A9
 0001:0002A794 000009BB C=CODE     S=.text    G=(none)   M=UxTheme  ACBP=A9
 0001:0002B150 00000038 C=CODE     S=.text    G=(none)   M=RichEdit ACBP=A9
 0001:0002B188 00000038 C=CODE     S=.text    G=(none)   M=ToolWin  ACBP=A9
 0001:0002B1C0 00000038 C=CODE     S=.text    G=(none)   M=ShellAPI ACBP=A9
 0001:0002B1F8 00000038 C=CODE     S=.text    G=(none)   M=RegStr   ACBP=A9
 0001:0002B230 00000038 C=CODE     S=.text    G=(none)   M=WinInet  ACBP=A9
 0001:0002B268 00000038 C=CODE     S=.text    G=(none)   M=UrlMon   ACBP=A9
 0001:0002B2A0 0000006C C=CODE     S=.text    G=(none)   M=ShlObj   ACBP=A9
 0001:0002B30C 00000040 C=CODE     S=.text    G=(none)   M=CommDlg  ACBP=A9
 0001:0002B34C 00000038 C=CODE     S=.text    G=(none)   M=Dlgs     ACBP=A9
 0001:0002B384 000016A9 C=CODE     S=.text    G=(none)   M=Dialogs  ACBP=A9
 0001:0002CA30 00000F7E C=CODE     S=.text    G=(none)   M=ExtCtrls ACBP=A9
 0001:0002D9B0 00000038 C=CODE     S=.text    G=(none)   M=ComStrs  ACBP=A9
 0001:0002D9E8 000007A8 C=CODE     S=.text    G=(none)   M=Clipbrd  ACBP=A9
 0001:0002E190 00000038 C=CODE     S=.text    G=(none)   M=StrUtils ACBP=A9
 0001:0002E1C8 000023BD C=CODE     S=.text    G=(none)   M=Buttons  ACBP=A9
 0001:00030588 00000038 C=CODE     S=.text    G=(none)   M=ExtDlgs  ACBP=A9
 0001:000305C0 00000068 C=CODE     S=.text    G=(none)   M=IniFiles ACBP=A9
 0001:00030628 00000068 C=CODE     S=.text    G=(none)   M=Registry ACBP=A9
 0001:00030690 0000006C C=CODE     S=.text    G=(none)   M=Mapi     ACBP=A9
 0001:000306FC 00000058 C=CODE     S=.text    G=(none)   M=ExtActns ACBP=A9
 0001:00030754 00000038 C=CODE     S=.text    G=(none)   M=ListActns ACBP=A9
 0001:0003078C 00000180 C=CODE     S=.text    G=(none)   M=ComCtrls ACBP=A9
 0001:0003090C 00000B28 C=CODE     S=.text    G=(none)   M=Themes   ACBP=A9
 0001:00031434 00003510 C=CODE     S=.text    G=(none)   M=StdCtrls ACBP=A9
 0001:00034944 00000168 C=CODE     S=.text    G=(none)   M=StdActns ACBP=A9
 0001:00034AAC 00000D1F C=CODE     S=.text    G=(none)   M=WinHelpViewer ACBP=A9
 0001:000357CC 00010D5B C=CODE     S=.text    G=(none)   M=Controls ACBP=A9
 0001:00046528 00001292 C=CODE     S=.text    G=(none)   M=ActnList ACBP=A9
 0001:000477BC 00001B9C C=CODE     S=.text    G=(none)   M=ImgList  ACBP=A9
 0001:00049358 00006639 C=CODE     S=.text    G=(none)   M=Menus    ACBP=A9
 0001:0004F994 0000C480 C=CODE     S=.text    G=(none)   M=Forms    ACBP=A9
 0001:0005BE14 000021AC C=CODE     S=.text    G=(none)   M=RzCommon ACBP=A9
 0001:0005DFC0 00000038 C=CODE     S=.text    G=(none)   M=RzBtnBmp ACBP=A9
 0001:0005DFF8 000000E1 C=CODE     S=.text    G=(none)   M=RzButton ACBP=A9
 0001:0005E0DC 00001B04 C=CODE     S=.text    G=(none)   M=RzPanel  ACBP=A9
 0001:0005FBE0 0000093C C=CODE     S=.text    G=(none)   M=MaskUtils ACBP=A9
 0001:0006051C 00001F28 C=CODE     S=.text    G=(none)   M=Mask     ACBP=A9
 0001:00062444 00000038 C=CODE     S=.text    G=(none)   M=Grids    ACBP=A9
 0001:0006247C 000008FF C=CODE     S=.text    G=(none)   M=GraphUtil ACBP=A9
 0001:00062D7C 00000038 C=CODE     S=.text    G=(none)   M=ShadowWnd ACBP=A9
 0001:00062DB4 00000038 C=CODE     S=.text    G=(none)   M=MMSystem ACBP=A9
 0001:00062DEC 00000038 C=CODE     S=.text    G=(none)   M=ActnColorMaps ACBP=A9
 0001:00062E24 0000004F C=CODE     S=.text    G=(none)   M=ActnMenus ACBP=A9
 0001:00062E74 00000548 C=CODE     S=.text    G=(none)   M=ActnMan  ACBP=A9
 0001:000633BC 00000038 C=CODE     S=.text    G=(none)   M=ActnCtrls ACBP=A9
 0001:000633F4 00000038 C=CODE     S=.text    G=(none)   M=RzGrafx  ACBP=A9
 0001:0006342C 000025F8 C=CODE     S=.text    G=(none)   M=RzLabel  ACBP=A9
 0001:00065A24 0000138C C=CODE     S=.text    G=(none)   M=RzEdit   ACBP=A9
 0001:00066DB0 0000018C C=CODE     S=.text    G=(none)   M=RzRadChk ACBP=A9
 0001:00066F3C 00000038 C=CODE     S=.text    G=(none)   M=RzIntLst ACBP=A9
 0001:00066F74 00000038 C=CODE     S=.text    G=(none)   M=RzStrTbl ACBP=A9
 0001:00066FAC 00000038 C=CODE     S=.text    G=(none)   M=RzLstBox ACBP=A9
 0001:00066FE4 000003C4 C=CODE     S=.text    G=(none)   M=RzCmboBx ACBP=A9
 0001:000673A8 00000038 C=CODE     S=.text    G=(none)   M=RzRadGrp ACBP=A9
 0001:000673E0 00000038 C=CODE     S=.text    G=(none)   M=RzSplit  ACBP=A9
 0001:00067418 00000038 C=CODE     S=.text    G=(none)   M=RzBckgnd ACBP=A9
 0001:00067450 00000038 C=CODE     S=.text    G=(none)   M=RzBorder ACBP=A9
 0001:00067488 00000038 C=CODE     S=.text    G=(none)   M=XiButton ACBP=A9
 0001:000674C0 00000F7F C=CODE     S=.text    G=(none)   M=AppEvnts ACBP=A9
 0001:00068440 000000C8 C=CODE     S=.text    G=(none)   M=DDEml    ACBP=A9
 0001:00068508 00002EDB C=CODE     S=.text    G=(none)   M=DdeMan   ACBP=A9
 0001:0006B3E4 00000038 C=CODE     S=.text    G=(none)   M=WinSock  ACBP=A9
 0001:0006B41C 00000038 C=CODE     S=.text    G=(none)   M=ScktComp ACBP=A9
 0001:0006B454 00000038 C=CODE     S=.text    G=(none)   M=RzTray   ACBP=A9
 0001:0006B48C 00000038 C=CODE     S=.text    G=(none)   M=FileCtrl ACBP=A9
 0001:0006B4C4 000001E1 C=CODE     S=.text    G=(none)   M=BindHelp ACBP=A9
 0001:0006B6A8 00000C88 C=CODE     S=.text    G=(none)   M=Qt       ACBP=A9
 0001:0006C330 000002A0 C=CODE     S=.text    G=(none)   M=QConsts  ACBP=A9
 0001:0006C5D0 000058B5 C=CODE     S=.text    G=(none)   M=QGraphics ACBP=A9
 0001:00071E88 00001D8C C=CODE     S=.text    G=(none)   M=QImgList ACBP=A9
 0001:00073C14 000000D8 C=CODE     S=.text    G=(none)   M=QClipbrd ACBP=A9
 0001:00073CEC 00000104 C=CODE     S=.text    G=(none)   M=QStdCtrls ACBP=A9
 0001:00073DF0 00000308 C=CODE     S=.text    G=(none)   M=QExtCtrls ACBP=A9
 0001:000740F8 000000F5 C=CODE     S=.text    G=(none)   M=QButtons ACBP=A9
 0001:000741F0 00000038 C=CODE     S=.text    G=(none)   M=QComCtrls ACBP=A9
 0001:00074228 00000185 C=CODE     S=.text    G=(none)   M=QFileCtrls ACBP=A9
 0001:000743B0 00000070 C=CODE     S=.text    G=(none)   M=QFileDialog ACBP=A9
 0001:00074420 00000038 C=CODE     S=.text    G=(none)   M=QSearch  ACBP=A9
 0001:00074458 00000164 C=CODE     S=.text    G=(none)   M=QStdActns ACBP=A9
 0001:000745BC 00000E54 C=CODE     S=.text    G=(none)   M=QStyle   ACBP=A9
 0001:00075410 00008A1E C=CODE     S=.text    G=(none)   M=QForms   ACBP=A9
 0001:0007DE30 00001080 C=CODE     S=.text    G=(none)   M=QActnList ACBP=A9
 0001:0007EEB0 00004715 C=CODE     S=.text    G=(none)   M=QMenus   ACBP=A9
 0001:000835C8 0000908E C=CODE     S=.text    G=(none)   M=QControls ACBP=A9
 0001:0008C658 00000894 C=CODE     S=.text    G=(none)   M=QTypes   ACBP=A9
 0001:0008CEEC 00000380 C=CODE     S=.text    G=(none)   M=QDialogs ACBP=A9
 0001:0008D26C 00000038 C=CODE     S=.text    G=(none)   M=SelectDirectoryDialog ACBP=A9
 0001:0008D2A4 00000038 C=CODE     S=.text    G=(none)   M=RsComponents ACBP=A9
 0001:0008D2DC 00000A20 C=CODE     S=.text    G=(none)   M=RsControls ACBP=A9
 0001:0008DCFC 00000038 C=CODE     S=.text    G=(none)   M=RzTreeVw ACBP=A9
 0001:0008DD34 00000038 C=CODE     S=.text    G=(none)   M=RzFilBmp ACBP=A9
 0001:0008DD6C 00000038 C=CODE     S=.text    G=(none)   M=RzLFName ACBP=A9
 0001:0008DDA4 000000A0 C=CODE     S=.text    G=(none)   M=RzFilSys ACBP=A9
 0001:0008DE44 00000038 C=CODE     S=.text    G=(none)   M=RzDlgBtn ACBP=A9
 0001:0008DE7C 00000038 C=CODE     S=.text    G=(none)   M=RzDirFrm ACBP=A9
 0001:0008DEB4 00000038 C=CODE     S=.text    G=(none)   M=RzSelDir ACBP=A9
 0001:0008DEEC 00000104 C=CODE     S=.text    G=(none)   M=RsDialogs ACBP=A9
 0001:0008DFF0 00000312 C=CODE     S=.text    G=(none)   M=FastStrings ACBP=A9
 0001:0008E304 000001E4 C=CODE     S=.text    G=(none)   M=FastStringFuncs ACBP=A9
 0001:0008E4E8 000018C4 C=CODE     S=.text    G=(none)   M=XMLVariants ACBP=A9
 0001:0008FDAC 000026E8 C=CODE     S=.text    G=(none)   M=XMLWorks2 ACBP=A9
 0001:00092494 0000074D C=CODE     S=.text    G=(none)   M=classXTaxTable ACBP=A9
 0001:00092BE4 00000704 C=CODE     S=.text    G=(none)   M=formTaxLkpMain ACBP=A9
 0001:000932E8 000004C0 C=CODE     S=.text    G=(none)   M=TaxLkp   ACBP=A9
 0002:00000000 0000009C C=DATA     S=.data    G=DGROUP   M=System   ACBP=A9
 0002:0000009C 00000020 C=DATA     S=.data    G=DGROUP   M=SysInit  ACBP=A9
 0002:000000BC 00000254 C=DATA     S=.data    G=DGROUP   M=SysUtils ACBP=A9
 0002:00000310 00000110 C=DATA     S=.data    G=DGROUP   M=VarUtils ACBP=A9
 0002:00000420 0000008E C=DATA     S=.data    G=DGROUP   M=Variants ACBP=A9
 0002:000004B0 0000000C C=DATA     S=.data    G=DGROUP   M=TypInfo  ACBP=A9
 0002:000004BC 00000064 C=DATA     S=.data    G=DGROUP   M=Classes  ACBP=A9
 0002:00000520 00000304 C=DATA     S=.data    G=DGROUP   M=Graphics ACBP=A9
 0002:00000824 00000004 C=DATA     S=.data    G=DGROUP   M=Printers ACBP=A9
 0002:00000828 000000D4 C=DATA     S=.data    G=DGROUP   M=Dialogs  ACBP=A9
 0002:000008FC 0000018C C=DATA     S=.data    G=DGROUP   M=ExtCtrls ACBP=A9
 0002:00000A88 00000088 C=DATA     S=.data    G=DGROUP   M=Buttons  ACBP=A9
 0002:00000B10 00000008 C=DATA     S=.data    G=DGROUP   M=IniFiles ACBP=A9
 0002:00000B18 00000008 C=DATA     S=.data    G=DGROUP   M=Registry ACBP=A9
 0002:00000B20 00000008 C=DATA     S=.data    G=DGROUP   M=Mapi     ACBP=A9
 0002:00000B28 00000018 C=DATA     S=.data    G=DGROUP   M=ComCtrls ACBP=A9
 0002:00000B40 00000068 C=DATA     S=.data    G=DGROUP   M=Themes   ACBP=A9
 0002:00000BA8 0000005C C=DATA     S=.data    G=DGROUP   M=StdCtrls ACBP=A9
 0002:00000C04 0000013C C=DATA     S=.data    G=DGROUP   M=Controls ACBP=A9
 0002:00000D40 00000020 C=DATA     S=.data    G=DGROUP   M=ImgList  ACBP=A9
 0002:00000D60 000000EC C=DATA     S=.data    G=DGROUP   M=Menus    ACBP=A9
 0002:00000E4C 0000011C C=DATA     S=.data    G=DGROUP   M=Forms    ACBP=A9
 0002:00000F68 0000009C C=DATA     S=.data    G=DGROUP   M=RzCommon ACBP=A9
 0002:00001004 0000002C C=DATA     S=.data    G=DGROUP   M=RzButton ACBP=A9
 0002:00001030 00000005 C=DATA     S=.data    G=DGROUP   M=MaskUtils ACBP=A9
 0002:00001038 00000004 C=DATA     S=.data    G=DGROUP   M=Mask     ACBP=A9
 0002:0000103C 00000008 C=DATA     S=.data    G=DGROUP   M=ActnMan  ACBP=A9
 0002:00001044 00000004 C=DATA     S=.data    G=DGROUP   M=RzLabel  ACBP=A9
 0002:00001048 00000158 C=DATA     S=.data    G=DGROUP   M=RzCmboBx ACBP=A9
 0002:000011A0 00000004 C=DATA     S=.data    G=DGROUP   M=AppEvnts ACBP=A9
 0002:000011A4 00000008 C=DATA     S=.data    G=DGROUP   M=Qt       ACBP=A9
 0002:000011AC 00000404 C=DATA     S=.data    G=DGROUP   M=QGraphics ACBP=A9
 0002:000015B0 00000004 C=DATA     S=.data    G=DGROUP   M=QClipbrd ACBP=A9
 0002:000015B4 00000048 C=DATA     S=.data    G=DGROUP   M=QStdCtrls ACBP=A9
 0002:000015FC 0000002C C=DATA     S=.data    G=DGROUP   M=QButtons ACBP=A9
 0002:00001628 0000003C C=DATA     S=.data    G=DGROUP   M=QFileCtrls ACBP=A9
 0002:00001664 00000008 C=DATA     S=.data    G=DGROUP   M=QFileDialog ACBP=A9
 0002:0000166C 00000020 C=DATA     S=.data    G=DGROUP   M=QStyle   ACBP=A9
 0002:0000168C 0000068C C=DATA     S=.data    G=DGROUP   M=QForms   ACBP=A9
 0002:00001D18 00000064 C=DATA     S=.data    G=DGROUP   M=QMenus   ACBP=A9
 0002:00001D7C 00000114 C=DATA     S=.data    G=DGROUP   M=QControls ACBP=A9
 0002:00001E90 00000015 C=DATA     S=.data    G=DGROUP   M=QTypes   ACBP=A9
 0002:00001EA8 00000004 C=DATA     S=.data    G=DGROUP   M=QDialogs ACBP=A9
 0002:00001EAC 00000004 C=DATA     S=.data    G=DGROUP   M=RsControls ACBP=A9
 0002:00001EB0 00000100 C=DATA     S=.data    G=DGROUP   M=FastStringFuncs ACBP=A9
 0002:00001FB0 00000005 C=DATA     S=.data    G=DGROUP   M=XMLWorks2 ACBP=A9
 0002:00003000 00000660 C=BSS      S=.bss     G=DGROUP   M=System   ACBP=A9
 0002:00003660 00000010 C=BSS      S=.bss     G=DGROUP   M=SysInit  ACBP=A9
 0002:00003670 00000004 C=BSS      S=.bss     G=DGROUP   M=Types    ACBP=A9
 0002:00003674 00000004 C=BSS      S=.bss     G=DGROUP   M=Windows  ACBP=A9
 0002:00003678 00000004 C=BSS      S=.bss     G=DGROUP   M=Messages ACBP=A9
 0002:0000367C 00000004 C=BSS      S=.bss     G=DGROUP   M=SysConst ACBP=A9
 0002:00003680 00000120 C=BSS      S=.bss     G=DGROUP   M=SysUtils ACBP=A9
 0002:000037A0 0000005C C=BSS      S=.bss     G=DGROUP   M=VarUtils ACBP=A9
 0002:000037FC 00000040 C=BSS      S=.bss     G=DGROUP   M=Variants ACBP=A9
 0002:0000383C 00000004 C=BSS      S=.bss     G=DGROUP   M=RTLConsts ACBP=A9
 0002:00003840 00000004 C=BSS      S=.bss     G=DGROUP   M=TypInfo  ACBP=A9
 0002:00003844 00000004 C=BSS      S=.bss     G=DGROUP   M=ActiveX  ACBP=A9
 0002:00003848 00000040 C=BSS      S=.bss     G=DGROUP   M=Classes  ACBP=A9
 0002:00003888 00000004 C=BSS      S=.bss     G=DGROUP   M=Consts   ACBP=A9
 0002:0000388C 00000060 C=BSS      S=.bss     G=DGROUP   M=Graphics ACBP=A9
 0002:000038EC 00000004 C=BSS      S=.bss     G=DGROUP   M=Math     ACBP=A9
 0002:000038F0 00000004 C=BSS      S=.bss     G=DGROUP   M=Contnrs  ACBP=A9
 0002:000038F4 00000004 C=BSS      S=.bss     G=DGROUP   M=CommCtrl ACBP=A9
 0002:000038F8 00000031 C=BSS      S=.bss     G=DGROUP   M=MultiMon ACBP=A9
 0002:0000392C 00000004 C=BSS      S=.bss     G=DGROUP   M=Imm      ACBP=A9
 0002:00003930 00000008 C=BSS      S=.bss     G=DGROUP   M=HelpIntfs ACBP=A9
 0002:00003938 00000004 C=BSS      S=.bss     G=DGROUP   M=WinSpool ACBP=A9
 0002:0000393C 00000004 C=BSS      S=.bss     G=DGROUP   M=Printers ACBP=A9
 0002:00003940 00000034 C=BSS      S=.bss     G=DGROUP   M=FlatSB   ACBP=A9
 0002:00003974 00000004 C=BSS      S=.bss     G=DGROUP   M=SyncObjs ACBP=A9
 0002:00003978 000000CC C=BSS      S=.bss     G=DGROUP   M=UxTheme  ACBP=A9
 0002:00003A44 00000004 C=BSS      S=.bss     G=DGROUP   M=RichEdit ACBP=A9
 0002:00003A48 00000004 C=BSS      S=.bss     G=DGROUP   M=ToolWin  ACBP=A9
 0002:00003A4C 00000004 C=BSS      S=.bss     G=DGROUP   M=ShellAPI ACBP=A9
 0002:00003A50 00000004 C=BSS      S=.bss     G=DGROUP   M=RegStr   ACBP=A9
 0002:00003A54 00000004 C=BSS      S=.bss     G=DGROUP   M=WinInet  ACBP=A9
 0002:00003A58 00000004 C=BSS      S=.bss     G=DGROUP   M=UrlMon   ACBP=A9
 0002:00003A5C 00000004 C=BSS      S=.bss     G=DGROUP   M=ShlObj   ACBP=A9
 0002:00003A60 00000004 C=BSS      S=.bss     G=DGROUP   M=CommDlg  ACBP=A9
 0002:00003A64 00000004 C=BSS      S=.bss     G=DGROUP   M=Dlgs     ACBP=A9
 0002:00003A68 0000000C C=BSS      S=.bss     G=DGROUP   M=Dialogs  ACBP=A9
 0002:00003A74 00000004 C=BSS      S=.bss     G=DGROUP   M=ExtCtrls ACBP=A9
 0002:00003A78 00000004 C=BSS      S=.bss     G=DGROUP   M=ComStrs  ACBP=A9
 0002:00003A7C 0000000C C=BSS      S=.bss     G=DGROUP   M=Clipbrd  ACBP=A9
 0002:00003A88 00000004 C=BSS      S=.bss     G=DGROUP   M=StrUtils ACBP=A9
 0002:00003A8C 00000030 C=BSS      S=.bss     G=DGROUP   M=Buttons  ACBP=A9
 0002:00003ABC 00000004 C=BSS      S=.bss     G=DGROUP   M=ExtDlgs  ACBP=A9
 0002:00003AC0 00000004 C=BSS      S=.bss     G=DGROUP   M=IniFiles ACBP=A9
 0002:00003AC4 00000004 C=BSS      S=.bss     G=DGROUP   M=Registry ACBP=A9
 0002:00003AC8 00000004 C=BSS      S=.bss     G=DGROUP   M=Mapi     ACBP=A9
 0002:00003ACC 00000009 C=BSS      S=.bss     G=DGROUP   M=ExtActns ACBP=A9
 0002:00003AD8 00000004 C=BSS      S=.bss     G=DGROUP   M=ListActns ACBP=A9
 0002:00003ADC 00000010 C=BSS      S=.bss     G=DGROUP   M=ComCtrls ACBP=A9
 0002:00003AEC 00000008 C=BSS      S=.bss     G=DGROUP   M=Themes   ACBP=A9
 0002:00003AF4 00000004 C=BSS      S=.bss     G=DGROUP   M=StdCtrls ACBP=A9
 0002:00003AF8 00000004 C=BSS      S=.bss     G=DGROUP   M=StdActns ACBP=A9
 0002:00003AFC 00000014 C=BSS      S=.bss     G=DGROUP   M=WinHelpViewer ACBP=A9
 0002:00003B10 00000080 C=BSS      S=.bss     G=DGROUP   M=Controls ACBP=A9
 0002:00003B90 00000004 C=BSS      S=.bss     G=DGROUP   M=ActnList ACBP=A9
 0002:00003B94 0000000C C=BSS      S=.bss     G=DGROUP   M=ImgList  ACBP=A9
 0002:00003BA0 00000010 C=BSS      S=.bss     G=DGROUP   M=Menus    ACBP=A9
 0002:00003BB0 00000020 C=BSS      S=.bss     G=DGROUP   M=Forms    ACBP=A9
 0002:00003BD0 00000004 C=BSS      S=.bss     G=DGROUP   M=RzCommon ACBP=A9
 0002:00003BD4 00000004 C=BSS      S=.bss     G=DGROUP   M=RzBtnBmp ACBP=A9
 0002:00003BD8 00000030 C=BSS      S=.bss     G=DGROUP   M=RzButton ACBP=A9
 0002:00003C08 00000004 C=BSS      S=.bss     G=DGROUP   M=RzPanel  ACBP=A9
 0002:00003C0C 00000004 C=BSS      S=.bss     G=DGROUP   M=MaskUtils ACBP=A9
 0002:00003C10 00000004 C=BSS      S=.bss     G=DGROUP   M=Mask     ACBP=A9
 0002:00003C14 00000004 C=BSS      S=.bss     G=DGROUP   M=Grids    ACBP=A9
 0002:00003C18 00000004 C=BSS      S=.bss     G=DGROUP   M=GraphUtil ACBP=A9
 0002:00003C1C 00000004 C=BSS      S=.bss     G=DGROUP   M=ShadowWnd ACBP=A9
 0002:00003C20 00000004 C=BSS      S=.bss     G=DGROUP   M=MMSystem ACBP=A9
 0002:00003C24 00000004 C=BSS      S=.bss     G=DGROUP   M=ActnColorMaps ACBP=A9
 0002:00003C28 00000010 C=BSS      S=.bss     G=DGROUP   M=ActnMenus ACBP=A9
 0002:00003C38 0000000C C=BSS      S=.bss     G=DGROUP   M=ActnMan  ACBP=A9
 0002:00003C44 00000004 C=BSS      S=.bss     G=DGROUP   M=ActnCtrls ACBP=A9
 0002:00003C48 00000004 C=BSS      S=.bss     G=DGROUP   M=RzGrafx  ACBP=A9
 0002:00003C4C 00000004 C=BSS      S=.bss     G=DGROUP   M=RzLabel  ACBP=A9
 0002:00003C50 00000004 C=BSS      S=.bss     G=DGROUP   M=RzEdit   ACBP=A9
 0002:00003C54 00000014 C=BSS      S=.bss     G=DGROUP   M=RzRadChk ACBP=A9
 0002:00003C68 00000004 C=BSS      S=.bss     G=DGROUP   M=RzIntLst ACBP=A9
 0002:00003C6C 00000004 C=BSS      S=.bss     G=DGROUP   M=RzStrTbl ACBP=A9
 0002:00003C70 00000004 C=BSS      S=.bss     G=DGROUP   M=RzLstBox ACBP=A9
 0002:00003C74 00000004 C=BSS      S=.bss     G=DGROUP   M=RzCmboBx ACBP=A9
 0002:00003C78 00000004 C=BSS      S=.bss     G=DGROUP   M=RzRadGrp ACBP=A9
 0002:00003C7C 00000004 C=BSS      S=.bss     G=DGROUP   M=RzSplit  ACBP=A9
 0002:00003C80 00000004 C=BSS      S=.bss     G=DGROUP   M=RzBckgnd ACBP=A9
 0002:00003C84 00000004 C=BSS      S=.bss     G=DGROUP   M=RzBorder ACBP=A9
 0002:00003C88 00000004 C=BSS      S=.bss     G=DGROUP   M=XiButton ACBP=A9
 0002:00003C8C 00000004 C=BSS      S=.bss     G=DGROUP   M=AppEvnts ACBP=A9
 0002:00003C90 00000004 C=BSS      S=.bss     G=DGROUP   M=DDEml    ACBP=A9
 0002:00003C94 00000008 C=BSS      S=.bss     G=DGROUP   M=DdeMan   ACBP=A9
 0002:00003C9C 00000004 C=BSS      S=.bss     G=DGROUP   M=WinSock  ACBP=A9
 0002:00003CA0 00000004 C=BSS      S=.bss     G=DGROUP   M=ScktComp ACBP=A9
 0002:00003CA4 00000004 C=BSS      S=.bss     G=DGROUP   M=RzTray   ACBP=A9
 0002:00003CA8 00000004 C=BSS      S=.bss     G=DGROUP   M=FileCtrl ACBP=A9
 0002:00003CAC 00000004 C=BSS      S=.bss     G=DGROUP   M=BindHelp ACBP=A9
 0002:00003CB0 00000004 C=BSS      S=.bss     G=DGROUP   M=Qt       ACBP=A9
 0002:00003CB4 00000004 C=BSS      S=.bss     G=DGROUP   M=QConsts  ACBP=A9
 0002:00003CB8 00000028 C=BSS      S=.bss     G=DGROUP   M=QGraphics ACBP=A9
 0002:00003CE0 00000004 C=BSS      S=.bss     G=DGROUP   M=QImgList ACBP=A9
 0002:00003CE4 00000004 C=BSS      S=.bss     G=DGROUP   M=QClipbrd ACBP=A9
 0002:00003CE8 00000004 C=BSS      S=.bss     G=DGROUP   M=QStdCtrls ACBP=A9
 0002:00003CEC 00000004 C=BSS      S=.bss     G=DGROUP   M=QExtCtrls ACBP=A9
 0002:00003CF0 00000030 C=BSS      S=.bss     G=DGROUP   M=QButtons ACBP=A9
 0002:00003D20 00000004 C=BSS      S=.bss     G=DGROUP   M=QComCtrls ACBP=A9
 0002:00003D24 00000004 C=BSS      S=.bss     G=DGROUP   M=QFileCtrls ACBP=A9
 0002:00003D28 00000004 C=BSS      S=.bss     G=DGROUP   M=QFileDialog ACBP=A9
 0002:00003D2C 00000004 C=BSS      S=.bss     G=DGROUP   M=QSearch  ACBP=A9
 0002:00003D30 00000004 C=BSS      S=.bss     G=DGROUP   M=QStdActns ACBP=A9
 0002:00003D34 00000004 C=BSS      S=.bss     G=DGROUP   M=QStyle   ACBP=A9
 0002:00003D38 0000001C C=BSS      S=.bss     G=DGROUP   M=QForms   ACBP=A9
 0002:00003D54 00000004 C=BSS      S=.bss     G=DGROUP   M=QActnList ACBP=A9
 0002:00003D58 00000008 C=BSS      S=.bss     G=DGROUP   M=QMenus   ACBP=A9
 0002:00003D60 00000021 C=BSS      S=.bss     G=DGROUP   M=QControls ACBP=A9
 0002:00003D84 00000004 C=BSS      S=.bss     G=DGROUP   M=QTypes   ACBP=A9
 0002:00003D88 00000008 C=BSS      S=.bss     G=DGROUP   M=QDialogs ACBP=A9
 0002:00003D90 00000004 C=BSS      S=.bss     G=DGROUP   M=SelectDirectoryDialog ACBP=A9
 0002:00003D94 00000004 C=BSS      S=.bss     G=DGROUP   M=RsComponents ACBP=A9
 0002:00003D98 00000004 C=BSS      S=.bss     G=DGROUP   M=RsControls ACBP=A9
 0002:00003D9C 00000004 C=BSS      S=.bss     G=DGROUP   M=RzTreeVw ACBP=A9
 0002:00003DA0 00000004 C=BSS      S=.bss     G=DGROUP   M=RzFilBmp ACBP=A9
 0002:00003DA4 00000004 C=BSS      S=.bss     G=DGROUP   M=RzLFName ACBP=A9
 0002:00003DA8 00000008 C=BSS      S=.bss     G=DGROUP   M=RzFilSys ACBP=A9
 0002:00003DB0 00000004 C=BSS      S=.bss     G=DGROUP   M=RzDlgBtn ACBP=A9
 0002:00003DB4 00000004 C=BSS      S=.bss     G=DGROUP   M=RzDirFrm ACBP=A9
 0002:00003DB8 00000004 C=BSS      S=.bss     G=DGROUP   M=RzSelDir ACBP=A9
 0002:00003DBC 00000004 C=BSS      S=.bss     G=DGROUP   M=RsDialogs ACBP=A9
 0002:00003DC0 00000108 C=BSS      S=.bss     G=DGROUP   M=FastStrings ACBP=A9
 0002:00003EC8 00000004 C=BSS      S=.bss     G=DGROUP   M=FastStringFuncs ACBP=A9
 0002:00003ECC 00000004 C=BSS      S=.bss     G=DGROUP   M=XMLVariants ACBP=A9
 0002:00003ED0 00000004 C=BSS      S=.bss     G=DGROUP   M=XMLWorks2 ACBP=A9
 0002:00003ED4 00000008 C=BSS      S=.bss     G=DGROUP   M=classXTaxTable ACBP=A9
 0002:00003EDC 00000008 C=BSS      S=.bss     G=DGROUP   M=formTaxLkpMain ACBP=A9


  Address         Publics by Name

 0002:00003C44       .01
 0002:00003A5C       .1
 0002:00003AC8       .1
 0002:00003A58       .1
 0002:00003A54       .1
 0002:0000367C       .1
 0002:00003678       .1
 0002:00003A50       .1
 0002:00003A4C       .1
 0002:00003DA0       .1
 0002:00003DA4       .1
 0002:00003A44       .1
 0002:00003A88       .1
 0002:00003EC8       .1
 0002:00003BD4       .1
 0002:00003A34       .1
 0002:00003C18       .1
 0002:0000383C       .1
 0002:00003A78       .1
 0002:00003960       .1
 0002:00003DC0       .1
 0002:00003C48       .1
 0002:0000392C       .1
 0002:00003D2C       .1
 0002:00003918       .1
 0002:000038F4       .1
 0002:00003668       .1
 0002:00003C6C       .1
 0002:00003B04       .1
 0002:00003A64       .1
 0002:00003670       .1
 0002:00003C90       .1
 0002:00003C9C       .1
 0002:00003CAC       .1
 0002:00003888       .1
 0002:00003CB4       .1
 0002:00003A60       .1
 0002:00003C08       .11
 0002:00003BD8       .11
 0002:00003A68       .11
 0002:00003C14       .11
 0002:00003A74       .12
 0002:00003D60       .12
 0002:00003890       .12
 0002:00003D98       .14
 0002:00003CE4       .2
 0002:00003D90       .2
 0002:00003C88       .2
 0002:00003930       .2
 0002:00003DB8       .2
 0002:00003DB0       .2
 0002:00003A80       .2
 0002:00003C1C       .2
 0002:00003AEC       .2
 0002:00003EE0       .2
 0002:00003DB4       .2
 0002:000038EC       .2
 0002:00003C0C       .2
 0002:000038F0       .21
 0002:00003DBC       .21
 0002:00003D48       .21
 0002:00003C74       .21
 0002:00003CBC       .22
 0002:00003ABC       .3
 0002:00003C78       .3
 0002:00003C8C       .3
 0002:00003938       .3
 0002:00003C80       .3
 0002:0000393C       .3
 0002:00003ECC       .3
 0002:00003CF0       .3
 0002:00003CA4       .3
 0002:00003C68       .3
 0002:00003ED8       .3
 0002:00003D28       .3
 0002:00003B94       .3
 0002:00003674       .3
 0002:00003844       .3
 0002:00003C4C       .3
 0002:00003CEC       .31
 0002:00003CB0       .314
 0002:00003CE8       .32
 0002:00003C40       .32
 0002:00003790       .35
 0002:00003ADC       .36
 0002:00003A8C       .4
 0002:00003C24       .4
 0002:00003D9C       .4
 0002:00003CE0       .4
 0002:00003C84       .4
 0002:00003A48       .4
 0002:00003CA0       .41
 0002:00003BB8       .41
 0002:00003AF4       .42
 0002:00003854       .45
 0002:00003C10       .5
 0002:00003BD0       .5
 0002:000037F8       .5
 0002:000035B8       .5
 0002:00003AC4       .5
 0002:00003CA8       .5
 0002:00003D34       .5
 0002:00003D24       .51
 0002:00003C2C       .51
 0002:00003C54       .6
 0002:00003D84       .6
 0002:00003840       .6
 0002:00003C98       .6
 0002:00003DA8       .6
 0002:00003974       .6
 0002:00003C20       .7
 0002:00003D94       .71
 0002:00003ACC       .72
 0002:00003B18       .72
 0002:00003AF8       .73
 0002:00003C70       .8
 0002:00003D54       .8
 0002:00003AC0       .8
 0002:00003B90       .8
 0002:00003C7C       .8
 0002:00003D5C       .8
 0002:00003C50       .8
 0002:00003AD8       .8
 0002:00003D30       .81
 0002:00003D88       .81
 0002:0000381C       .81
 0002:00003ED0       .9
 0002:00003BA8       .9
 0002:00003D20       .95
 0001:00001BAC       @AbstractError
 0001:00002760       @AfterConstruction
 0001:00002594       @AsClass
 0001:00003134       @Assert
 0001:00001D50       @AStrCmp
 0001:00002770       @BeforeDestruction
 0001:0000231C       @BoundErr
 0001:000025E0       @CallDynaInst
 0001:00002708       @ClassCreate
 0001:00002758       @ClassDestroy
 0001:00001C1C       @Close
 0001:00001884       @Copy
 0001:00004084       @CopyArray
 0001:00003F68       @CopyRecord
 0001:00001B38       @COS
 0001:0000419C       @DispCallByIDError
 0001:0000ED50       @DispInvokeError
 0001:0000418C       @Dispose
 0001:00002BEC       @DoneExcept
 0001:00004678       @DynArrayAsg
 0001:0000463C       @DynArrayClear
 0001:0000447C       @DynArrayHigh
 0001:00004474       @DynArrayLength
 0001:00004630       @DynArraySetLength
 0001:00002CD4       @ExceptionHandler
 0001:00001DC0       @FillChar
 0001:00003F44       @Finalize
 0001:00003E58       @FinalizeArray
 0001:00003E0C       @FinalizeRecord
 0001:000025F8       @FindDynaInst
 0001:00002310       @FpuInit
 0001:0000224C       @FpuMaskInit
 0001:00001B58       @FRAC
 0001:0000170C       @FreeMem
 0001:000016EC       @GetMem
 0001:00005418       @GetTls
 0001:0000311C       @Halt
 0001:00003044       @Halt0
 0001:00002884       @HandleAnyException
 0001:00002B38       @HandleFinally
 0001:000029B0       @HandleOnException
 0001:00005464       @InitExe
 0001:00003E00       @Initialize
 0001:00003D6C       @InitializeArray
 0001:00003D3C       @InitializeRecord
 0001:00002F08       @InitImports
 0001:00002EE0       @InitResStringImports
 0001:00002EBC       @InitResStrings
 0001:00004D5C       @IntfAddRef
 0001:00004D2C       @IntfCast
 0001:00004CE8       @IntfClear
 0001:00004D00       @IntfCopy
 0001:00002324       @IntOver
 0001:00002570       @IsClass
 0001:0000221C       @isNECWindows
 0001:00003604       @LStrAddRef
 0001:00003178       @LStrArrayClr
 0001:000031A8       @LStrAsg
 0001:0000341C       @LStrCat
 0001:00003460       @LStrCat3
 0001:000034D4       @LStrCatN
 0001:00003154       @LStrClr
 0001:00003560       @LStrCmp
 0001:00003674       @LStrCopy
 0001:000036B4       @LStrDelete
 0001:000033C4       @LStrFromArray
 0001:0000333C       @LStrFromChar
 0001:0000334C       @LStrFromPChar
 0001:00003244       @LStrFromPCharLen
 0001:0000337C       @LStrFromPWChar
 0001:000032B0       @LStrFromPWCharLen
 0001:000033B8       @LStrFromString
 0001:000033DC       @LStrFromWStr
 0001:000036FC       @LStrInsert
 0001:000031EC       @LStrLAsg
 0001:00003414       @LStrLen
 0001:00003758       @LStrPos
 0001:000037A0       @LStrSetLength
 0001:00003614       @LStrToPChar
 0001:000033F0       @LStrToString
 0001:00004178       @New
 0001:00003218       @NewAnsiString
 0001:0000380C       @NewWideString
 0001:00001AD4       @Pos
 0001:00001F30       @Pow10
 0001:00001CCC       @PStrCmp
 0001:00001CA4       @PStrCpy
 0001:00001C74       @PStrNCat
 0001:00001CB0       @PStrNCpy
 0001:00002B98       @RaiseAgain
 0001:00002B70       @RaiseExcept
 0001:0000172C       @ReallocMem
 0001:00001B7C       @ROUND
 0001:00003128       @RunError
 0001:00001EE4       @SetElem
 0001:00001F08       @SetEq
 0001:00001F1C       @SetUnion
 0001:00001B48       @SIN
 0001:00002E7C       @StartExe
 0001:000002CC       @strlen
 0001:00001B88       @TRUNC
 0001:00002C1C       @TryFinallyExit
 0001:0000366C       @UniqueStringA
 0001:00004244       @ValInt64
 0001:00001DE0       @ValLong
 0001:00013494       @VarAddRef
 0001:0000F630       @VarCast
 0001:0000F03C       @VarClear
 0001:0000F050       @VarClr
 0001:00003E40       @VarClr
 0001:0000F364       @VarCopy
 0001:00003F50       @VarCopy
 0001:00013374       @VarFromBool
 0001:00013200       @VarFromByte
 0001:000133C4       @VarFromCurr
 0001:0001331C       @VarFromCurrency
 0001:00013348       @VarFromDate
 0001:00013468       @VarFromDisp
 0001:000132F0       @VarFromDouble
 0001:000131A4       @VarFromInt
 0001:000132A0       @VarFromInt64
 0001:000131E0       @VarFromInteger
 0001:0001343C       @VarFromIntf
 0001:00013240       @VarFromLongWord
 0001:000133D8       @VarFromLStr
 0001:0001339C       @VarFromReal
 0001:00013260       @VarFromShortInt
 0001:000132CC       @VarFromSingle
 0001:00013280       @VarFromSmallInt
 0001:000133B0       @VarFromTDateTime
 0001:00013220       @VarFromWord
 0001:00013404       @VarFromWStr
 0001:0000EDA4       @VarNull
 0001:00010AB4       @VarToBoolean
 0001:0000FEF4       @VarToByte
 0001:00011C78       @VarToCurrency
 0001:00011710       @VarToDate
 0001:000130F8       @VarToDisp
 0001:00010FBC       @VarToDouble
 0001:000104B8       @VarToInt64
 0001:0000F9F4       @VarToInteger
 0001:0001302C       @VarToIntf
 0001:0001016C       @VarToLongWord
 0001:0001232C       @VarToLStr
 0001:0000FE44       @VarToShortInt
 0001:00011338       @VarToSingle
 0001:0000FF9C       @VarToSmallInt
 0001:00010094       @VarToWord
 0001:00012A54       @VarToWStr
 0001:0000384C       @WStrArrayClr
 0001:00003870       @WStrAsg
 0001:00003A04       @WStrCat
 0001:00003A64       @WStrCatN
 0001:00003834       @WStrClr
 0001:00003AAC       @WStrCmp
 0001:00003B30       @WStrCopy
 0001:00003B7C       @WStrDelete
 0001:0000394C       @WStrFromChar
 0001:000039D8       @WStrFromLStr
 0001:0000396C       @WStrFromPChar
 0001:0000389C       @WStrFromPCharLen
 0001:0000399C       @WStrFromPWChar
 0001:00003928       @WStrFromPWCharLen
 0001:0000395C       @WStrFromWChar
 0001:00003C0C       @WStrInsert
 0001:00003894       @WStrLAsg
 0001:000039F8       @WStrLen
 0001:00003CA8       @WStrPos
 0001:00003CF8       @WStrSetLength
 0001:000039E8       @WStrToPWChar
 0001:00001EC0       @_CLenToPasStr
 0001:00001EB4       @_CToPasStr
 0001:00001854       @_IOTest
 0001:000041C8       @_lldiv
 0001:000041A4       @_llmul
 0001:0000B9FC       Abort
 0001:00038580       AbsMin
 0001:0000BD80       AbstractErrorHandler
 0002:00003028       AbstractErrorProc
 0002:00000140       AccessMode
 0001:000017BC       AcquireExceptionObject
 0002:00001040       ActionBarDesigner
 0002:00003C38       ActionBarStyles
 0001:0001744C       ActivateClassGroup
 0001:00005B64       ActivateKeyboardLayout
 0002:00003D80       ActivatingDrag
 0002:00003B4C       ActiveDrag
 0001:00014F34       ActiveX
 0001:00062E1C       ActnColorMaps
 0001:000633EC       ActnCtrls
 0001:00047790       ActnList
 0001:00063374       ActnMan
 0001:00062E54       ActnMenus
 0001:000003F8       AddBlockAfter
 0002:000004BC       AddDataModule
 0001:00007384       AddExitProc
 0001:0001B16C       AddFinished
 0001:0004AF8C       AddIn
 0001:00004B7C       AddModuleUnloadProc
 0001:00004B8C       AddModuleUnloadProc
 0001:0001B1A4       AddNotFinished
 0001:0001BBC8       AddSubComponentsToLoaded
 0001:000712B4       AdjustColor
 0001:00023220       AdjustColor
 0001:0002D22C       AdjustColors
 0001:00085034       AdjustForClient
 0001:00084F04       AdjustForFrame
 0001:00077274       AdjustForScrollbars
 0001:00051F74       Adjustment
 0001:0005F274       AdjustRect
 0001:000646E4       AdjustRect
 0001:00064B5C       AdjustRect
 0001:00005B6C       AdjustWindowRectEx
 0002:00000BB0       Alignments
 0002:00000BF4       Alignments
 0002:00000E34       Alignments
 0002:00000E24       Alignments
 0002:00000904       Alignments
 0001:00087B7C       AlignWork
 0001:0003DBEC       AlignWork
 0001:00058E6C       AlignWork
 0001:0001F2BC       AllocateHWnd
 0001:0002C140       AllocFilterStr
 0001:00007338       AllocMem
 0002:000035B0       AllocMemCount
 0002:000035B4       AllocMemSize
 0001:000281EC       AllocPatternBitmap
 0001:000053C0       AllocTlsBuffer
 0002:00001D7C       AnchorAlign
 0002:00000C10       AnchorAlign
 0002:00000C04       AnimateWindowProc
 0002:00000D0C       AnimationStyle
 0001:00007564       AnsiCompareStr
 0001:0000759C       AnsiCompareText
 0001:00007920       AnsiExtractQuotedStr
 0001:00008170       AnsiLastChar
 0001:00005B74       AnsiLower
 0001:00007530       AnsiLowerCase
 0001:0000C730       AnsiLowerCaseFileName
 0001:0000C6F8       AnsiPos
 0001:000077FC       AnsiQuotedStr
 0001:0004F7A0       AnsiSameCaption
 0001:000075D4       AnsiSameText
 0001:000075EC       AnsiStrLIComp
 0001:0000C7BC       AnsiStrPos
 0001:0000C85C       AnsiStrRScan
 0001:0000C884       AnsiStrScan
 0001:0000515C       AnsiToUtf8
 0001:000074FC       AnsiUpperCase
 0001:00012FB4       AnyToIntf
 0001:00009C50       AppendChars
 0001:0000A014       AppendFormat
 0001:00009CB4       AppendNumber
 0001:00009C94       AppendString
 0001:0006840C       AppEvnts
 0002:00003D38       Application
 0002:00003BB0       Application
 0002:000004CC       ApplicationHandleException
 0002:000004D4       ApplicationShowException
 0002:00000F60       AppVisible
 0002:00001688       App_Style
 0002:00001038       ArrowKey
 0001:0000BD64       AssertErrorHandler
 0002:00003020       AssertErrorProc
 0001:00090598       AssignIntf
 0001:0001464C       AssignLongStr
 0001:00014CC8       AssignVariant
 0002:00003608       avail
 0001:00008374       BackfillGetDiskFreeSpaceEx
 0001:0008619C       BackgroundClipped
 0001:0003B114       BackgroundClipped
 0001:0000DCB0       BackupVarBoolFromStr
 0001:0000DE10       BackupVarBStrFromBool
 0001:0000DD30       BackupVarBStrFromCy
 0001:0000DDA0       BackupVarBStrFromDate
 0001:0000DC44       BackupVarCyFromStr
 0001:0000DBD8       BackupVarDateFromStr
 0001:0000DA94       BackupVarI4FromStr
 0001:0000DA40       BackupVariantChangeTypeEx
 0001:0000DB00       BackupVarR4FromStr
 0001:0000DB6C       BackupVarR8FromStr
 0001:0008E3B4       Base64Decode
 0001:0008E304       Base64Encode
 0002:00001EB0       Base64_Table
 0001:000177A4       BeginGlobalLoading
 0001:00005B7C       BeginPaint
 0001:000712C0       BetterSize
 0001:0002322C       BetterSize
 0001:0004BE00       BiDiDraw
 0001:0006B630       BindHelp
 0001:0006C2A0       bitBlt
 0001:00005944       BitBlt
 0002:00000AB4       BitBtnCaptions
 0002:000015FC       BitBtnCaptions
 0002:00001004       BitBtnCaptions
 0002:00003A90       BitBtnGlyphs
 0002:00003CF4       BitBtnGlyphs
 0002:00003BDC       BitBtnGlyphs
 0002:00000AE0       BitBtnModalResults
 0002:00000A88       BitBtnResNames
 0002:000007D8       BitmapCanvasList
 0002:000038A8       BitmapImageLock
 0001:0000DA7C       BiUnimplemented
 0002:00000FC0       BlinkingControls
 0002:000004F4       BlockCode
 0002:000035E0       blockDescBlockList
 0002:000035E4       blockDescFreeList
 0001:0008E060       BMPos
 0002:000004B0       BooleanIdents
 0002:0000042C       BooleanToStringRule
 0001:00007F90       BoolToStr
 0001:000120B4       BoolToWStrViaOS
 0002:00001694       BorderFlags
 0001:0007A2E4       BorderIconFlags
 0002:00000BA8       BorderStyles
 0002:000008FC       BorderStyles
 0001:000055C4       Bounds
 0001:00016764       Bounds
 0002:00000DCC       Breaks
 0001:0006EC78       BrushFromColor
 0002:000038E0       BrushManager
 0001:0004E5B4       BuildImage
 0002:000008D0       ButtonCaptions
 0002:000008A4       ButtonNames
 0002:00000E48       Buttons
 0001:00030560       Buttons
 0001:0008506C       ButtonStateToShiftState
 0002:00000BEC       ButtonStyles
 0001:00022A0C       BytesPerScanline
 0001:00022D64       ByteSwapColors
 0001:0000C434       ByteToCharIndex
 0001:0000C40C       ByteToCharLen
 0001:0000C3D0       ByteType
 0001:0000C358       ByteTypeTest
 0002:00003B98       CachedComCtrlVer
 0001:00073960       CalcDimensions
 0001:0001F1F8       CalcJmpOffset
 0001:00045818       CalcSplitterPos
 0001:00005B84       CallNextHookEx
 0001:0000CF50       CallTerminateProcs
 0001:00005B8C       CallWindowProc
 0001:000857F4       CancelDrag
 0001:000395B8       CancelDrag
 0002:00003B60       CanvasList
 0002:000038E4       CanvasList
 0002:00000890       Captions
 0002:000015B4       Captions
 0002:000015D8       Captions
 0002:00000CC8       CaptureControl
 0002:00001D24       cBooleanToItemAutoFlag
 0002:00000D6C       cBooleanToItemAutoFlag
 0002:0000103C       cDefaultSchedule
 0001:0002BA50       CenterWindow
 0002:00001E6C       cFCQtFrameStyles
 0002:00003A7E       CF_COMPONENT
 0002:00003A7C       CF_PICTURE
 0002:00003814       ChangeAnyProc
 0001:00037B38       ChangeBiDiModeAlignment
 0001:000081F0       ChangeFileExt
 0002:00000BD0       CharCases
 0001:00003274       CharFromWChar
 0001:0000C608       CharLength
 0001:00005B94       CharLowerBuff
 0001:00005B9C       CharNext
 0001:0000024C       CharNext
 0002:000014F8       CharSetMap
 0001:000211AC       CharsetToIdent
 0001:0006B4D4       CharsOfPAnsiString
 0001:0000C51C       CharToByteIndex
 0001:0000C580       CharToByteLen
 0001:00005BA4       CharToOemA
 0001:00005BAC       CharUpperBuff
 0001:000237F4       CheckBool
 0002:00003C58       CheckBoxesBmp
 0001:00002800       CheckJmp
 0001:00005BB4       CheckMenuItem
 0002:00000DBC       Checks
 0001:0001BC04       CheckSubComponents
 0001:0001DFD0       CheckSynchronize
 0001:000519B0       CheckTaskWindow
 0001:0003926C       CheckUndock
 0001:0000C24C       CheckWin32Version
 0001:00005BBC       ChildWindowFromPoint
 0002:00000430       CInvalidCustomVariantType
 0002:00001D28       cItemAutoFlagToBoolean
 0002:00000D70       cItemAutoFlagToBoolean
 0002:00000D68       cItemAutoFlagToMenu
 0002:00001D20       cItemAutoFlagToMenu
 0001:0001F448       Classes
 0001:00017210       ClassNotFound
 0001:00092BBC       classXTaxTable
 0002:00003810       ClearAnyProc
 0001:00020A3C       ClearColor
 0001:000139EC       ClearVariantTypeList
 0001:00005BC4       ClientToScreen
 0001:00042DBC       ClientToWindow
 0001:0002E04C       Clipboard
 0002:000007D0       ClipboardFormats
 0001:0002E138       Clipbrd
 0001:00005BCC       CloseClipboard
 0001:000056FC       CloseHandle
 0002:0000397C       CloseThemeData
 0002:00001EAC       clrFocus
 0002:00001E44       ClxDragObj
 0002:0000303C       CmdLine
 0002:00003038       CmdShow
 0002:00000D64       cMenuAutoFlagToItem
 0002:00001D1C       cMenuAutoFlagToItem
 0001:0000DA88       CmpUnimplemented
 0001:00062AC0       ColorAdjustLuma
 0001:0006D6A8       ColorGroup
 0002:000015A4       ColorGroupMap
 0001:000628B0       ColorHLSToRGB
 0001:00063000       ColorProc
 0001:0006247C       ColorRGBToHLS
 0002:00000FC4       Colors
 0002:00000FE4       Colors
 0002:000011F0       Colors
 0002:00000550       Colors
 0001:0005C43C       ColorToHSL
 0001:00020FA4       ColorToIdent
 0001:0006E0B4       ColorToIdent
 0002:00000910       ColorToPretyName
 0001:00020F94       ColorToRGB
 0002:00003AE8       ComCtlVersion
 0001:00030904       ComCtrls
 0002:00003BAC       CommandPool
 0001:00028A94       CommCtrl
 0001:0002B344       CommDlg
 0001:000006D8       Commit
 0002:00003624       committedRoot
 0001:0004A570       CompareFront
 0001:00007464       CompareMem
 0001:00007434       CompareStr
 0001:00005704       CompareString
 0001:0000570C       CompareStringA
 0001:00005714       CompareStringW
 0001:00007484       CompareText
 0001:00007EB8       CompareWith
 0001:0001BCE4       ComponentCreated
 0001:000235C4       ComputeAldusChecksum
 0001:0002D9E0       ComStrs
 0001:0001F7B4       Consts
 0001:00028998       Contnrs
 0002:00003B1E       ControlAtom
 0002:00003B24       ControlAtomString
 0001:0005673C       ControlHasHelp
 0001:00046498       Controls
 0001:0000B79C       ConvertAddr
 0001:00009DA4       ConvertEraString
 0001:00007314       ConvertErrorFmt
 0001:00009F0C       ConvertYearString
 0001:00004484       CopyArray
 0001:0002577C       CopyBitmap
 0001:00025E44       CopyBitmapAsMask
 0001:0006B4C4       CopyCharsToPAnsiString
 0001:0000594C       CopyEnhMetaFile
 0001:00030310       CopyImage
 0001:00025DE0       CopyPalette
 0002:00000B44       Copyright
 0001:00080614       CopyToBest
 0001:0004D660       CopyToBest
 0001:0006B514       CopyUnicodeToPWideString
 0001:0000C48C       CountChars
 0002:00003CC4       CounterLock
 0002:000038C0       CounterLock
 0002:00000434       CRangeToType
 0001:0000BCA8       CreateAssertException
 0001:0000BE30       CreateAVObject
 0001:00005954       CreateBitmap
 0001:0000595C       CreateBrushIndirect
 0001:00005964       CreateCompatibleBitmap
 0001:0000596C       CreateCompatibleDC
 0001:0001BD64       CreateComponent
 0001:0000597C       CreateDIBitmap
 0001:00005974       CreateDIBSection
 0001:0000571C       CreateEvent
 0001:00005724       CreateFile
 0001:00005984       CreateFontIndirect
 0001:0000598C       CreateHalftonePalette
 0001:00005BD4       CreateIcon
 0001:0000BBD4       CreateInOutError
 0001:00005BDC       CreateMenu
 0001:00005994       CreatePalette
 0001:0000599C       CreatePenIndirect
 0001:00005BE4       CreatePopupMenu
 0001:000059A4       CreateSolidBrush
 0001:00022DBC       CreateSystemPalette
 0001:0000572C       CreateThread
 0001:000061DC       CreateWindow
 0001:00006184       CreateWindowEx
 0002:0000082C       CreationControl
 0002:00000C08       CreationControl
 0002:0000049C       CRelationshipToBoolean
 0002:00000418       CResult
 0002:00000138       cSimpleBoolStrs
 0002:0000166C       cStyles
 0002:00000448       CText
 0002:00000D04       Ctl3DStyles
 0002:0000361C       curAlloc
 0002:00003688       CurrencyDecimals
 0002:00003684       CurrencyFormat
 0002:00003680       CurrencyString
 0001:00009C3C       CurrentYear
 0001:0000975C       CurrToStr
 0001:00012044       CurrToWStrViaOS
 0002:00001CF8       CursorMap
 0002:00000EE4       CursorMap
 0002:00001D84       Cursors
 0002:00000C18       Cursors
 0001:00084E38       CursorToIdent
 0001:00037E58       CursorToIdent
 0002:00000ED4       cUseAlpha
 0002:00000EDC       cUseColorKey
 0002:00003D8C       CustomColorCount
 0002:00001050       CustomColorItem
 0002:000016BC       CustomCursors
 0002:00000310       CVarTypeToElementInfo
 0001:00007A84       CvtInt
 0001:00007C34       CvtInt64
 0001:00007B50       CvtInt64W
 0001:00007AD0       CvtIntW
 0002:00000178       CWNear
 0002:00003689       DateSeparator
 0001:0000A854       DateTimeToStr
 0001:0000A7C8       DateTimeToString
 0001:00009894       DateTimeToTimeStamp
 0001:0000A824       DateToStr
 0001:0001207C       DateToWStrViaOS
 0001:00009C14       DayOfWeek
 0002:00000174       DCon10
 0002:0000054C       DDBsOnly
 0001:00068490       DdeAccessData
 0001:00068EC4       DDECheck
 0001:00068480       DdeClientTransaction
 0001:000684C8       DdeCmpStringHandles
 0001:00068450       DdeConnect
 0001:00068488       DdeCreateDataHandle
 0001:000684B0       DdeCreateStringHandle
 0001:00068458       DdeDisconnect
 0001:000684A0       DdeFreeDataHandle
 0001:000684C0       DdeFreeStringHandle
 0001:000684A8       DdeGetLastError
 0001:00068440       DdeInitialize
 0001:0006B380       DdeMan
 0002:00003C94       ddeMgr
 0001:00068FC4       DdeMgrCallBack
 0001:00068500       DDEml
 0001:00068478       DdeNameService
 0001:00068470       DdePostAdvise
 0001:00068460       DdeQueryConvInfo
 0001:000684B8       DdeQueryString
 0001:00068468       DdeSetUserHandle
 0001:00068498       DdeUnaccessData
 0001:00068448       DdeUninitialize
 0001:0001F370       DeallocateHWnd
 0002:00000028       DebugHook
 0002:00003687       DecimalSeparator
 0001:00009BF4       DecodeDate
 0001:00009AA8       DecodeDateFully
 0001:00009948       DecodeTime
 0001:0000076C       Decommit
 0001:00000D88       DecommitFree
 0002:000035F8       decommittedRoot
 0001:00059A94       Default
 0001:000543C4       Default
 0002:00000020       Default8087CW
 0002:00003C3C       DefaultActnBarStyle
 0002:00001030       DefaultBlank
 0002:00001048       DefaultColorItem
 0002:00000C0C       DefaultDockTreeClass
 0002:000035BC       DefaultUserCodePage
 0002:000007A0       DefBrushData
 0002:00000520       DefFontData
 0001:00005BEC       DefFrameProc
 0002:00000204       DefLongDayNames
 0002:000001B8       DefLongMonthNames
 0001:00005BF4       DefMDIChildProc
 0002:00000780       DefPenData
 0002:000001E8       DefShortDayNames
 0002:00000188       DefShortMonthNames
 0001:00005BFC       DefWindowProc
 0001:000046D0       DelayLoadResourceModule
 0001:00000428       DeleteBlock
 0001:00005734       DeleteCriticalSection
 0001:00000398       DeleteCriticalSection
 0001:000059AC       DeleteDC
 0001:000059B4       DeleteEnhMetaFile
 0001:00000BD0       DeleteFree
 0001:00005C04       DeleteMenu
 0001:000059BC       DeleteObject
 0001:00025338       DeselectBitmap
 0001:00005C0C       DestroyCursor
 0001:00005C14       DestroyIcon
 0001:00030420       DestroyLocals
 0001:000740F8       DestroyLocals
 0001:00005C1C       DestroyMenu
 0001:00005C24       DestroyWindow
 0001:00035480       DialogEnumerationTester
 0001:0002BB04       DialogHook
 0001:0002C9F0       Dialogs
 0002:000007DC       DIBPalSizes
 0002:0000008C       dig
 0002:00001644       DirChangeList
 0001:00051804       DisableTaskWindows
 0001:00005C2C       DispatchMessage
 0001:0007A1A4       DispatchShortCut
 0001:00057A1C       DispatchShortCut
 0002:00003000       DispCallByIDProc
 0001:000072F8       DivMod
 0001:0002B37C       Dlgs
 0001:00089308       DNDEvent
 0001:00058D20       DoAlign
 0001:00087A20       DoAlign
 0001:0003DA7C       DoAlign
 0001:00041B30       DoCalcConstraints
 0002:00003B54       DockSiteList
 0001:00082B04       DoClick
 0001:0004E280       DoClick
 0001:0003F1C0       DoControlMsg
 0001:000517B4       DoDisableWindow
 0001:00038B98       DoDragOver
 0001:00007358       DoExitProc
 0001:00043AEC       DoFindControlZone
 0001:000518F0       DoFindWindow
 0001:00044078       DoFindZone
 0001:00043B70       DoForEach
 0001:0004547C       DoGetNextLimit
 0001:0005177C       DoneApplication
 0001:000461DC       DoneControls
 0001:0000C15C       DoneExceptions
 0001:00055D98       DoNestedActivation
 0001:0001DF90       DoneThreadSynchronization
 0001:00087614       DoPosition
 0001:00058B70       DoPosition
 0001:0003D63C       DoPosition
 0001:00044AA4       DoPrune
 0001:0002CCC0       DoRect
 0001:00044F7C       DoSaveZone
 0001:00045180       DoSetNewBounds
 0002:000004B8       DotSep
 0001:00023A4C       DoWrite
 0001:00048BD0       DoWrite
 0001:00072890       DoWrite
 0001:00018DD4       DoWrite
 0001:00070958       DoWrite
 0001:00024484       DoWrite
 0001:0003E7A8       DoWriteDesignSize
 0001:0003C214       DoWriteIsControl
 0002:00003D79       DragAccepted
 0002:00003B38       DragCapture
 0002:00001E48       DragControl
 0002:00003B2C       DragControl
 0001:000392E0       DragDone
 0001:00085510       DragDone
 0002:00001E50       DragDropEvent
 0001:00038B48       DragFindTarget
 0001:00038B1C       DragFindWindow
 0002:00003D64       DragFreeObject
 0002:00001E54       DragHappenned
 0002:00003B50       DragImageList
 0002:00001E60       DragImages
 0001:00038F38       DragInit
 0001:000390A8       DragInitControl
 0001:000857C8       DragInitControl
 0002:00003B34       DragInternalObject
 0001:00038A64       DragMessage
 0002:00001E5C       DragObject
 0002:00003B30       DragObject
 0002:00003D78       DragOp
 0002:00003B5C       DragSave
 0002:00003B44       DragSaveCursor
 0001:0008562C       DragStart
 0002:00003D68       DragStartPos
 0002:00003B3C       DragStartPos
 0002:00003D7C       DragThreshold
 0002:00003B48       DragThreshold
 0001:00038C68       DragTo
 0001:00059AD0       DrawAppIcon
 0001:0005CB7C       DrawBevel
 0001:0005CEAC       DrawBorderSides
 0001:0005CC5C       DrawButtonBorderSides
 0001:00044610       DrawCloseButton
 0001:0005D0E0       DrawColorBorderSides
 0001:0005CCD4       DrawColorButtonBorderSides
 0001:0005CBE4       DrawCtl3DBorderSides
 0001:00005C34       DrawEdge
 0001:00005C3C       DrawFocusRect
 0001:0005D614       DrawFrame
 0001:00005C44       DrawFrameControl
 0001:00044668       DrawGrabberLine
 0001:00005C4C       DrawIcon
 0001:00005C54       DrawIconEx
 0002:00000D40       DrawingStyles
 0001:00005C5C       DrawMenuBar
 0001:0004F5C0       DrawMenuItem
 0001:0005CA70       DrawSides
 0001:00005C64       DrawText
 0002:00000FB8       DrawTextAlignments
 0002:00003980       DrawThemeBackground
 0002:000039A4       DrawThemeEdge
 0002:000039A8       DrawThemeIcon
 0002:00003A2C       DrawThemeParentBackground
 0002:00003984       DrawThemeText
 0001:0000760C       DumbItDownFor95
 0001:0002288C       DupBits
 0001:0000449C       DynArrayClear
 0001:000044A4       DynArraySetLength
 0002:00000E2C       EdgeStyle
 0002:00000CF4       EdgeStyles
 0001:0000BBA8       EHeapException.FreeInstance
 0001:00005C6C       EmptyClipboard
 0002:000037FC       EmptyParam
 0002:000000BC       EmptyStr
 0002:000000C0       EmptyWideStr
 0001:00005C74       EnableMenuItem
 0002:00000DC4       Enables
 0001:00005C7C       EnableScrollBar
 0001:000518B8       EnableTaskWindows
 0002:00003A14       EnableThemeDialogTexture
 0002:00003A30       EnableTheming
 0001:00005C84       EnableWindow
 0001:0001782C       EndGlobalLoading
 0001:00005C8C       EndPaint
 0001:0000573C       EnterCriticalSection
 0001:00000388       EnterCriticalSection
 0001:00005744       EnumCalendarInfoA
 0001:00005C94       EnumClipboardFormats
 0002:00003914       EnumDisplayMonitors
 0001:0000B410       EnumEraNames
 0001:0000B44C       EnumEraYearOffsets
 0001:00054988       EnumMonitorsProc
 0001:00005C9C       EnumThreadWindows
 0001:0001B514       EnumValue
 0001:00005CA4       EnumWindows
 0001:000054E0       EqualRect
 0001:00005CAC       EqualRect
 0002:00003750       EraNames
 0001:0000AACC       EraToYear
 0002:0000376C       EraYearOffsets
 0002:00000064       errCaption
 0001:00016DB4       Error
 0001:0004A2C0       Error
 0001:0001ACF8       Error
 0001:0007FFC8       Error
 0001:00001848       Error
 0002:00000004       ErrorAddr
 0001:000017FC       ErrorAt
 0001:0000BC54       ErrorHandler
 0002:00000220       ErrorMap
 0002:00003008       ErrorProc
 0002:000033E4       ErrOutput
 0002:00003CB8       ExactBitmaps
 0001:0000179C       ExceptAddr
 0002:0000300C       ExceptClsProc
 0001:0000C0C8       ExceptHandler
 0001:0000BA1C       Exception.Create
 0001:0000BA58       Exception.CreateFmt
 0001:0000BAD8       Exception.CreateRes
 0001:0000BB14       Exception.CreateResFmt
 0002:0000301C       ExceptionClass
 0001:0000B7A8       ExceptionErrorMessage
 0002:00000258       ExceptMap
 0001:0000177C       ExceptObject
 0002:00003010       ExceptObjProc
 0002:00003004       ExceptProc
 0001:000059C4       ExcludeClipRect
 0002:00000000       ExitCode
 0001:00002F88       ExitDll
 0002:00003044       ExitProc
 0001:00000254       ExitProcess
 0002:00003024       ExitProcessProc
 0002:00000134       ExitProcList
 0001:00008338       ExpandFileName
 0001:0002BDDC       ExplorerHook
 0001:0003074C       ExtActns
 0001:0002D980       ExtCtrls
 0001:000305B8       ExtDlgs
 0001:000082F0       ExtractFileExt
 0001:0002C454       ExtractFileName
 0001:000082B8       ExtractFileName
 0001:0002C49C       ExtractFileNames
 0001:00008284       ExtractFilePath
 0001:000059CC       ExtTextOut
 0002:0000378C       FalseBoolStrs
 0001:00091414       FastParseTag
 0001:00091654       FastParseTagXML
 0001:0008E0E4       FastPos
 0001:0008E1F4       FastPosBack
 0001:00091360       FastPosChecked
 0001:0008E4E0       FastStringFuncs
 0001:0008E2C8       FastStrings
 0001:000914D8       FastToken
 0002:000015B0       FClipboard
 0002:00003A84       FClipboard
 0002:00000168       FCon1E18
 0002:00003DAC       FIconCache
 0001:000080F8       FileAge
 0001:000080F0       FileClose
 0001:00008034       FileCreate
 0001:00008058       FileCreate
 0001:0006B4BC       FileCtrl
 0001:00008160       FileExists
 0002:000007D4       FileFormats
 0002:00001598       FileFormats
 0002:00000008       FileMode
 0001:00007FDC       FileOpen
 0001:00008060       FileRead
 0002:000004E4       FilerSignature
 0001:000080B8       FileSeek
 0001:0000574C       FileTimeToDosDateTime
 0001:00005754       FileTimeToLocalFileTime
 0001:0000808C       FileWrite
 0001:00000CB8       FillAfterGap
 0001:00000C64       FillBeforeGap
 0001:00000D50       FillerSizeAfterGap
 0001:00000CE0       FillerSizeBeforeGap
 0001:00005CB4       FillRect
 0001:0005BD74       Finalization
 0001:00062CCC       Finalization
 0001:0002E0FC       Finalization
 0001:0002E190       Finalization
 0001:0008CEB4       Finalization
 0001:0001404C       Finalization
 0001:00013E38       Finalization
 0001:0008DD34       Finalization
 0001:00030528       Finalization
 0001:00030588       Finalization
 0001:000305D8       Finalization
 0001:00014EAC       Finalization
 0001:00014F04       Finalization
 0001:00030640       Finalization
 0001:000932E8       Finalization
 0001:000306A4       Finalization
 0001:0002D9B0       Finalization
 0001:0008D1F0       Finalization
 0001:000306FC       Finalization
 0001:0002D938       Finalization
 0001:00030754       Finalization
 0001:00046430       Finalization
 0001:000932B0       Finalization
 0001:0008D26C       Finalization
 0001:0003088C       Finalization
 0001:0008DCFC       Finalization
 0001:00047760       Finalization
 0001:0008C518       Finalization
 0001:0005DF88       Finalization
 0001:0005DFC0       Finalization
 0001:0008D2A4       Finalization
 0001:0008DCC4       Finalization
 0001:0000669C       Finalization
 0001:0008DD6C       Finalization
 0001:0005E068       Finalization
 0001:000753C0       Finalization
 0001:00074584       Finalization
 0001:0002C994       Finalization
 0001:0005FBA8       Finalization
 0001:00074420       Finalization
 0001:000313E8       Finalization
 0001:000604E4       Finalization
 0001:000743C4       Finalization
 0001:000742FC       Finalization
 0001:000741F0       Finalization
 0001:0006240C       Finalization
 0001:0008FD74       Finalization
 0001:00062444       Finalization
 0001:000740A4       Finalization
 0001:0008E4B0       Finalization
 0001:00073CEC       Finalization
 0001:00073C14       Finalization
 0001:0002B34C       Finalization
 0001:0002B314       Finalization
 0001:0002B2D4       Finalization
 0001:0002B268       Finalization
 0001:00073BDC       Finalization
 0001:0002B230       Finalization
 0001:00071DE8       Finalization
 0001:0002B1F8       Finalization
 0001:0006C598       Finalization
 0001:0002B1C0       Finalization
 0001:0002B188       Finalization
 0001:0002B150       Finalization
 0001:0006C2F8       Finalization
 0001:00092B78       Finalization
 0001:0007DDD4       Finalization
 0001:0001F398       Finalization
 0001:0001F784       Finalization
 0001:0002B0E0       Finalization
 0001:0008DDDC       Finalization
 0001:00074190       Finalization
 0001:000356F8       Finalization
 0001:00049320       Finalization
 0001:0006B600       Finalization
 0001:0007EE4C       Finalization
 0001:0006B48C       Finalization
 0001:0006B454       Finalization
 0001:0006B41C       Finalization
 0001:0004F89C       Finalization
 0001:0006B3E4       Finalization
 0001:0006B344       Finalization
 0001:000684D0       Finalization
 0001:0000D820       Finalization
 0001:000055E0       Finalization
 0001:000683DC       Finalization
 0001:00067488       Finalization
 0001:00067450       Finalization
 0001:00067418       Finalization
 0001:0000632C       Finalization
 0001:000673E0       Finalization
 0001:00028224       Finalization
 0001:000054A8       Finalization
 0001:00028404       Finalization
 0001:000673A8       Finalization
 0001:0002A75C       Finalization
 0001:00062D7C       Finalization
 0001:0008E298       Finalization
 0001:00062DB4       Finalization
 0001:0003490C       Finalization
 0001:00062DEC       Finalization
 0001:00067324       Finalization
 0001:0008DE44       Finalization
 0001:00034A74       Finalization
 0001:00066FAC       Finalization
 0001:00066F74       Finalization
 0001:00066F3C       Finalization
 0001:00083510       Finalization
 0001:0002A5B0       Finalization
 0001:00066DDC       Finalization
 0001:0009245C       Finalization
 0001:00062E24       Finalization
 0001:00028968       Finalization
 0001:0008DE7C       Finalization
 0001:00028A64       Finalization
 0001:00066D78       Finalization
 0001:00005278       Finalization
 0001:000659EC       Finalization
 0001:000291E4       Finalization
 0001:00029224       Finalization
 0001:0008DEB4       Finalization
 0001:0002A28C       Finalization
 0001:0000E1EC       Finalization
 0001:0008DFB8       Finalization
 0001:000633F4       Finalization
 0001:0002A254       Finalization
 0001:000633BC       Finalization
 0001:0002A20C       Finalization
 0001:00006364       Finalization
 0001:00063324       Finalization
 0001:00004494       FinalizeArray
 0001:00002DBC       FinalizeUnits
 0001:0006B4FC       FinalPAnsiString
 0001:0006B578       FinalPWideString
 0001:0008290C       Find
 0001:0004E040       Find
 0001:00004740       FindBS
 0001:000172D0       FindClass
 0001:000046C8       FindClassHInstance
 0001:00000264       FindClose
 0001:0000575C       FindClose
 0001:00000C34       FindCommitted
 0001:00084E98       FindControl
 0001:00084E58       FindControl
 0001:00037C38       FindControl
 0001:000442A4       FindControlAtPos
 0001:00013D48       FindCustomVariantType
 0001:00013C90       FindCustomVariantType
 0001:00084FEC       FindDragTarget
 0001:00039604       FindDragTarget
 0001:0001BF14       FindExistingComponent
 0001:00005764       FindFirstFile
 0001:0000026C       FindFirstFile
 0001:000519FC       FindGlobalComponent
 0001:000176BC       FindGlobalComponent
 0001:00076BB0       FindGlobalComponent
 0002:00003860       FindGlobalComponentProcs
 0001:000046A0       FindHInstance
 0001:00017564       FindIdentToInt
 0002:00003A70       FindMsg
 0001:0001B0A4       FindNestedComponent
 0001:00084E84       FindObject
 0001:0004A288       FindPopupControl
 0001:0000DEB4       FindProc
 0001:0000576C       FindResource
 0001:00004718       FindResourceHInstance
 0001:0005B5C8       FindScanline
 0001:00051954       FindTopMostWindow
 0001:0001CDF8       FindUniqueName
 0001:000395D0       FindVCLWindow
 0001:00005CBC       FindWindow
 0001:000354D8       FindWinHelp
 0001:00025730       FixupBitFields
 0002:00000E3C       Flags
 0002:0000379C       FLanguages
 0002:00003C60       FlatCheckBoxesBmp
 0002:00003C64       FlatRadioButtonsBmp
 0001:0002A5E0       FlatSB
 0002:00003940       FlatSB_EnableScrollBar
 0002:0000394C       FlatSB_GetScrollInfo
 0002:00003950       FlatSB_GetScrollPos
 0002:00003948       FlatSB_GetScrollRange
 0002:00003958       FlatSB_SetScrollInfo
 0002:00003954       FlatSB_SetScrollPos
 0001:0002A2D0       FlatSB_SetScrollProp
 0002:0000395C       FlatSB_SetScrollRange
 0002:00003944       FlatSB_ShowScrollBar
 0001:000093EC       FloatToDecimal
 0001:0000972C       FloatToStr
 0001:00009118       FloatToText
 0001:00001C10       Flush
 0002:00001650       FLVColTitles
 0002:0000017C       FMSecsPerDay
 0001:00008AD8       FmtStr
 0002:00003D4C       FocusCount
 0002:00000E58       FocusCount
 0001:0008906C       FocusEvent
 0002:00000E54       FocusMessages
 0002:00001E64       FocusPolicy
 0002:000006F0       FontCharsets
 0001:00063048       FontColorProc
 0002:000038D8       FontManager
 0002:00000828       ForceCurrentDirectory
 0001:0008A46C       ForcePaints
 0001:000519D0       ForegroundTask
 0002:00000184       Format
 0001:00008AC4       Format
 0001:000086CC       FormatBuf
 0001:000086C0       FormatClearStr
 0001:00008644       FormatError
 0002:00000160       FormatErrorStrs
 0001:00005774       FormatMessage
 0001:0000869C       FormatVarToStr
 0001:0005BDD0       Forms
 0002:000016AC       FormStyleFlags
 0001:000932E0       formTaxLkpMain
 0002:00003D44       FormWidgetCreatedHook
 0001:00001F28       FPower10
 0002:00000824       FPrinter
 0001:0002CD84       Frame3D
 0001:00005CC4       FrameRect
 0001:0000D400       FreeAndNil
 0001:00066DB0       FreeBitmaps
 0001:0005DFF8       FreeBitmaps
 0001:0005C2AC       FreeBlinkingControlsListIfEmpty
 0001:000009A0       FreeCommitted
 0001:00000EC0       FreeCurAlloc
 0001:000396C4       FreeDeviceContext
 0001:00039780       FreeDeviceContexts
 0001:0008DDA4       FreeIconCache
 0001:0001F164       FreeIntConstList
 0001:00000274       FreeLibrary
 0001:0000577C       FreeLibrary
 0001:0002528C       FreeMemoryContexts
 0001:0001F298       FreeObjectInstance
 0001:0000578C       FreeResource
 0001:00000620       FreeSpace
 0001:0000CF6C       FreeTerminateProcs
 0001:0002A794       FreeThemeLibrary
 0002:00003AE4       FRichEditModule
 0002:00003EDC       frmTaxLkpMain
 0002:00003D50       FVisibleTLWidgets
 0002:00001FB0       gb_XMLAlphaSortProperties
 0002:00001FB4       gb_XMLRaiseInvalidPropertyClass
 0001:0002287C       GDICheck
 0001:000227D4       GDIError
 0001:00001B30       Get8087CW
 0001:00005794       GetACP
 0001:00005CCC       GetActiveWindow
 0001:000591FC       GetAnimation
 0001:0002E81C       GetBitBtnGlyph
 0001:000059D4       GetBitmapBits
 0001:000003A0       GetBlockDesc
 0001:000059DC       GetBrushOrgEx
 0001:00006144       GetBValue
 0001:00005CD4       GetCapture
 0001:000850CC       GetCaptureControl
 0001:00037F00       GetCaptureControl
 0001:0001727C       GetClass
 0001:00005CDC       GetClassInfo
 0001:00005CE4       GetClassName
 0001:00005CEC       GetClientRect
 0001:00005CF4       GetClipboardData
 0001:00023F80       GetClipboardFormats
 0001:000059E4       GetClipBox
 0001:0000033C       GetCmdShow
 0001:000479B8       GetColor
 0001:0006D658       GetColorGroupAndRole
 0001:0003082C       GetComCtlVersion
 0001:0000027C       GetCommandLine
 0001:000007EC       GetCommitted
 0001:0000087C       GetCommittedAt
 0001:00087E90       GetControlAtPos
 0001:0003ED74       GetControlAtPos
 0001:00009D00       GetCount
 0001:0000579C       GetCPInfo
 0001:000059EC       GetCurrentPositionEx
 0001:000057A4       GetCurrentProcessId
 0002:00003A24       GetCurrentThemeName
 0001:000057AC       GetCurrentThreadId
 0001:0000032C       GetCurrentThreadId
 0001:000060C8       GetCurrentTime
 0001:00005CFC       GetCursor
 0001:0005B5D8       GetCursorHeightMargin
 0001:0007CDCC       GetCursorHeightMargin
 0001:0008513C       GetCursorPos
 0001:00005D04       GetCursorPos
 0001:00009D2C       GetDate
 0001:000057B4       GetDateFormat
 0001:0000A9E4       GetDateOrder
 0001:00005D0C       GetDC
 0001:00005D14       GetDCEx
 0001:000059F4       GetDCOrgEx
 0001:00027E34       GetDefFontCharSet
 0001:0001841C       GetDesigner
 0001:00005D1C       GetDesktopWindow
 0001:00005A0C       GetDeviceCaps
 0001:000237DC       GetDIB
 0001:000059FC       GetDIBColorTable
 0001:00005A04       GetDIBits
 0001:00023724       GetDIBSizes
 0001:000229EC       GetDInColors
 0001:000057BC       GetDiskFreeSpaceA
 0002:00000130       GetDiskFreeSpaceEx
 0001:00005D24       GetDlgItem
 0001:0004555C       GetDockAlign
 0001:000388A8       GetDockSiteAtPos
 0001:00038BD4       GetDropCtl
 0001:000025B0       GetDynaMethod
 0001:0006D6D0       GetEmptyQBrush
 0001:0006D6E0       GetEmptyQFont
 0001:0006D6D8       GetEmptyQPen
 0001:00005A14       GetEnhMetaFileBits
 0001:00005A1C       GetEnhMetaFileHeader
 0001:00005A24       GetEnhMetaFilePaletteEntries
 0001:000140BC       GetEnumName
 0001:00014194       GetEnumNameValue
 0001:000141E0       GetEnumValue
 0001:0000B4C4       GetEraNamesAndYearOffsets
 0001:0000AA78       GetEraYearOffset
 0001:0000BE18       GetExceptionClass
 0001:0000BFFC       GetExceptionObject
 0001:00017204       GetFieldClassTable
 0001:0000C26C       GetFileVersion
 0001:0000592C       GetFileVersionInfo
 0001:00005934       GetFileVersionInfoSize
 0001:000149B8       GetFloatProp
 0001:00005D2C       GetFocus
 0001:000211CC       GetFontData
 0001:00005D34       GetForegroundWindow
 0001:0000CB24       GetFormatSettings
 0001:000057C4       GetFullPathName
 0001:00006140       GetGValue
 0001:00020738       GetHashCode
 0001:00056774       GetHelpInfo
 0001:000296A4       GetHelpSystem
 0001:00062B4C       GetHighLightColor
 0001:00058FE0       GetHint
 0001:0007BCB8       GetHint
 0001:0007BCF0       GetHintControl
 0001:00059018       GetHintControl
 0001:0007FB9C       GetHotkey
 0001:0004F73C       GetHotkey
 0001:00005D3C       GetIconInfo
 0001:00014DD4       GetInt64Prop
 0001:000905B0       GetIntfProp
 0001:0006B5D0       GetIntsLength
 0001:0006B5C8       GetIntsPtr
 0001:00005D54       GetKeyboardLayout
 0001:00005D5C       GetKeyboardLayoutList
 0001:00005D64       GetKeyboardState
 0001:00002214       GetKeyboardType
 0001:00005D44       GetKeyNameText
 0001:00005D4C       GetKeyState
 0001:00005D6C       GetLastActivePopup
 0001:00043824       GetLastChildZone
 0001:000057CC       GetLastError
 0001:0000B288       GetLocaleChar
 0001:00000284       GetLocaleInfo
 0001:000057DC       GetLocaleInfo
 0001:0000B23C       GetLocaleStr
 0001:000057D4       GetLocalTime
 0001:00037EBC       GetLongHint
 0001:00084C10       GetLongHint
 0001:00014660       GetLongStrProp
 0001:00005D74       GetMenu
 0001:000566FC       GetMenuHelpContext
 0001:00005D7C       GetMenuItemCount
 0001:00005D84       GetMenuItemID
 0001:00005D8C       GetMenuItemInfo
 0001:0004C88C       GetMenuSize
 0001:00005D94       GetMenuState
 0001:00005D9C       GetMenuString
 0001:00014D5C       GetMethodProp
 0001:000057E4       GetModuleFileName
 0001:0000028C       GetModuleFileName
 0001:000053A0       GetModuleHandle
 0001:00000294       GetModuleHandle
 0001:000057EC       GetModuleHandle
 0002:00003908       GetMonitorInfo
 0002:0000390C       GetMonitorInfoA
 0002:00003910       GetMonitorInfoW
 0001:0000B2EC       GetMonthDayNames
 0001:000850A4       GetMouseGrabControl
 0001:00005DA4       GetNextWindow
 0001:00005A2C       GetObject
 0001:0002B30C       GetOpenFileName
 0001:00014488       GetOrdProp
 0001:00005A34       GetPaletteEntries
 0001:00001928       GetParamStr
 0001:00005DAC       GetParent
 0001:00076AD0       GetParentForm
 0001:00051BC8       GetParentForm
 0001:00005A3C       GetPixel
 0001:0006B598       GetPointsLength
 0001:0006B590       GetPointsPtr
 0001:0000029C       GetProcAddress
 0001:000057F4       GetProcAddress
 0001:00005DB4       GetProp
 0001:00090720       GetPropAsString
 0001:00090044       getPropertyList
 0001:00014244       GetPropInfo
 0001:000142B4       GetPropInfos
 0001:00014454       GetPropList
 0001:000143B0       GetPropList
 0001:00052088       GetRealScrollPosition
 0001:00047998       GetRGBColor
 0001:0000613C       GetRValue
 0001:00005DBC       GetScrollInfo
 0001:00005DC4       GetScrollPos
 0001:00005DCC       GetScrollRange
 0001:00062C0C       GetShadowColor
 0001:00037E78       GetShortHint
 0001:00084BD0       GetShortHint
 0001:00014558       GetShortStrProp
 0001:000145F0       GetShortStrPropAsLongStr
 0001:00000544       GetSpace
 0001:000005A8       GetSpaceAt
 0001:0004A318       GetSpecialName
 0001:000002A4       GetStartupInfo
 0001:000057FC       GetStdHandle
 0001:00000224       GetStdHandle
 0001:00005A44       GetStockObject
 0001:00005804       GetStringTypeEx
 0001:00014790       GetStrProp
 0001:00005DD4       GetSubMenu
 0001:00005DDC       GetSysColor
 0001:00005DE4       GetSysColorBrush
 0001:0000580C       GetSystemInfo
 0001:00005DEC       GetSystemMenu
 0001:00005DF4       GetSystemMetrics
 0002:000038F8       GetSystemMetrics
 0001:00005A4C       GetSystemPaletteEntries
 0001:00091A20       getTagContent
 0001:00005A54       GetTextAlign
 0001:00005A5C       GetTextExtentPoint32
 0001:00005A64       GetTextMetrics
 0002:00003A1C       GetThemeAppProperties
 0002:00003988       GetThemeBackgroundContentRect
 0002:0000398C       GetThemeBackgroundExtent
 0002:0000399C       GetThemeBackgroundRegion
 0002:000039C0       GetThemeBool
 0002:000039B4       GetThemeColor
 0002:00003A28       GetThemeDocumentationProperty
 0002:000039C8       GetThemeEnumValue
 0002:000039E8       GetThemeFilename
 0002:000039D0       GetThemeFont
 0002:000039C4       GetThemeInt
 0002:000039DC       GetThemeIntList
 0002:000039D8       GetThemeMargins
 0002:000039B8       GetThemeMetric
 0002:00003990       GetThemePartSize
 0002:000039CC       GetThemePosition
 0002:000039E0       GetThemePropertyOrigin
 0002:000039D4       GetThemeRect
 0002:000039BC       GetThemeString
 0002:000039F4       GetThemeSysBool
 0002:000039EC       GetThemeSysColor
 0002:000039F0       GetThemeSysColorBrush
 0002:000039FC       GetThemeSysFont
 0002:00003A04       GetThemeSysInt
 0002:000039F8       GetThemeSysSize
 0002:00003A00       GetThemeSysString
 0002:00003994       GetThemeTextExtent
 0002:00003998       GetThemeTextMetrics
 0001:000002AC       GetThreadLocale
 0001:00005814       GetThreadLocale
 0001:0000581C       GetTickCount
 0001:00009D64       GetTime
 0001:000053CC       GetTlsSize
 0001:000597AC       GetTopMostWindows
 0001:00038008       GetTopParent
 0001:00005DFC       GetTopWindow
 0001:000140B0       GetTypeData
 0001:000137BC       GetVarDataArrayInfo
 0001:0008E5E0       getVariantDataTag
 0001:00014CDC       GetVariantProp
 0001:00000334       GetVersion
 0001:00005824       GetVersion
 0001:0000582C       GetVersionEx
 0001:000147FC       GetWideStrProp
 0001:000146E0       GetWideStrPropAsLongStr
 0001:00005E04       GetWindow
 0001:00005E0C       GetWindowDC
 0001:00005E14       GetWindowLong
 0001:00005A74       GetWindowOrgEx
 0001:00005E1C       GetWindowPlacement
 0001:00005E24       GetWindowRect
 0001:00005E2C       GetWindowText
 0002:00003A10       GetWindowTheme
 0001:00005E34       GetWindowThreadProcessId
 0001:00005E3C       GetWindowThreadProcessId
 0001:00005A6C       GetWinMetaFileBits
 0002:00001EA8       GFilePreviewers
 0002:00001648       GIconProvider16
 0002:0000164C       GIconProvider32
 0001:00005834       GlobalAddAtom
 0001:0000583C       GlobalAlloc
 0001:000060D4       GlobalAllocPtr
 0001:00005844       GlobalDeleteAtom
 0001:0000584C       GlobalFindAtom
 0002:00003864       GlobalFixupList
 0001:0001B1EC       GlobalFixupReferences
 0001:00005854       GlobalFree
 0001:00006100       GlobalFreePtr
 0001:00005864       GlobalHandle
 0001:0000585C       GlobalLock
 0002:00003848       GlobalNameSpace
 0001:0000586C       GlobalReAlloc
 0001:000060E4       GlobalReAllocPtr
 0001:00005874       GlobalUnlock
 0002:00000B0C       GlyphCache
 0001:000282F8       Graphics
 0001:00062CFC       GraphUtil
 0001:00062474       Grids
 0001:000173F8       GroupDescendentsWith
 0002:00003EC4       GUpcaseLUT
 0002:00003DC4       GUpcaseTable
 0001:0000ECCC       HandleConversionException
 0001:0005697C       HandleEdge
 0001:0001C650       HandleException
 0002:00000024       HeapAllocFlags
 0002:000035C4       heapErrorCode
 0002:000035C8       heapLock
 0001:0002A24C       HelpIntfs
 0002:00003934       HelpManager
 0002:00003A6C       HelpMsg
 0002:00003B08       HelpViewer
 0002:00003B0C       HelpViewerIntf
 0002:0000012C       HexDisplayPrefix
 0002:00000BDC       HideSelections
 0001:000455D8       HideZone
 0002:00003664       HInstance
 0002:00003BC4       HintDoneEvent
 0001:000590E8       HintGetMsgHook
 0002:00003BC8       HintHook
 0001:0005908C       HintMouseThread
 0002:00003BCC       HintThread
 0002:00003BC0       HintThreadID
 0001:00059038       HintTimerProc
 0002:0000168C       HintWindowClass
 0002:00000E4C       HintWindowClass
 0002:000039A0       HitTestThemeBackground
 0001:0005912C       HookHintHooks
 0001:0005C6B0       HSLtoColor
 0001:0006279C       HueToRGB
 0001:00006234       HwndMSWheel
 0002:00000DE0       IBreaks
 0002:00000DEC       IChecks
 0002:00000DF4       IDefaults
 0001:000211BC       IdentToCharset
 0001:00020FB4       IdentToColor
 0001:0006E0C4       IdentToColor
 0001:00037E68       IdentToCursor
 0001:00084E48       IdentToCursor
 0001:000175E0       IdentToInt
 0002:00000DFC       IEnables
 0001:000805E4       IfHotkeyAvailable
 0001:0004D630       IfHotkeyAvailable
 0002:00003B9C       ImageListWriteExProc
 0001:000289B8       ImageList_Add
 0001:000289D8       ImageList_AddIcon
 0001:00028A04       ImageList_BeginDrag
 0001:000289A0       ImageList_Create
 0001:000289A8       ImageList_Destroy
 0001:00028A14       ImageList_DragEnter
 0001:00028A1C       ImageList_DragLeave
 0001:00028A24       ImageList_DragMove
 0001:00028A34       ImageList_DragShowNolock
 0001:000289E4       ImageList_Draw
 0001:000289F4       ImageList_DrawEx
 0001:00028A0C       ImageList_EndDrag
 0001:000289D0       ImageList_GetBkColor
 0001:00028A3C       ImageList_GetDragImage
 0001:00028A54       ImageList_GetIconSize
 0001:000289B0       ImageList_GetImageCount
 0001:00028A44       ImageList_Read
 0001:000289FC       ImageList_Remove
 0001:000289EC       ImageList_Replace
 0001:000289C0       ImageList_ReplaceIcon
 0001:000289C8       ImageList_SetBkColor
 0001:00028A2C       ImageList_SetDragCursorImage
 0001:00028A5C       ImageList_SetIconSize
 0001:00028A4C       ImageList_Write
 0002:00000D50       Images
 0001:00049350       ImgList
 0001:00029254       Imm
 0002:00000D34       IMM32DLL
 0001:000461C8       Imm32IsIME
 0002:00000180       IMSecsPerDay
 0001:0000F058       InBounds
 0001:0000EDB8       InBounds
 0001:0000EDE8       Increment
 0001:0000F088       Increment
 0001:00085504       InDragDropOperation
 0001:0006E0D4       InflateRect
 0001:00005E44       InflateRect
 0001:00030620       IniFiles
 0001:00000A2C       InitAllocator
 0001:00028A9C       InitAnApi
 0002:00003920       InitApis
 0001:00017888       InitComponent
 0002:00003634       InitContext
 0001:00046264       InitControls
 0001:00027E78       InitDefFontData
 0002:00001E90       InitDevice
 0001:0000CF8C       InitDriveSpacePtr
 0001:0000C0D8       InitExceptions
 0001:0002A32C       InitFlatSB
 0001:0002C840       InitGlobals
 0002:00001E4C       InitialDragControl
 0001:000235DC       InitializeBitmapInfoHeader
 0001:00000380       InitializeCriticalSection
 0001:0000587C       InitializeCriticalSection
 0002:000035C0       initialized
 0001:0002A304       InitializeFlatSB
 0001:00005458       InitializeModule
 0001:0006C280       InitializePAnsiString
 0001:0006C298       InitializePIntArray
 0001:0006C290       InitializePPointArray
 0001:0006C288       InitializePWideString
 0001:0000DEE0       InitializeVarUtils
 0001:00045E68       InitIMM32
 0001:00017930       InitInheritedComponent
 0001:0000C938       InitLeadBytes
 0001:00029178       InitMultiMonStubs
 0001:0006B4E0       InitPAnsiString
 0001:0000C1DC       InitPlatformId
 0002:00003040       InitProc
 0001:0005BCE8       InitProcs
 0001:0006B55C       InitPWideString
 0001:00027DFC       InitScreenLogPixels
 0001:00071CF0       InitScreenLogPixels
 0001:0000C9B0       InitSysLocale
 0001:0002A954       InitThemeLibrary
 0001:0001DF5C       InitThreadSynchronization
 0001:000053D4       InitThreadTLS
 0001:00002E1C       InitUnits
 0001:00037B4C       InitWndProc
 0002:00000CD4       InnerStyles
 0002:0000304C       Input
 0001:00087560       InsertBefore
 0001:0003D5B0       InsertBefore
 0001:00058B10       InsertBefore
 0001:00000E38       InsertFree
 0001:000806D0       InsertHotkeyFarEastFormat
 0001:0004D6E4       InsertHotkeyFarEastFormat
 0001:00005E4C       InsertMenu
 0001:00005E54       InsertMenuItem
 0001:000816EC       InsertMerged
 0002:00003880       InstBlockList
 0002:00003884       InstFreeList
[...]
   886 0001:0008E2D4   887 0001:0008E2E7   891 0001:0008E2F6   892 0001:0008E300

Line numbers for FastStringFuncs(FastStringFuncs.pas) segment .text

   153 0001:0008E304   154 0001:0008E310   155 0001:0008E334   158 0001:0008E33D
   159 0001:0008E33E   160 0001:0008E33F   161 0001:0008E340   162 0001:0008E346
   163 0001:0008E347   164 0001:0008E34A   165 0001:0008E34C   166 0001:0008E34F
   168 0001:0008E352   169 0001:0008E355   170 0001:0008E357   171 0001:0008E359
   175 0001:0008E35C   177 0001:0008E35D   178 0001:0008E35F   179 0001:0008E360
   180 0001:0008E363   181 0001:0008E365   182 0001:0008E369   186 0001:0008E36B
   188 0001:0008E36C   189 0001:0008E36E   190 0001:0008E36F   191 0001:0008E372
   192 0001:0008E374   193 0001:0008E376   194 0001:0008E378   195 0001:0008E379
   196 0001:0008E37B   197 0001:0008E37C   199 0001:0008E37E   200 0001:0008E381
   201 0001:0008E384   202 0001:0008E388   206 0001:0008E38A   208 0001:0008E38B
   209 0001:0008E38D   210 0001:0008E38E   211 0001:0008E391   212 0001:0008E393
   213 0001:0008E395   214 0001:0008E397   215 0001:0008E398   217 0001:0008E39A
   218 0001:0008E39D   222 0001:0008E39F   224 0001:0008E3A0   225 0001:0008E3A2
   226 0001:0008E3A3   227 0001:0008E3A6   228 0001:0008E3A9   230 0001:0008E3AB
   231 0001:0008E3AC   232 0001:0008E3AD   234 0001:0008E3AE   241 0001:0008E3B4
   256 0001:0008E3C0   257 0001:0008E3E4   259 0001:0008E3E9   260 0001:0008E3EA
   261 0001:0008E3EB   263 0001:0008E3EC   265 0001:0008E3EF   266 0001:0008E3F2
   268 0001:0008E3F4   269 0001:0008E3F6   271 0001:0008E3FC   272 0001:0008E3FF
   274 0001:0008E402   276 0001:0008E404   278 0001:0008E405   281 0001:0008E407
   282 0001:0008E408   285 0001:0008E40E   287 0001:0008E40F   288 0001:0008E411
   290 0001:0008E413   291 0001:0008E418   292 0001:0008E41B   293 0001:0008E41E
   294 0001:0008E423   295 0001:0008E426   296 0001:0008E429   297 0001:0008E42E
   298 0001:0008E431   299 0001:0008E434   304 0001:0008E439   305 0001:0008E43B
   307 0001:0008E43D   308 0001:0008E43F   309 0001:0008E441   311 0001:0008E443
   313 0001:0008E445   314 0001:0008E448   316 0001:0008E44A   318 0001:0008E44D
   320 0001:0008E44F   322 0001:0008E451   325 0001:0008E455   326 0001:0008E458
   327 0001:0008E45A   328 0001:0008E45D   330 0001:0008E45E   331 0001:0008E461
   334 0001:0008E463   339 0001:0008E465   340 0001:0008E467   341 0001:0008E469
   342 0001:0008E46B   343 0001:0008E46D   344 0001:0008E46F   347 0001:0008E471
   348 0001:0008E473   349 0001:0008E475   350 0001:0008E477   351 0001:0008E479
   352 0001:0008E47B   355 0001:0008E47D   356 0001:0008E47F   358 0001:0008E481
   361 0001:0008E482   362 0001:0008E484   363 0001:0008E486   364 0001:0008E488
   365 0001:0008E48A   366 0001:0008E48C   369 0001:0008E48E   370 0001:0008E490
   374 0001:0008E492   375 0001:0008E494   376 0001:0008E496   379 0001:0008E498
   380 0001:0008E49A   383 0001:0008E49C   386 0001:0008E49D   387 0001:0008E49E
   388 0001:0008E49F   392 0001:0008E4A0   393 0001:0008E4AB   854 0001:0008E4E0
   854 0001:0008E4E7

Line numbers for XMLVariants(XMLVariants.pas) segment .text

   126 0001:0008E5E0   127 0001:0008E615   128 0001:0008E620   130 0001:0008E630
   132 0001:0008E63C   133 0001:0008E640   134 0001:0008E681   135 0001:0008E68E
   142 0001:0008E6A0   145 0001:0008E6B0   146 0001:0008E6C6   153 0001:0008E6CC
   155 0001:0008E6D8   156 0001:0008E6EA   157 0001:0008E6F8   158 0001:0008E703
   160 0001:0008E714   165 0001:0008E724   169 0001:0008E731   170 0001:0008E737
   171 0001:0008E74D   172 0001:0008E79C   177 0001:0008E808   178 0001:0008E825
   179 0001:0008E85C   180 0001:0008E895   226 0001:0008E8CC   227 0001:0008E8F0
   228 0001:0008E8FA   229 0001:0008E901   230 0001:0008E924   231 0001:0008E92B
   232 0001:0008E944   233 0001:0008E98D   243 0001:0008E9A4   246 0001:0008E9D8
   248 0001:0008E9F2   252 0001:0008EA0C   260 0001:0008EA31   262 0001:0008EA3F
   263 0001:0008EA51   264 0001:0008EA5F   266 0001:0008EA81   274 0001:0008EAE9
   280 0001:0008EB50   281 0001:0008EB68   282 0001:0008EB71   283 0001:0008EB92
   286 0001:0008EB98   287 0001:0008EBB1   288 0001:0008EBF1   291 0001:0008EC38
   292 0001:0008EC5A   296 0001:0008ECE3   299 0001:0008ED2C   300 0001:0008ED2F
   301 0001:0008ED37   304 0001:0008ED3C   305 0001:0008ED55   306 0001:0008ED9A
   314 0001:0008EDC8   315 0001:0008EDEF   316 0001:0008EDF7   317 0001:0008EE05
   318 0001:0008EE13   319 0001:0008EE1F   321 0001:0008EE3E   322 0001:0008EE55
   324 0001:0008EE81   328 0001:0008EF04   330 0001:0008EF1F   332 0001:0008EF39
   334 0001:0008EF5A   336 0001:0008EF7B   338 0001:0008EF98   340 0001:0008EFB5
   342 0001:0008EFD0   344 0001:0008EFEC   347 0001:0008F006   349 0001:0008F021
   351 0001:0008F03C   353 0001:0008F054   357 0001:0008F06E   359 0001:0008F085
   370 0001:0008F0A5   372 0001:0008F0D1   319 0001:0008F0D2   374 0001:0008F0E6
   376 0001:0008F0F9   377 0001:0008F136   380 0001:0008F17C   381 0001:0008F17F
   382 0001:0008F187   385 0001:0008F18C   386 0001:0008F18F   387 0001:0008F197
   392 0001:0008F19C   393 0001:0008F1A8   394 0001:0008F1AD   396 0001:0008F1C1
   397 0001:0008F1CD   398 0001:0008F1D7   400 0001:0008F1F0   401 0001:0008F1F2
   403 0001:0008F1F4   404 0001:0008F200   394 0001:0008F201   405 0001:0008F208
   408 0001:0008F210   409 0001:0008F229   410 0001:0008F272   415 0001:0008F2A8
   416 0001:0008F2C9   417 0001:0008F2EE   419 0001:0008F303   420 0001:0008F31B
   417 0001:0008F31E   421 0001:0008F321   422 0001:0008F357   428 0001:0008F360
   429 0001:0008F3A4   430 0001:0008F3AD   431 0001:0008F3B8   432 0001:0008F3FF
   438 0001:0008F42C   439 0001:0008F44D   440 0001:0008F475   442 0001:0008F487
   443 0001:0008F4B8   444 0001:0008F4E9   440 0001:0008F4EA   445 0001:0008F4ED
   446 0001:0008F547   454 0001:0008F550   455 0001:0008F575   456 0001:0008F580
   457 0001:0008F58E   458 0001:0008F59A   460 0001:0008F5B9   462 0001:0008F5D0
   465 0001:0008F5DD   469 0001:0008F65D   471 0001:0008F683   473 0001:0008F692
   475 0001:0008F6A2   477 0001:0008F6B2   479 0001:0008F6C2   481 0001:0008F6D2
   483 0001:0008F6EE   487 0001:0008F706   489 0001:0008F71B   491 0001:0008F734
   493 0001:0008F754   497 0001:0008F764   499 0001:0008F770   510 0001:0008F785
   458 0001:0008F786   512 0001:0008F79A   514 0001:0008F7CF   517 0001:0008F7D8
   518 0001:0008F7E1   519 0001:0008F7EF   521 0001:0008F7FB   522 0001:0008F804
   523 0001:0008F80D   528 0001:0008F814   529 0001:0008F836   530 0001:0008F83D
   531 0001:0008F875   534 0001:0008F87C   535 0001:0008F89B   536 0001:0008F913
   541 0001:0008F930   542 0001:0008F94C   543 0001:0008F953   544 0001:0008F996
   547 0001:0008F9C4   548 0001:0008F9DD   549 0001:0008FA13   554 0001:0008FA30
   555 0001:0008FA4B   556 0001:0008FA57   557 0001:0008FA9D   560 0001:0008FAA4
   561 0001:0008FABF   562 0001:0008FB0C   567 0001:0008FB14   568 0001:0008FB20
   569 0001:0008FB25   571 0001:0008FB39   572 0001:0008FB45   573 0001:0008FB4F
   575 0001:0008FB68   576 0001:0008FB6A   578 0001:0008FB6C   579 0001:0008FB78
   569 0001:0008FB79   580 0001:0008FB80   585 0001:0008FB88   586 0001:0008FBAA
   587 0001:0008FBB1   588 0001:0008FBE9   593 0001:0008FBF0   594 0001:0008FC0C
   595 0001:0008FC13   596 0001:0008FC56   601 0001:0008FC8C   603 0001:0008FCB6
   605 0001:0008FCC0   607 0001:0008FCC4   610 0001:0008FCDA   612 0001:0008FCDE
   615 0001:0008FCF5   617 0001:0008FCF9   619 0001:0008FD0C   620 0001:0008FD26
   622 0001:0008FD2A   623 0001:0008FD44   625 0001:0008FD48   617 0001:0008FD49
   627 0001:0008FD6D   643 0001:0008FDA4   643 0001:0008FDAB

Line numbers for XMLWorks2(XMLWorks2.pas) segment .text

   317 0001:0009003C   318 0001:0009003E   319 0001:00090041   328 0001:00090044
   329 0001:0009004F   330 0001:0009005E   331 0001:0009006C   332 0001:00090077
   334 0001:0009007F   335 0001:00090091   336 0001:0009009F   338 0001:000900B3
   340 0001:000900BC   341 0001:000900D3   340 0001:000900EF   345 0001:000900F7
   347 0001:00090101   348 0001:00090114   349 0001:0009013F   347 0001:00090161
   351 0001:00090164   352 0001:00090177   351 0001:000901A6   354 0001:000901A9
   355 0001:000901BE   356 0001:000901CC   354 0001:000901D7   362 0001:000901E9
   366 0001:00090208   367 0001:00090210   369 0001:0009021D   377 0001:00090228
   378 0001:00090244   379 0001:0009024D   381 0001:0009025F   382 0001:00090275
   384 0001:00090289   385 0001:000902A5   387 0001:000902E6   379 0001:000902E7
   388 0001:00090311   394 0001:0009033C   395 0001:0009035D   396 0001:00090366
   399 0001:00090389   400 0001:0009039A   401 0001:000903B9   404 0001:000903BE
   405 0001:000903DA   407 0001:00090412   409 0001:00090464   411 0001:000904DD
   412 0001:000904F7   413 0001:00090505   416 0001:00090522   404 0001:00090523
   417 0001:0009052B   418 0001:0009056E   429 0001:00090598   430 0001:000905A1
   431 0001:000905AA   439 0001:000905B0   440 0001:000905B1   441 0001:000905B2
   443 0001:000905B4   444 0001:000905B7   445 0001:000905BD   446 0001:000905BF
   448 0001:000905C1   449 0001:000905C4   450 0001:000905C8   451 0001:000905CA
   454 0001:000905CC   455 0001:000905CF   456 0001:000905D1   457 0001:000905D3
   460 0001:000905D6   461 0001:000905D8   464 0001:000905DB   465 0001:000905E1
   466 0001:000905E3   467 0001:000905E5   469 0001:000905E7   472 0001:000905EC
   473 0001:000905ED   474 0001:000905EE   479 0001:000905F0   480 0001:00090617
   482 0001:0009061D   483 0001:00090633   484 0001:00090639   488 0001:00090668
   493 0001:00090680   494 0001:000906AF   496 0001:000906B5   497 0001:000906CB
   498 0001:000906D1   500 0001:00090709   508 0001:00090720   509 0001:0009074B
   510 0001:00090752   514 0001:000907AD   515 0001:000907CB   516 0001:000907DB
   517 0001:000907F9   519 0001:00090814   521 0001:0009082F   524 0001:00090846
   525 0001:00090864   527 0001:00090893   529 0001:000908A8   530 0001:000908C6
   531 0001:000908E2   532 0001:00090900   533 0001:0009091C   534 0001:0009093A
   536 0001:00090956   537 0001:00090972   539 0001:0009098D   540 0001:000909AF
   543 0001:000909D5   544 0001:000909E0   546 0001:000909E8   547 0001:00090A02
   548 0001:00090A11   549 0001:00090A22   550 0001:00090A30   551 0001:00090A41
   552 0001:00090A4F   553 0001:00090A60   554 0001:00090A6D   555 0001:00090A7E
   556 0001:00090A8F   557 0001:00090AA0   559 0001:00090AC1   560 0001:00090ACA
   564 0001:00090B05   566 0001:00090B62   575 0001:00090C30   577 0001:00090C5B
   583 0001:00090C8B   587 0001:00090CEA   588 0001:00090D06   589 0001:00090D17
   590 0001:00090D38   592 0001:00090D54   595 0001:00090D70   596 0001:00090D8C
   598 0001:00090DB4   600 0001:00090DD7   601 0001:00090DF3   602 0001:00090E1B
   603 0001:00090E3C   604 0001:00090E64   605 0001:00090E85   607 0001:00090EAD
   611 0001:00090ED5   612 0001:00090EE2   613 0001:00090EEC   616 0001:00090EFE
   619 0001:00090F21   621 0001:00090F58   624 0001:00090F7D   625 0001:00090F8B
   626 0001:00090F97   628 0001:00090F9F   629 0001:00090FB9   630 0001:00090FC8
   631 0001:00090FD9   632 0001:00090FE4   633 0001:00090FF5   634 0001:00091000
   635 0001:00091011   636 0001:0009101C   637 0001:0009102D   638 0001:0009103B
   639 0001:0009104C   642 0001:0009107B   643 0001:0009107D   647 0001:000910C3
   658 0001:00091114   667 0001:000911D0   668 0001:000911F2   669 0001:000911FA
   670 0001:00091209   671 0001:00091217   672 0001:00091226   673 0001:00091234
   675 0001:0009124B   677 0001:00091261   678 0001:000912C0   673 0001:000912C1
   679 0001:000912C4   681 0001:000912DC   684 0001:000912F9   686 0001:00091333
   827 0001:00091360   828 0001:00091374   829 0001:00091377   830 0001:00091390
   832 0001:000913AA   833 0001:000913BA   835 0001:000913C3   837 0001:000913F6
   839 0001:000913FB   842 0001:000913FD   843 0001:0009140B   849 0001:00091414
   850 0001:00091429   851 0001:0009142B   852 0001:00091433   853 0001:0009143E
   854 0001:00091448   856 0001:00091453   858 0001:00091469   859 0001:0009147D
   861 0001:00091481   862 0001:0009148A   863 0001:0009149F   865 0001:000914A3
   866 0001:000914BC   869 0001:000914CA   872 0001:000914CC   873 0001:000914CE
   910 0001:000914D8   911 0001:000914FF   912 0001:00091507   914 0001:00091510
   916 0001:0009153D   918 0001:00091541   920 0001:00091568   922 0001:0009156F
   924 0001:00091574   925 0001:0009157B   929 0001:000915A3   930 0001:000915CA
   933 0001:000915F0   934 0001:000915F6   935 0001:000915FD   936 0001:00091601
   938 0001:00091603   940 0001:00091649   949 0001:00091654   950 0001:0009167B
   951 0001:00091686   952 0001:0009168B   953 0001:00091692   954 0001:0009169A
   956 0001:000916AB   957 0001:000916C3   959 0001:000916CD   961 0001:000916D6
   962 0001:000916EE   964 0001:000916F9   965 0001:0009170B   967 0001:00091713
   968 0001:0009171A   969 0001:00091723   971 0001:00091728   972 0001:0009173D
   974 0001:00091744   976 0001:0009174F   977 0001:00091760   979 0001:00091764
   980 0001:0009176F   982 0001:00091778   983 0001:0009177C   985 0001:00091788
   987 0001:00091792   989 0001:00091798   990 0001:000917B7   993 0001:000917C8
   997 0001:000917F1  1003 0001:00091820  1004 0001:00091852  1005 0001:00091860
  1006 0001:00091867  1008 0001:0009186D  1009 0001:00091884  1010 0001:00091896
  1011 0001:000918A2  1013 0001:000918BD  1014 0001:000918C2  1017 0001:000918F6
  1018 0001:000918FD  1019 0001:000918FF  1021 0001:0009195F  1024 0001:000919B0
  1025 0001:000919C6  1026 0001:00091A09  1032 0001:00091A20  1033 0001:00091A44
  1034 0001:00091A4B  1035 0001:00091A52  1036 0001:00091A59  1037 0001:00091A72
  1039 0001:00091A85  1040 0001:00091A9E  1042 0001:00091AAA  1043 0001:00091ABB
  1045 0001:00091AC1  1047 0001:00091AE1  1048 0001:00091AEF  1049 0001:00091B1B
  1060 0001:00091B5C  1061 0001:00091B63  1062 0001:00091B79  1063 0001:00091B87
  1065 0001:00091B9E  1067 0001:00091BAE  1073 0001:00091BB4  1074 0001:00091BC0
  1075 0001:00091BC4  1076 0001:00091BDA  1077 0001:00091BE4  1078 0001:00091C02
  1079 0001:00091C10  1080 0001:00091C1A  1081 0001:00091C25  1083 0001:00091C3F
  1085 0001:00091C52  1090 0001:00091C94  1091 0001:00091C9E  1092 0001:00091CA5
  1094 0001:00091CB0  1095 0001:00091CC3  1096 0001:00091CD1  1098 0001:00091CE8
  1101 0001:00091CF8  1109 0001:00091D00  1110 0001:00091D0C  1111 0001:00091D10
  1113 0001:00091D26  1114 0001:00091D2D  1116 0001:00091D44  1117 0001:00091D4F
  1118 0001:00091D63  1119 0001:00091D71  1120 0001:00091D7E  1122 0001:00091D95
  1124 0001:00091DA8  1130 0001:00091DEC  1131 0001:00091E01  1132 0001:00091E21
  1135 0001:00091E28  1136 0001:00091E2E  1137 0001:00091E40  1210 0001:00091E44
  1211 0001:00091E65  1212 0001:00091E6D  1213 0001:00091E7C  1214 0001:00091E8A
  1215 0001:00091E9F  1216 0001:00091EA9  1218 0001:00091EC8  1219 0001:00091F0F
  1216 0001:00091F12  1220 0001:00091F15  1222 0001:00091F2D  1224 0001:00091F5F
  1227 0001:00091F8C  1228 0001:00091F95  1229 0001:00091F9D  1232 0001:00091FA4
  1233 0001:00091FAD  1234 0001:00091FB6  1262 0001:00091FBC  1263 0001:00091FDE
  1264 0001:00092065  1267 0001:00092088  1268 0001:000920A5  1269 0001:0009210A
  1273 0001:00092134  1274 0001:0009213D  1275 0001:00092151  1278 0001:00092158
  1279 0001:0009217F  1280 0001:000921B6  1283 0001:000921BC  1284 0001:000921E1
  1285 0001:00092228  1291 0001:00092250  1292 0001:00092272  1294 0001:00092279
  1296 0001:00092283  1297 0001:0009228A  1299 0001:00092290  1300 0001:000922A6
  1302 0001:000922B7  1304 0001:000922C3  1305 0001:000922D0  1307 0001:000922E1
  1310 0001:000922FC  1311 0001:00092301  1312 0001:00092337  1315 0001:00092358
  1316 0001:00092373  1317 0001:000923B4  1383 0001:000923BC  1384 0001:000923C5
  1385 0001:000923CE  1388 0001:000923D4  1389 0001:000923E3  1390 0001:0009243D
  1403 0001:00092450  1404 0001:00092453  1405 0001:00092458  1616 0001:0009248C
  1616 0001:00092493

Line numbers for classXTaxTable(classXTaxTable.pas) segment .text

    73 0001:00092728    74 0001:00092756    75 0001:00092762    76 0001:00092767
    77 0001:0009276F    78 0001:0009277D    79 0001:0009278C    80 0001:00092797
    81 0001:0009279C    83 0001:000927BB    84 0001:000927D9    85 0001:000927FD
    86 0001:00092826    88 0001:0009284F    90 0001:00092859    91 0001:0009286E
    92 0001:00092892    93 0001:0009289D    94 0001:000928CB    95 0001:000928D6
    96 0001:00092904    97 0001:0009290F   100 0001:0009293A   103 0001:00092945
    81 0001:00092946   105 0001:0009295A   107 0001:00092994   113 0001:0009299C
   114 0001:000929A6   116 0001:000929C1   117 0001:000929CD   119 0001:000929E7
   114 0001:000929E8   120 0001:000929ED   127 0001:000929F8   129 0001:00092A01
   130 0001:00092A07   132 0001:00092A15   134 0001:00092A22   137 0001:00092A50
   138 0001:00092A5D   139 0001:00092A6A   140 0001:00092A98   141 0001:00092AB0
   142 0001:00092AB6   143 0001:00092ACE   144 0001:00092AD4   147 0001:00092AE3
   148 0001:00092AEE   152 0001:00092B04   153 0001:00092B07   157 0001:00092B08
   158 0001:00092B0B   161 0001:00092B0C   162 0001:00092B0F   163 0001:00092B1B
   166 0001:00092B20   167 0001:00092B23   168 0001:00092B2F   172 0001:00092B34
   173 0001:00092B37   178 0001:00092B38   179 0001:00092B3B   180 0001:00092B47
   183 0001:00092B4C   184 0001:00092B4F   185 0001:00092B5B   188 0001:00092B60
   189 0001:00092B63   190 0001:00092B6F   194 0001:00092B74   195 0001:00092B77
   201 0001:00092B78   202 0001:00092B9B   204 0001:00092BBA   197 0001:00092BBC
   198 0001:00092BC8   200 0001:00092BDF

Line numbers for formTaxLkpMain(formTaxLkpMain.pas) segment .text

    49 0001:00092E98    50 0001:00092EB0    51 0001:00092EDD    52 0001:00092EEC
    54 0001:00092EF5    55 0001:00092F29    58 0001:00092F44    59 0001:00092F5E
    60 0001:00092F86    61 0001:00092F99    62 0001:00092FA8    63 0001:00092FC5
    64 0001:00093001    67 0001:0009301C    68 0001:0009301F    69 0001:0009302F
    70 0001:00093034    73 0001:00093038    74 0001:0009303B    75 0001:00093040
    78 0001:00093044    79 0001:00093060    80 0001:0009308E    81 0001:000930A5
    82 0001:000930CD    85 0001:000930F8    86 0001:000930FE    87 0001:0009310C
    88 0001:00093117    93 0001:0009311C    94 0001:0009313D    95 0001:00093145
    97 0001:00093159    98 0001:0009318C   101 0001:000931B9   102 0001:000931E4
   103 0001:00093242   106 0001:00093258   107 0001:0009325E   108 0001:0009327A
   109 0001:00093281   113 0001:00093284   114 0001:0009328A   115 0001:000932A6
   116 0001:000932AD   118 0001:000932E0   118 0001:000932E7

Line numbers for TaxLkp(C:\dev\TaxLkp\src\TaxLkp.dpr) segment .text

    10 0001:00093728    11 0001:00093738    12 0001:00093744    13 0001:00093755
    14 0001:0009376D    15 0001:00093779

Bound resource files

c:\delphi7\Lib\Buttons.res
c:\delphi7\Lib\ExtDlgs.res
c:\delphi7\Lib\Controls.res
c:\delphi7\RC25\SourceD7\RzBtnBmp.res
c:\delphi7\RC25\SourceD7\RzLabel.res
c:\delphi7\RC25\SourceD7\RzRadChk.res
c:\delphi7\RC25\SourceD7\RzLstBox.res
c:\delphi7\RC25\SourceD7\RzCmboBx.res
c:\delphi7\RC25\SourceD7\RzSplit.res
c:\delphi7\RC25\SourceD7\RzSplMsg.res
c:\delphi7\RealVCL\XiButton.res
c:\delphi7\Lib\FileCtrl.res
c:\delphi7\Lib\QButtons.res
c:\delphi7\Lib\QFileCtrls.res
c:\delphi7\Lib\QFileDialog.xfm
c:\delphi7\Lib\QDialogs.res
c:\delphi7\RC25\SourceD7\RzTreeVw.res
c:\delphi7\RC25\SourceD7\RzFilBmp.res
c:\delphi7\RC25\SourceD7\RzFilSys.res
c:\delphi7\RC25\SourceD7\RzSelDir.res
c:\delphi7\RC25\SourceD7\RzDirFrm.DFM
formTaxLkpMain.dfm
TaxLkp.res
TaxLkp.drf


Program entry point at 0001:00093728
